117.192.75.241 - - [26/Jan/2014:14:28:20 +0300] "GET /analytics/plugins/Zeitgeist/images/smileyprog_3.png HTTP/1.1" 200 4589 "http://5.45.183.91/analytics/index.php?module=CoreHome&action=index&idSite=1&period=day&date=yesterday" "Mozilla/5.0 (X11; Linux x86_64; rv:21.0) Gecko/20100101 Firefox/21.0"
117.192.75.241 - - [26/Jan/2014:14:28:20 +0300] "GET /analytics/plugins/Zeitgeist/images/smileyprog_4.png HTTP/1.1" 200 4733 "http://5.45.183.91/analytics/index.php?module=CoreHome&action=index&idSite=1&period=day&date=yesterday" "Mozilla/5.0 (X11; Linux x86_64; rv:21.0) Gecko/20100101 Firefox/21.0"
::1 - - [26/Jan/2014:14:28:22 +0300] "OPTIONS * HTTP/1.0" 200 - "-" "Apache/2.2.15 (CentOS) (internal dummy connection)"
::1 - - [26/Jan/2014:14:28:23 +0300] "OPTIONS * HTTP/1.0" 200 - "-" "Apache/2.2.15 (CentOS) (internal dummy connection)"
::1 - - [26/Jan/2014:14:28:24 +0300] "OPTIONS * HTTP/1.0" 200 - "-" "Apache/2.2.15 (CentOS) (internal dummy connection)"
117.192.75.241 - - [26/Jan/2014:14:28:28 +0300] "GET /analytics/index.php?module=CoreAdminHome HTTP/1.1" 302 - "http://5.45.183.91/analytics/index.php?module=CoreHome&action=index&idSite=1&period=day&date=yesterday" "Mozilla/5.0 (X11; Linux x86_64; rv:21.0) Gecko/20100101 Firefox/21.0"
117.192.75.241 - - [26/Jan/2014:14:28:28 +0300] "GET /analytics/index.php?module=UsersManager&action=userSettings&idSite=1&period=day&date=yesterday HTTP/1.1" 200 31644 "http://5.45.183.91/analytics/index.php?module=CoreHome&action=index&idSite=1&period=day&date=yesterday" "Mozilla/5.0 (X11; Linux x86_64; rv:21.0) Gecko/20100101 Firefox/21.0"
117.192.75.241 - - [26/Jan/2014:14:28:29 +0300] "GET /analytics/index.php?module=Proxy&action=getCss&cb=219186aa9dd2a091766c8ff6608738cc HTTP/1.1" 200 33943 "http://5.45.183.91/analytics/index.php?module=UsersManager&action=userSettings&idSite=1&period=day&date=yesterday" "Mozilla/5.0 (X11; Linux x86_64; rv:21.0) Gecko/20100101 Firefox/21.0"
117.192.75.241 - - [26/Jan/2014:14:28:29 +0300] "GET /analytics/index.php?module=Proxy&action=getNonCoreJs&cb=219186aa9dd2a091766c8ff6608738cc HTTP/1.1" 200 63 "http://5.45.183.91/analytics/index.php?module=UsersManager&action=userSettings&idSite=1&period=day&date=yesterday" "Mozilla/5.0 (X11; Linux x86_64; rv:21.0) Gecko/20100101 Firefox/21.0"
117.192.75.241 - - [26/Jan/2014:14:28:29 +0300] "GET /analytics/index.php?module=Proxy&action=getCoreJs&cb=219186aa9dd2a091766c8ff6608738cc HTTP/1.1" 200 316399 "http://5.45.183.91/analytics/index.php?module=UsersManager&action=userSettings&idSite=1&period=day&date=yesterday" "Mozilla/5.0 (X11; Linux x86_64; rv:21.0) Gecko/20100101 Firefox/21.0"
::1 - - [26/Jan/2014:14:28:52 +0300] "OPTIONS * HTTP/1.0" 200 - "-" "Apache/2.2.15 (CentOS) (internal dummy connection)"
117.192.75.241 - - [26/Jan/2014:14:28:52 +0300] "GET /analytics/plugins/Morpheus/images/forms-sprite.png HTTP/1.1" 200 1758 "http://5.45.183.91/analytics/index.php?module=Proxy&action=getCss&cb=219186aa9dd2a091766c8ff6608738cc" "Mozilla/5.0 (X11; Linux x86_64; rv:21.0) Gecko/20100101 Firefox/21.0"
117.192.75.241 - - [26/Jan/2014:14:29:10 +0300] "GET /analytics/index.php?module=SitesManager&action=index&idSite=1&period=day&date=yesterday HTTP/1.1" 200 63821 "http://5.45.183.91/analytics/index.php?module=UsersManager&action=userSettings&idSite=1&period=day&date=yesterday" "Mozilla/5.0 (X11; Linux x86_64; rv:21.0) Gecko/20100101 Firefox/21.0"
117.192.75.241 - - [26/Jan/2014:14:29:12 +0300] "GET /analytics/plugins/Morpheus/images/ico_edit.png HTTP/1.1" 200 1202 "http://5.45.183.91/analytics/index.php?module=SitesManager&action=index&idSite=1&period=day&date=yesterday" "Mozilla/5.0 (X11; Linux x86_64; rv:21.0) Gecko/20100101 Firefox/21.0"
117.192.75.241 - - [26/Jan/2014:14:29:12 +0300] "GET /analytics/plugins/Morpheus/images/ico_delete.png HTTP/1.1" 200 1306 "http://5.45.183.91/analytics/index.php?module=SitesManager&action=index&idSite=1&period=day&date=yesterday" "Mozilla/5.0 (X11; Linux x86_64; rv:21.0) Gecko/20100101 Firefox/21.0"
117.192.75.241 - - [26/Jan/2014:14:29:12 +0300] "GET /analytics/plugins/Morpheus/images/add.png HTTP/1.1" 200 1261 "http://5.45.183.91/analytics/index.php?module=Proxy&action=getCss&cb=219186aa9dd2a091766c8ff6608738cc" "Mozilla/5.0 (X11; Linux x86_64; rv:21.0) Gecko/20100101 Firefox/21.0"
117.192.75.241 - - [26/Jan/2014:14:29:15 +0300] "GET /analytics/libs/jquery/themes/base/images/ui-icons_888888_256x240.png HTTP/1.1" 200 4369 "http://5.45.183.91/analytics/index.php?module=Proxy&action=getCss&cb=219186aa9dd2a091766c8ff6608738cc" "Mozilla/5.0 (X11; Linux x86_64; rv:21.0) Gecko/20100101 Firefox/21.0"
117.192.75.241 - - [26/Jan/2014:14:29:17 +0300] "POST /analytics/index.php?date=yesterday&idSite=1&module=API&format=json&method=SitesManager.deleteSite&period=day HTTP/1.1" 200 157 "http://5.45.183.91/analytics/index.php?module=SitesManager&action=index&idSite=1&period=day&date=yesterday" "Mozilla/5.0 (X11; Linux x86_64; rv:21.0) Gecko/20100101 Firefox/21.0"
117.192.75.241 - - [26/Jan/2014:14:29:28 +0300] "GET /analytics/index.php?module=SitesManager&action=index&idSite=1&period=day&date=yesterday HTTP/1.1" 200 63821 "http://5.45.183.91/analytics/index.php?module=SitesManager&action=index&idSite=1&period=day&date=yesterday" "Mozilla/5.0 (X11; Linux x86_64; rv:21.0) Gecko/20100101 Firefox/21.0"
117.192.75.241 - - [26/Jan/2014:14:30:14 +0300] "GET /analytics/plugins/CoreAdminHome/stylesheets/jsTrackingGenerator.css HTTP/1.1" 200 1405 "http://5.45.183.91/analytics/index.php?module=CoreAdminHome&action=trackingCodeGenerator&idSite=1&period=day&date=yesterday" "Mozilla/5.0 (X11; Linux x86_64; rv:21.0) Gecko/20100101 Firefox/21.0"
117.192.75.241 - - [26/Jan/2014:14:30:13 +0300] "GET /analytics/index.php?module=CoreAdminHome&action=trackingCodeGenerator&idSite=1&period=day&date=yesterday HTTP/1.1" 200 45199 "http://5.45.183.91/analytics/index.php?module=SitesManager&action=index&idSite=1&period=day&date=yesterday" "Mozilla/5.0 (X11; Linux x86_64; rv:21.0) Gecko/20100101 Firefox/21.0"
117.192.75.241 - - [26/Jan/2014:14:30:14 +0300] "GET /analytics/plugins/CoreAdminHome/javascripts/jsTrackingGenerator.js?cb=219186aa9dd2a091766c8ff6608738cc HTTP/1.1" 200 17006 "http://5.45.183.91/analytics/index.php?module=CoreAdminHome&action=trackingCodeGenerator&idSite=1&period=day&date=yesterday" "Mozilla/5.0 (X11; Linux x86_64; rv:21.0) Gecko/20100101 Firefox/21.0"
117.192.75.241 - - [26/Jan/2014:14:30:21 +0300] "POST /analytics/index.php?date=yesterday&idSite=1&period=day HTTP/1.1" 200 412 "http://5.45.183.91/analytics/index.php?module=CoreAdminHome&action=trackingCodeGenerator&idSite=1&period=day&date=yesterday" "Mozilla/5.0 (X11; Linux x86_64; rv:21.0) Gecko/20100101 Firefox/21.0"
106.51.117.44 - - [26/Jan/2014:14:33:22 +0300] "GET /store/admin/index.php?route=extension/module&token=b10122904e7021abf67b9308d94b998a HTTP/1.1" 200 22970 "http://5.45.183.91/store/admin/index.php?route=extension/module&token=b10122904e7021abf67b9308d94b998a" "Mozilla/5.0 (Macintosh; Intel Mac OS X 10_7_5) AppleWebKit/537.36 (KHTML, like Gecko) Chrome/32.0.1700.77 Safari/537.36"
106.51.117.44 - - [26/Jan/2014:14:33:29 +0300] "GET /store/vqmod/install HTTP/1.1" 301 324 "-" "Mozilla/5.0 (Macintosh; Intel Mac OS X 10_7_5) AppleWebKit/537.36 (KHTML, like Gecko) Chrome/32.0.1700.77 Safari/537.36"
106.51.117.44 - - [26/Jan/2014:14:33:29 +0300] "GET /store/vqmod/install/ HTTP/1.1" 200 66 "-" "Mozilla/5.0 (Macintosh; Intel Mac OS X 10_7_5) AppleWebKit/537.36 (KHTML, like Gecko) Chrome/32.0.1700.77 Safari/537.36"
::1 - - [26/Jan/2014:14:33:43 +0300] "OPTIONS * HTTP/1.0" 200 - "-" "Apache/2.2.15 (CentOS) (internal dummy connection)"
106.51.117.44 - - [26/Jan/2014:14:33:46 +0300] "GET /store/vqmod/install/ HTTP/1.1" 200 66 "-" "Mozilla/5.0 (Macintosh; Intel Mac OS X 10_7_5) AppleWebKit/537.36 (KHTML, like Gecko) Chrome/32.0.1700.77 Safari/537.36"
106.51.117.44 - - [26/Jan/2014:14:33:48 +0300] "GET /store/vqmod/install/ HTTP/1.1" 200 66 "-" "Mozilla/5.0 (Macintosh; Intel Mac OS X 10_7_5) AppleWebKit/537.36 (KHTML, like Gecko) Chrome/32.0.1700.77 Safari/537.36"
117.192.75.241 - - [26/Jan/2014:14:34:02 +0300] "GET /analytics/index.php?module=SitesManager&action=index&idSite=1&period=day&date=yesterday HTTP/1.1" 200 63821 "http://5.45.183.91/analytics/index.php?module=CoreAdminHome&action=trackingCodeGenerator&idSite=1&period=day&date=yesterday" "Mozilla/5.0 (X11; Linux x86_64; rv:21.0) Gecko/20100101 Firefox/21.0"
106.51.117.44 - - [26/Jan/2014:14:34:41 +0300] "GET /store/vqmod/install/ HTTP/1.1" 200 37 "-" "Mozilla/5.0 (Macintosh; Intel Mac OS X 10_7_5) AppleWebKit/537.36 (KHTML, like Gecko) Chrome/32.0.1700.77 Safari/537.36"
106.51.117.44 - - [26/Jan/2014:14:35:00 +0300] "GET /store/vqmod/install/ HTTP/1.1" 200 40 "-" "Mozilla/5.0 (Macintosh; Intel Mac OS X 10_7_5) AppleWebKit/537.36 (KHTML, like Gecko) Chrome/32.0.1700.77 Safari/537.36"
106.51.117.44 - - [26/Jan/2014:14:35:23 +0300] "GET /store HTTP/1.1" 301 310 "-" "Mozilla/5.0 (Macintosh; Intel Mac OS X 10_7_5) AppleWebKit/537.36 (KHTML, like Gecko) Chrome/32.0.1700.77 Safari/537.36"
106.51.117.44 - - [26/Jan/2014:14:35:23 +0300] "GET /store/ HTTP/1.1" 500 180 "-" "Mozilla/5.0 (Macintosh; Intel Mac OS X 10_7_5) AppleWebKit/537.36 (KHTML, like Gecko) Chrome/32.0.1700.77 Safari/537.36"
106.51.117.44 - - [26/Jan/2014:14:35:42 +0300] "GET /store HTTP/1.1" 301 310 "-" "Mozilla/5.0 (Macintosh; Intel Mac OS X 10_7_5) AppleWebKit/537.36 (KHTML, like Gecko) Chrome/32.0.1700.77 Safari/537.36"
106.51.117.44 - - [26/Jan/2014:14:35:43 +0300] "GET /store/ HTTP/1.1" 500 180 "-" "Mozilla/5.0 (Macintosh; Intel Mac OS X 10_7_5) AppleWebKit/537.36 (KHTML, like Gecko) Chrome/32.0.1700.77 Safari/537.36"
106.51.117.44 - - [26/Jan/2014:14:35:47 +0300] "GET /store/admin/ HTTP/1.1" 200 3786 "-" "Mozilla/5.0 (Macintosh; Intel Mac OS X 10_7_5) AppleWebKit/537.36 (KHTML, like Gecko) Chrome/32.0.1700.77 Safari/537.36"
117.192.75.241 - - [26/Jan/2014:14:35:48 +0300] "POST /analytics/index.php?date=yesterday&module=API&format=json&method=SitesManager.addSite&idSite=1&period=day HTTP/1.1" 200 11 "http://5.45.183.91/analytics/index.php?module=SitesManager&action=index&idSite=1&period=day&date=yesterday" "Mozilla/5.0 (X11; Linux x86_64; rv:21.0) Gecko/20100101 Firefox/21.0"
117.192.75.241 - - [26/Jan/2014:14:35:48 +0300] "GET /analytics/index.php?module=SitesManager&action=index&idSite=1&period=day&date=yesterday&updated=1 HTTP/1.1" 200 66261 "http://5.45.183.91/analytics/index.php?module=SitesManager&action=index&idSite=1&period=day&date=yesterday" "Mozilla/5.0 (X11; Linux x86_64; rv:21.0) Gecko/20100101 Firefox/21.0"
117.192.75.241 - - [26/Jan/2014:14:35:58 +0300] "POST /analytics/index.php?date=yesterday&idSite=1&module=API&format=json&method=SitesManager.deleteSite&period=day HTTP/1.1" 200 36 "http://5.45.183.91/analytics/index.php?module=SitesManager&action=index&idSite=1&period=day&date=yesterday&updated=1" "Mozilla/5.0 (X11; Linux x86_64; rv:21.0) Gecko/20100101 Firefox/21.0"
117.192.75.241 - - [26/Jan/2014:14:35:58 +0300] "GET /analytics/index.php?module=SitesManager&action=index&idSite=1&period=day&date=yesterday&updated=2 HTTP/1.1" 200 63819 "http://5.45.183.91/analytics/index.php?module=SitesManager&action=index&idSite=1&period=day&date=yesterday&updated=1" "Mozilla/5.0 (X11; Linux x86_64; rv:21.0) Gecko/20100101 Firefox/21.0"
::1 - - [26/Jan/2014:14:36:06 +0300] "OPTIONS * HTTP/1.0" 200 - "-" "Apache/2.2.15 (CentOS) (internal dummy connection)"
106.51.117.44 - - [26/Jan/2014:14:36:06 +0300] "GET /store HTTP/1.1" 301 310 "-" "Mozilla/5.0 (Macintosh; Intel Mac OS X 10_7_5) AppleWebKit/537.36 (KHTML, like Gecko) Chrome/32.0.1700.77 Safari/537.36"
106.51.117.44 - - [26/Jan/2014:14:36:06 +0300] "GET /store/ HTTP/1.1" 500 180 "-" "Mozilla/5.0 (Macintosh; Intel Mac OS X 10_7_5) AppleWebKit/537.36 (KHTML, like Gecko) Chrome/32.0.1700.77 Safari/537.36"
::1 - - [26/Jan/2014:14:36:07 +0300] "OPTIONS * HTTP/1.0" 200 - "-" "Apache/2.2.15 (CentOS) (internal dummy connection)"
::1 - - [26/Jan/2014:14:36:08 +0300] "OPTIONS * HTTP/1.0" 200 - "-" "Apache/2.2.15 (CentOS) (internal dummy connection)"
117.192.75.241 - - [26/Jan/2014:14:36:29 +0300] "POST /analytics/index.php?date=yesterday&module=API&format=json&method=SitesManager.updateSite&idSite=2&period=day HTTP/1.1" 200 36 "http://5.45.183.91/analytics/index.php?module=SitesManager&action=index&idSite=1&period=day&date=yesterday&updated=2" "Mozilla/5.0 (X11; Linux x86_64; rv:21.0) Gecko/20100101 Firefox/21.0"
117.192.75.241 - - [26/Jan/2014:14:36:30 +0300] "GET /analytics/index.php?module=SitesManager&action=index&idSite=1&period=day&date=yesterday&updated=3 HTTP/1.1" 200 63819 "http://5.45.183.91/analytics/index.php?module=SitesManager&action=index&idSite=1&period=day&date=yesterday&updated=2" "Mozilla/5.0 (X11; Linux x86_64; rv:21.0) Gecko/20100101 Firefox/21.0"
117.192.75.241 - - [26/Jan/2014:14:40:21 +0300] "GET /analytics/index.php?module=CorePluginsAdmin&action=plugins&idSite=1&period=day&date=yesterday&activated= HTTP/1.1" 200 102606 "http://5.45.183.91/analytics/index.php?module=SitesManager&action=index&idSite=1&period=day&date=yesterday&updated=3" "Mozilla/5.0 (X11; Linux x86_64; rv:21.0) Gecko/20100101 Firefox/21.0"
117.192.75.241 - - [26/Jan/2014:14:40:37 +0300] "GET /analytics/index.php?module=SitesManager&action=index&idSite=1&period=day&date=yesterday&activated= HTTP/1.1" 200 64059 "http://5.45.183.91/analytics/index.php?module=CorePluginsAdmin&action=plugins&idSite=1&period=day&date=yesterday&activated=" "Mozilla/5.0 (X11; Linux x86_64; rv:21.0) Gecko/20100101 Firefox/21.0"
117.192.75.241 - - [26/Jan/2014:14:40:47 +0300] "GET /store/index.php?route=product/category&path=20 HTTP/1.1" 500 180 "http://5.45.183.91/store/index.php?route=product/product&product_id=42" "Mozilla/5.0 (X11; Linux x86_64; rv:21.0) Gecko/20100101 Firefox/21.0"
117.192.75.241 - - [26/Jan/2014:14:40:55 +0300] "GET /store/index.php HTTP/1.1" 500 180 "-" "Mozilla/5.0 (X11; Linux x86_64; rv:21.0) Gecko/20100101 Firefox/21.0"
117.192.75.241 - - [26/Jan/2014:14:41:05 +0300] "GET /store/index.php HTTP/1.1" 500 180 "-" "Mozilla/5.0 (X11; Linux x86_64; rv:21.0) Gecko/20100101 Firefox/21.0"
117.192.75.241 - - [26/Jan/2014:14:41:09 +0300] "GET /store/ HTTP/1.1" 500 180 "-" "Mozilla/5.0 (X11; Linux x86_64; rv:21.0) Gecko/20100101 Firefox/21.0"
106.51.117.44 - - [26/Jan/2014:14:41:42 +0300] "GET /store/ HTTP/1.1" 500 180 "-" "Mozilla/5.0 (Macintosh; Intel Mac OS X 10_7_5) AppleWebKit/537.36 (KHTML, like Gecko) Chrome/32.0.1700.77 Safari/537.36"
106.51.117.44 - - [26/Jan/2014:14:41:44 +0300] "GET /store HTTP/1.1" 301 310 "-" "Mozilla/5.0 (Macintosh; Intel Mac OS X 10_7_5) AppleWebKit/537.36 (KHTML, like Gecko) Chrome/32.0.1700.77 Safari/537.36"
106.51.117.44 - - [26/Jan/2014:14:41:45 +0300] "GET /store/ HTTP/1.1" 500 180 "-" "Mozilla/5.0 (Macintosh; Intel Mac OS X 10_7_5) AppleWebKit/537.36 (KHTML, like Gecko) Chrome/32.0.1700.77 Safari/537.36"
106.51.117.44 - - [26/Jan/2014:14:42:28 +0300] "GET /analytics HTTP/1.1" 301 314 "-" "Mozilla/5.0 (Macintosh; Intel Mac OS X 10_7_5) AppleWebKit/537.36 (KHTML, like Gecko) Chrome/32.0.1700.77 Safari/537.36"
106.51.117.44 - - [26/Jan/2014:14:42:29 +0300] "GET /analytics/ HTTP/1.1" 302 - "-" "Mozilla/5.0 (Macintosh; Intel Mac OS X 10_7_5) AppleWebKit/537.36 (KHTML, like Gecko) Chrome/32.0.1700.77 Safari/537.36"
106.51.117.44 - - [26/Jan/2014:14:42:29 +0300] "GET /analytics/index.php?module=CoreHome&action=index&idSite=2&period=day&date=yesterday HTTP/1.1" 302 - "-" "Mozilla/5.0 (Macintosh; Intel Mac OS X 10_7_5) AppleWebKit/537.36 (KHTML, like Gecko) Chrome/32.0.1700.77 Safari/537.36"
106.51.117.44 - - [26/Jan/2014:14:42:29 +0300] "GET /analytics/index.php?module=CoreHome&action=index&idSite=2&period=day&date=today HTTP/1.1" 200 63137 "-" "Mozilla/5.0 (Macintosh; Intel Mac OS X 10_7_5) AppleWebKit/537.36 (KHTML, like Gecko) Chrome/32.0.1700.77 Safari/537.36"
106.51.117.44 - - [26/Jan/2014:14:42:44 +0300] "GET /analytics/ HTTP/1.1" 302 - "-" "Mozilla/5.0 (Macintosh; Intel Mac OS X 10_7_5) AppleWebKit/537.36 (KHTML, like Gecko) Chrome/32.0.1700.77 Safari/537.36"
106.51.117.44 - - [26/Jan/2014:14:42:45 +0300] "GET /analytics/index.php?module=CoreHome&action=index&idSite=2&period=day&date=yesterday HTTP/1.1" 302 - "-" "Mozilla/5.0 (Macintosh; Intel Mac OS X 10_7_5) AppleWebKit/537.36 (KHTML, like Gecko) Chrome/32.0.1700.77 Safari/537.36"
106.51.117.44 - - [26/Jan/2014:14:42:45 +0300] "GET /analytics/index.php?module=CoreHome&action=index&idSite=2&period=day&date=today HTTP/1.1" 200 63137 "-" "Mozilla/5.0 (Macintosh; Intel Mac OS X 10_7_5) AppleWebKit/537.36 (KHTML, like Gecko) Chrome/32.0.1700.77 Safari/537.36"
106.51.117.44 - - [26/Jan/2014:14:43:02 +0300] "GET /analytics/ HTTP/1.1" 302 - "-" "Mozilla/5.0 (Macintosh; Intel Mac OS X 10_7_5) AppleWebKit/537.36 (KHTML, like Gecko) Chrome/32.0.1700.77 Safari/537.36"
106.51.117.44 - - [26/Jan/2014:14:43:02 +0300] "GET /analytics/index.php?module=CoreHome&action=index&idSite=2&period=day&date=yesterday HTTP/1.1" 302 - "-" "Mozilla/5.0 (Macintosh; Intel Mac OS X 10_7_5) AppleWebKit/537.36 (KHTML, like Gecko) Chrome/32.0.1700.77 Safari/537.36"
106.51.117.44 - - [26/Jan/2014:14:43:03 +0300] "GET /analytics/index.php?module=CoreHome&action=index&idSite=2&period=day&date=today HTTP/1.1" 200 63137 "-" "Mozilla/5.0 (Macintosh; Intel Mac OS X 10_7_5) AppleWebKit/537.36 (KHTML, like Gecko) Chrome/32.0.1700.77 Safari/537.36"
106.51.117.44 - - [26/Jan/2014:14:43:17 +0300] "GET /analytics/ HTTP/1.1" 302 - "-" "Mozilla/5.0 (Macintosh; Intel Mac OS X 10_7_5) AppleWebKit/537.36 (KHTML, like Gecko) Chrome/32.0.1700.77 Safari/537.36"
106.51.117.44 - - [26/Jan/2014:14:43:17 +0300] "GET /analytics/index.php?module=CoreHome&action=index&idSite=2&period=day&date=yesterday HTTP/1.1" 302 - "-" "Mozilla/5.0 (Macintosh; Intel Mac OS X 10_7_5) AppleWebKit/537.36 (KHTML, like Gecko) Chrome/32.0.1700.77 Safari/537.36"
106.51.117.44 - - [26/Jan/2014:14:43:18 +0300] "GET /analytics/index.php?module=CoreHome&action=index&idSite=2&period=day&date=today HTTP/1.1" 200 63137 "-" "Mozilla/5.0 (Macintosh; Intel Mac OS X 10_7_5) AppleWebKit/537.36 (KHTML, like Gecko) Chrome/32.0.1700.77 Safari/537.36"
106.51.117.44 - - [26/Jan/2014:14:43:25 +0300] "GET /analyticsdss HTTP/1.1" 404 287 "-" "Mozilla/5.0 (Macintosh; Intel Mac OS X 10_7_5) AppleWebKit/537.36 (KHTML, like Gecko) Chrome/32.0.1700.77 Safari/537.36"
106.51.117.44 - - [26/Jan/2014:14:43:32 +0300] "GET /analytics/ HTTP/1.1" 302 - "-" "Mozilla/5.0 (Macintosh; Intel Mac OS X 10_7_5) AppleWebKit/537.36 (KHTML, like Gecko) Chrome/32.0.1700.77 Safari/537.36"
106.51.117.44 - - [26/Jan/2014:14:43:33 +0300] "GET /analytics/index.php?module=CoreHome&action=index&idSite=2&period=day&date=yesterday HTTP/1.1" 302 - "-" "Mozilla/5.0 (Macintosh; Intel Mac OS X 10_7_5) AppleWebKit/537.36 (KHTML, like Gecko) Chrome/32.0.1700.77 Safari/537.36"
106.51.117.44 - - [26/Jan/2014:14:43:33 +0300] "GET /analytics/index.php?module=CoreHome&action=index&idSite=2&period=day&date=today HTTP/1.1" 200 63137 "-" "Mozilla/5.0 (Macintosh; Intel Mac OS X 10_7_5) AppleWebKit/537.36 (KHTML, like Gecko) Chrome/32.0.1700.77 Safari/537.36"
106.51.117.44 - - [26/Jan/2014:14:43:37 +0300] "GET /analytics/ HTTP/1.1" 302 - "-" "Mozilla/5.0 (Macintosh; Intel Mac OS X 10_7_5) AppleWebKit/537.36 (KHTML, like Gecko) Chrome/32.0.1700.77 Safari/537.36"
106.51.117.44 - - [26/Jan/2014:14:43:37 +0300] "GET /analytics/index.php?module=CoreHome&action=index&idSite=2&period=day&date=yesterday HTTP/1.1" 302 - "-" "Mozilla/5.0 (Macintosh; Intel Mac OS X 10_7_5) AppleWebKit/537.36 (KHTML, like Gecko) Chrome/32.0.1700.77 Safari/537.36"
106.51.117.44 - - [26/Jan/2014:14:43:38 +0300] "GET /analytics/index.php?module=CoreHome&action=index&idSite=2&period=day&date=today HTTP/1.1" 200 63137 "-" "Mozilla/5.0 (Macintosh; Intel Mac OS X 10_7_5) AppleWebKit/537.36 (KHTML, like Gecko) Chrome/32.0.1700.77 Safari/537.36"
106.51.117.44 - - [26/Jan/2014:14:43:46 +0300] "GET /analytics/index.php HTTP/1.1" 302 - "-" "Mozilla/5.0 (Macintosh; Intel Mac OS X 10_7_5) AppleWebKit/537.36 (KHTML, like Gecko) Chrome/32.0.1700.77 Safari/537.36"
106.51.117.44 - - [26/Jan/2014:14:43:46 +0300] "GET /analytics/index.php?module=CoreHome&action=index&idSite=2&period=day&date=yesterday HTTP/1.1" 302 - "-" "Mozilla/5.0 (Macintosh; Intel Mac OS X 10_7_5) AppleWebKit/537.36 (KHTML, like Gecko) Chrome/32.0.1700.77 Safari/537.36"
106.51.117.44 - - [26/Jan/2014:14:43:47 +0300] "GET /analytics/index.php?module=CoreHome&action=index&idSite=2&period=day&date=today HTTP/1.1" 200 63137 "-" "Mozilla/5.0 (Macintosh; Intel Mac OS X 10_7_5) AppleWebKit/537.36 (KHTML, like Gecko) Chrome/32.0.1700.77 Safari/537.36"
117.192.75.241 - - [26/Jan/2014:15:44:39 +0300] "GET /analytics/plugins/CoreHome/images/favicon.ico HTTP/1.1" 200 17947 "-" "Mozilla/5.0 (X11; Linux x86_64; rv:21.0) Gecko/20100101 Firefox/21.0"
14.194.40.14 - - [26/Jan/2014:15:54:30 +0300] "GET /store/ HTTP/1.1" 500 180 "-" "Mozilla/5.0 (X11; Ubuntu; Linux i686; rv:11.0) Gecko/20100101 Firefox/11.0"
223.178.240.2 - - [26/Jan/2014:15:57:44 +0300] "GET /freedomhack/ HTTP/1.1" 304 - "-" "Mozilla/5.0 (iPhone; CPU iPhone OS 7_0_4 like Mac OS X) AppleWebKit/537.51.1 (KHTML, like Gecko) Version/7.0 Mobile/11B554a Safari/9537.53"
14.194.40.14 - - [26/Jan/2014:16:03:03 +0300] "GET /store/ HTTP/1.1" 500 180 "-" "Mozilla/5.0 (X11; Ubuntu; Linux i686; rv:11.0) Gecko/20100101 Firefox/11.0"
106.51.175.107 - - [26/Jan/2014:16:47:35 +0300] "GET /analytics/ HTTP/1.1" 302 - "-" "Mozilla/5.0 (Macintosh; Intel Mac OS X 10_7_5) AppleWebKit/537.36 (KHTML, like Gecko) Chrome/32.0.1700.77 Safari/537.36"
106.51.175.107 - - [26/Jan/2014:16:47:36 +0300] "GET /analytics/index.php?module=CoreHome&action=index&idSite=2&period=day&date=yesterday HTTP/1.1" 302 - "-" "Mozilla/5.0 (Macintosh; Intel Mac OS X 10_7_5) AppleWebKit/537.36 (KHTML, like Gecko) Chrome/32.0.1700.77 Safari/537.36"
106.51.175.107 - - [26/Jan/2014:16:47:36 +0300] "GET /analytics/index.php?module=CoreHome&action=index&idSite=2&period=day&date=today HTTP/1.1" 200 63137 "-" "Mozilla/5.0 (Macintosh; Intel Mac OS X 10_7_5) AppleWebKit/537.36 (KHTML, like Gecko) Chrome/32.0.1700.77 Safari/537.36"
106.51.175.107 - - [26/Jan/2014:16:47:38 +0300] "GET /analytics/plugins/CoreHome/images/favicon.ico HTTP/1.1" 200 17947 "-" "Mozilla/5.0 (Macintosh; Intel Mac OS X 10_7_5) AppleWebKit/537.36 (KHTML, like Gecko) Chrome/32.0.1700.77 Safari/537.36"
106.51.175.107 - - [26/Jan/2014:16:47:38 +0300] "POST /analytics/index.php?date=today&module=Dashboard&action=embeddedIndex&idSite=2&period=day&idDashboard=1 HTTP/1.1" 200 17191 "http://5.45.183.91/analytics/index.php?module=CoreHome&action=index&idSite=2&period=day&date=today" "Mozilla/5.0 (Macintosh; Intel Mac OS X 10_7_5) AppleWebKit/537.36 (KHTML, like Gecko) Chrome/32.0.1700.77 Safari/537.36"
106.51.175.107 - - [26/Jan/2014:16:47:38 +0300] "POST /analytics/index.php?date=2014-01-26&module=VisitsSummary&action=getEvolutionGraph&columns=nb_visits&widget=1&idSite=2&period=day HTTP/1.1" 200 12378 "http://5.45.183.91/analytics/index.php?module=CoreHome&action=index&idSite=2&period=day&date=today" "Mozilla/5.0 (Macintosh; Intel Mac OS X 10_7_5) AppleWebKit/537.36 (KHTML, like Gecko) Chrome/32.0.1700.77 Safari/537.36"
106.51.175.107 - - [26/Jan/2014:16:47:38 +0300] "POST /analytics/index.php?date=2014-01-26&module=VisitorInterest&action=getNumberOfVisitsPerVisitDuration&widget=1&idSite=2&period=day HTTP/1.1" 200 6205 "http://5.45.183.91/analytics/index.php?module=CoreHome&action=index&idSite=2&period=day&date=today" "Mozilla/5.0 (Macintosh; Intel Mac OS X 10_7_5) AppleWebKit/537.36 (KHTML, like Gecko) Chrome/32.0.1700.77 Safari/537.36"
106.51.175.107 - - [26/Jan/2014:16:47:38 +0300] "POST /analytics/index.php?date=2014-01-26&module=Live&action=widget&widget=1&idSite=2&period=day HTTP/1.1" 200 2802 "http://5.45.183.91/analytics/index.php?module=CoreHome&action=index&idSite=2&period=day&date=today" "Mozilla/5.0 (Macintosh; Intel Mac OS X 10_7_5) AppleWebKit/537.36 (KHTML, like Gecko) Chrome/32.0.1700.77 Safari/537.36"
106.51.175.107 - - [26/Jan/2014:16:47:39 +0300] "POST /analytics/index.php?date=2014-01-26&module=Referrers&action=getWebsites&widget=1&idSite=2&period=day HTTP/1.1" 200 7539 "http://5.45.183.91/analytics/index.php?module=CoreHome&action=index&idSite=2&period=day&date=today" "Mozilla/5.0 (Macintosh; Intel Mac OS X 10_7_5) AppleWebKit/537.36 (KHTML, like Gecko) Chrome/32.0.1700.77 Safari/537.36"
106.51.175.107 - - [26/Jan/2014:16:47:39 +0300] "POST /analytics/index.php?date=2014-01-26&module=CoreHome&action=getDonateForm&widget=1&idSite=2&period=day HTTP/1.1" 200 3004 "http://5.45.183.91/analytics/index.php?module=CoreHome&action=index&idSite=2&period=day&date=today" "Mozilla/5.0 (Macintosh; Intel Mac OS X 10_7_5) AppleWebKit/537.36 (KHTML, like Gecko) Chrome/32.0.1700.77 Safari/537.36"
106.51.175.107 - - [26/Jan/2014:16:47:39 +0300] "POST /analytics/index.php?date=2014-01-26&module=Referrers&action=getKeywords&widget=1&idSite=2&period=day HTTP/1.1" 200 7599 "http://5.45.183.91/analytics/index.php?module=CoreHome&action=index&idSite=2&period=day&date=today" "Mozilla/5.0 (Macintosh; Intel Mac OS X 10_7_5) AppleWebKit/537.36 (KHTML, like Gecko) Chrome/32.0.1700.77 Safari/537.36"
106.51.175.107 - - [26/Jan/2014:16:47:39 +0300] "POST /analytics/index.php?date=2014-01-26&module=UserCountryMap&action=visitorMap&widget=1&idSite=2&period=day HTTP/1.1" 200 4249 "http://5.45.183.91/analytics/index.php?module=CoreHome&action=index&idSite=2&period=day&date=today" "Mozilla/5.0 (Macintosh; Intel Mac OS X 10_7_5) AppleWebKit/537.36 (KHTML, like Gecko) Chrome/32.0.1700.77 Safari/537.36"
106.51.175.107 - - [26/Jan/2014:16:47:39 +0300] "POST /analytics/index.php?date=2014-01-26&module=UserSettings&action=getBrowser&widget=1&idSite=2&period=day HTTP/1.1" 200 7428 "http://5.45.183.91/analytics/index.php?module=CoreHome&action=index&idSite=2&period=day&date=today" "Mozilla/5.0 (Macintosh; Intel Mac OS X 10_7_5) AppleWebKit/537.36 (KHTML, like Gecko) Chrome/32.0.1700.77 Safari/537.36"
106.51.175.107 - - [26/Jan/2014:16:47:39 +0300] "POST /analytics/index.php?date=2014-01-26&module=Referrers&action=getSearchEngines&widget=1&idSite=2&period=day HTTP/1.1" 200 7398 "http://5.45.183.91/analytics/index.php?module=CoreHome&action=index&idSite=2&period=day&date=today" "Mozilla/5.0 (Macintosh; Intel Mac OS X 10_7_5) AppleWebKit/537.36 (KHTML, like Gecko) Chrome/32.0.1700.77 Safari/537.36"
106.51.175.107 - - [26/Jan/2014:16:47:40 +0300] "POST /analytics/index.php?date=2014-01-26&module=VisitTime&action=getVisitInformationPerServerTime&widget=1&idSite=2&period=day HTTP/1.1" 200 9015 "http://5.45.183.91/analytics/index.php?module=CoreHome&action=index&idSite=2&period=day&date=today" "Mozilla/5.0 (Macintosh; Intel Mac OS X 10_7_5) AppleWebKit/537.36 (KHTML, like Gecko) Chrome/32.0.1700.77 Safari/537.36"
106.51.175.107 - - [26/Jan/2014:16:47:40 +0300] "POST /analytics/index.php?date=2014-01-26&module=ExampleRssWidget&action=rssPiwik&widget=1&idSite=2&period=day HTTP/1.1" 200 2622 "http://5.45.183.91/analytics/index.php?module=CoreHome&action=index&idSite=2&period=day&date=today" "Mozilla/5.0 (Macintosh; Intel Mac OS X 10_7_5) AppleWebKit/537.36 (KHTML, like Gecko) Chrome/32.0.1700.77 Safari/537.36"
106.51.175.107 - - [26/Jan/2014:16:47:40 +0300] "POST /analytics/index.php?date=2014-01-26&module=Dashboard&action=getAllDashboards&idSite=2&period=day HTTP/1.1" 200 2 "http://5.45.183.91/analytics/index.php?module=CoreHome&action=index&idSite=2&period=day&date=today" "Mozilla/5.0 (Macintosh; Intel Mac OS X 10_7_5) AppleWebKit/537.36 (KHTML, like Gecko) Chrome/32.0.1700.77 Safari/537.36"
106.51.175.107 - - [26/Jan/2014:16:47:40 +0300] "POST /analytics/index.php?date=2014-01-26&module=Annotations&action=getEvolutionIcons&idSite=2&period=day&lastN=30 HTTP/1.1" 200 7997 "http://5.45.183.91/analytics/index.php?module=CoreHome&action=index&idSite=2&period=day&date=today" "Mozilla/5.0 (Macintosh; Intel Mac OS X 10_7_5) AppleWebKit/537.36 (KHTML, like Gecko) Chrome/32.0.1700.77 Safari/537.36"
::1 - - [26/Jan/2014:16:47:42 +0300] "OPTIONS * HTTP/1.0" 200 - "-" "Apache/2.2.15 (CentOS) (internal dummy connection)"
106.51.175.107 - - [26/Jan/2014:16:47:44 +0300] "POST /analytics/index.php?date=2014-01-26&module=Live&action=getLastVisitsStart&segment=&idSite=2&period=day HTTP/1.1" 200 297 "http://5.45.183.91/analytics/index.php?module=CoreHome&action=index&idSite=2&period=day&date=today" "Mozilla/5.0 (Macintosh; Intel Mac OS X 10_7_5) AppleWebKit/537.36 (KHTML, like Gecko) Chrome/32.0.1700.77 Safari/537.36"
106.51.175.107 - - [26/Jan/2014:16:47:56 +0300] "POST /analytics/index.php?date=2014-01-26&module=Live&action=getLastVisitsStart&segment=&idSite=2&period=day HTTP/1.1" 200 297 "http://5.45.183.91/analytics/index.php?module=CoreHome&action=index&idSite=2&period=day&date=today" "Mozilla/5.0 (Macintosh; Intel Mac OS X 10_7_5) AppleWebKit/537.36 (KHTML, like Gecko) Chrome/32.0.1700.77 Safari/537.36"
106.51.175.107 - - [26/Jan/2014:16:48:12 +0300] "POST /analytics/index.php?date=2014-01-26&module=Live&action=getLastVisitsStart&segment=&idSite=2&period=day HTTP/1.1" 200 297 "http://5.45.183.91/analytics/index.php?module=CoreHome&action=index&idSite=2&period=day&date=today" "Mozilla/5.0 (Macintosh; Intel Mac OS X 10_7_5) AppleWebKit/537.36 (KHTML, like Gecko) Chrome/32.0.1700.77 Safari/537.36"
106.51.175.107 - - [26/Jan/2014:16:48:33 +0300] "POST /analytics/index.php?date=2014-01-26&module=Live&action=getLastVisitsStart&segment=&idSite=2&period=day HTTP/1.1" 200 297 "http://5.45.183.91/analytics/index.php?module=CoreHome&action=index&idSite=2&period=day&date=today" "Mozilla/5.0 (Macintosh; Intel Mac OS X 10_7_5) AppleWebKit/537.36 (KHTML, like Gecko) Chrome/32.0.1700.77 Safari/537.36"
106.51.175.107 - - [26/Jan/2014:16:48:59 +0300] "POST /analytics/index.php?date=2014-01-26&module=Live&action=getLastVisitsStart&segment=&idSite=2&period=day HTTP/1.1" 200 297 "http://5.45.183.91/analytics/index.php?module=CoreHome&action=index&idSite=2&period=day&date=today" "Mozilla/5.0 (Macintosh; Intel Mac OS X 10_7_5) AppleWebKit/537.36 (KHTML, like Gecko) Chrome/32.0.1700.77 Safari/537.36"
106.51.175.107 - - [26/Jan/2014:16:49:30 +0300] "POST /analytics/index.php?date=2014-01-26&module=Live&action=getLastVisitsStart&segment=&idSite=2&period=day HTTP/1.1" 200 297 "http://5.45.183.91/analytics/index.php?module=CoreHome&action=index&idSite=2&period=day&date=today" "Mozilla/5.0 (Macintosh; Intel Mac OS X 10_7_5) AppleWebKit/537.36 (KHTML, like Gecko) Chrome/32.0.1700.77 Safari/537.36"
106.51.175.107 - - [26/Jan/2014:16:50:05 +0300] "POST /analytics/index.php?date=2014-01-26&module=Live&action=getLastVisitsStart&segment=&idSite=2&period=day HTTP/1.1" 200 297 "http://5.45.183.91/analytics/index.php?module=CoreHome&action=index&idSite=2&period=day&date=today" "Mozilla/5.0 (Macintosh; Intel Mac OS X 10_7_5) AppleWebKit/537.36 (KHTML, like Gecko) Chrome/32.0.1700.77 Safari/537.36"
115.110.54.26 - - [26/Jan/2014:16:50:13 +0300] "GET /store/ HTTP/1.1" 500 180 "-" "Mozilla/5.0 (X11; Ubuntu; Linux i686; rv:11.0) Gecko/20100101 Firefox/11.0"
106.51.175.107 - - [26/Jan/2014:16:50:46 +0300] "POST /analytics/index.php?date=2014-01-26&module=Live&action=getLastVisitsStart&segment=&idSite=2&period=day HTTP/1.1" 200 297 "http://5.45.183.91/analytics/index.php?module=CoreHome&action=index&idSite=2&period=day&date=today" "Mozilla/5.0 (Macintosh; Intel Mac OS X 10_7_5) AppleWebKit/537.36 (KHTML, like Gecko) Chrome/32.0.1700.77 Safari/537.36"
106.51.175.107 - - [26/Jan/2014:16:51:32 +0300] "POST /analytics/index.php?date=2014-01-26&module=Live&action=getLastVisitsStart&segment=&idSite=2&period=day HTTP/1.1" 200 297 "http://5.45.183.91/analytics/index.php?module=CoreHome&action=index&idSite=2&period=day&date=today" "Mozilla/5.0 (Macintosh; Intel Mac OS X 10_7_5) AppleWebKit/537.36 (KHTML, like Gecko) Chrome/32.0.1700.77 Safari/537.36"
106.51.175.107 - - [26/Jan/2014:16:52:23 +0300] "POST /analytics/index.php?date=2014-01-26&module=Live&action=getLastVisitsStart&segment=&idSite=2&period=day HTTP/1.1" 200 297 "http://5.45.183.91/analytics/index.php?module=CoreHome&action=index&idSite=2&period=day&date=today" "Mozilla/5.0 (Macintosh; Intel Mac OS X 10_7_5) AppleWebKit/537.36 (KHTML, like Gecko) Chrome/32.0.1700.77 Safari/537.36"
106.51.175.107 - - [26/Jan/2014:16:53:19 +0300] "POST /analytics/index.php?date=2014-01-26&module=Live&action=getLastVisitsStart&segment=&idSite=2&period=day HTTP/1.1" 200 297 "http://5.45.183.91/analytics/index.php?module=CoreHome&action=index&idSite=2&period=day&date=today" "Mozilla/5.0 (Macintosh; Intel Mac OS X 10_7_5) AppleWebKit/537.36 (KHTML, like Gecko) Chrome/32.0.1700.77 Safari/537.36"
106.51.175.107 - - [26/Jan/2014:16:54:20 +0300] "POST /analytics/index.php?date=2014-01-26&module=Live&action=getLastVisitsStart&segment=&idSite=2&period=day HTTP/1.1" 200 297 "http://5.45.183.91/analytics/index.php?module=CoreHome&action=index&idSite=2&period=day&date=today" "Mozilla/5.0 (Macintosh; Intel Mac OS X 10_7_5) AppleWebKit/537.36 (KHTML, like Gecko) Chrome/32.0.1700.77 Safari/537.36"
106.51.175.107 - - [26/Jan/2014:16:55:26 +0300] "POST /analytics/index.php?date=2014-01-26&module=Live&action=getLastVisitsStart&segment=&idSite=2&period=day HTTP/1.1" 200 297 "http://5.45.183.91/analytics/index.php?module=CoreHome&action=index&idSite=2&period=day&date=today" "Mozilla/5.0 (Macintosh; Intel Mac OS X 10_7_5) AppleWebKit/537.36 (KHTML, like Gecko) Chrome/32.0.1700.77 Safari/537.36"
106.51.175.107 - - [26/Jan/2014:16:56:37 +0300] "POST /analytics/index.php?date=2014-01-26&module=Live&action=getLastVisitsStart&segment=&idSite=2&period=day HTTP/1.1" 200 297 "http://5.45.183.91/analytics/index.php?module=CoreHome&action=index&idSite=2&period=day&date=today" "Mozilla/5.0 (Macintosh; Intel Mac OS X 10_7_5) AppleWebKit/537.36 (KHTML, like Gecko) Chrome/32.0.1700.77 Safari/537.36"
106.51.175.107 - - [26/Jan/2014:16:57:53 +0300] "POST /analytics/index.php?date=2014-01-26&module=Live&action=getLastVisitsStart&segment=&idSite=2&period=day HTTP/1.1" 200 297 "http://5.45.183.91/analytics/index.php?module=CoreHome&action=index&idSite=2&period=day&date=today" "Mozilla/5.0 (Macintosh; Intel Mac OS X 10_7_5) AppleWebKit/537.36 (KHTML, like Gecko) Chrome/32.0.1700.77 Safari/537.36"
106.51.175.107 - - [26/Jan/2014:16:59:14 +0300] "POST /analytics/index.php?date=2014-01-26&module=Live&action=getLastVisitsStart&segment=&idSite=2&period=day HTTP/1.1" 200 297 "http://5.45.183.91/analytics/index.php?module=CoreHome&action=index&idSite=2&period=day&date=today" "Mozilla/5.0 (Macintosh; Intel Mac OS X 10_7_5) AppleWebKit/537.36 (KHTML, like Gecko) Chrome/32.0.1700.77 Safari/537.36"
106.51.175.107 - - [26/Jan/2014:17:00:40 +0300] "POST /analytics/index.php?date=2014-01-26&module=Live&action=getLastVisitsStart&segment=&idSite=2&period=day HTTP/1.1" 200 297 "http://5.45.183.91/analytics/index.php?module=CoreHome&action=index&idSite=2&period=day&date=today" "Mozilla/5.0 (Macintosh; Intel Mac OS X 10_7_5) AppleWebKit/537.36 (KHTML, like Gecko) Chrome/32.0.1700.77 Safari/537.36"
106.51.175.107 - - [26/Jan/2014:17:02:11 +0300] "POST /analytics/index.php?date=2014-01-26&module=Live&action=getLastVisitsStart&segment=&idSite=2&period=day HTTP/1.1" 200 297 "http://5.45.183.91/analytics/index.php?module=CoreHome&action=index&idSite=2&period=day&date=today" "Mozilla/5.0 (Macintosh; Intel Mac OS X 10_7_5) AppleWebKit/537.36 (KHTML, like Gecko) Chrome/32.0.1700.77 Safari/537.36"
117.192.75.241 - - [26/Jan/2014:17:03:28 +0300] "GET /analytics/index.php?module=SitesManager&action=index&idSite=1&period=day&date=yesterday&activated= HTTP/1.1" 200 6494 "http://5.45.183.91/analytics/index.php?module=CorePluginsAdmin&action=plugins&idSite=1&period=day&date=yesterday&activated=" "Mozilla/5.0 (X11; Linux x86_64; rv:21.0) Gecko/20100101 Firefox/21.0"
117.192.75.241 - - [26/Jan/2014:17:03:29 +0300] "GET /analytics/plugins/Login/stylesheets/login.css?cb=083ac6958a36dbec95f04961d9c67571 HTTP/1.1" 200 3564 "http://5.45.183.91/analytics/index.php?module=SitesManager&action=index&idSite=1&period=day&date=yesterday&activated=" "Mozilla/5.0 (X11; Linux x86_64; rv:21.0) Gecko/20100101 Firefox/21.0"
117.192.75.241 - - [26/Jan/2014:17:03:29 +0300] "GET /analytics/libs/jquery/jquery.placeholder.js?cb=083ac6958a36dbec95f04961d9c67571 HTTP/1.1" 200 4515 "http://5.45.183.91/analytics/index.php?module=SitesManager&action=index&idSite=1&period=day&date=yesterday&activated=" "Mozilla/5.0 (X11; Linux x86_64; rv:21.0) Gecko/20100101 Firefox/21.0"
117.192.75.241 - - [26/Jan/2014:17:03:29 +0300] "GET /analytics/plugins/CoreHome/javascripts/require.js?cb=083ac6958a36dbec95f04961d9c67571 HTTP/1.1" 200 1297 "http://5.45.183.91/analytics/index.php?module=SitesManager&action=index&idSite=1&period=day&date=yesterday&activated=" "Mozilla/5.0 (X11; Linux x86_64; rv:21.0) Gecko/20100101 Firefox/21.0"
117.192.75.241 - - [26/Jan/2014:17:03:29 +0300] "GET /analytics/plugins/CoreHome/javascripts/notification.js?cb=083ac6958a36dbec95f04961d9c67571 HTTP/1.1" 200 6437 "http://5.45.183.91/analytics/index.php?module=SitesManager&action=index&idSite=1&period=day&date=yesterday&activated=" "Mozilla/5.0 (X11; Linux x86_64; rv:21.0) Gecko/20100101 Firefox/21.0"
117.192.75.241 - - [26/Jan/2014:17:03:29 +0300] "GET /analytics/index.php?module=Proxy&action=getCss&cb=083ac6958a36dbec95f04961d9c67571 HTTP/1.1" 200 33943 "http://5.45.183.91/analytics/index.php?module=SitesManager&action=index&idSite=1&period=day&date=yesterday&activated=" "Mozilla/5.0 (X11; Linux x86_64; rv:21.0) Gecko/20100101 Firefox/21.0"
117.192.75.241 - - [26/Jan/2014:17:03:29 +0300] "GET /analytics/plugins/CoreHome/javascripts/notification_parser.js?cb=083ac6958a36dbec95f04961d9c67571 HTTP/1.1" 200 824 "http://5.45.183.91/analytics/index.php?module=SitesManager&action=index&idSite=1&period=day&date=yesterday&activated=" "Mozilla/5.0 (X11; Linux x86_64; rv:21.0) Gecko/20100101 Firefox/21.0"
117.192.75.241 - - [26/Jan/2014:17:03:29 +0300] "GET /analytics/plugins/Login/javascripts/login.js?cb=083ac6958a36dbec95f04961d9c67571 HTTP/1.1" 200 3457 "http://5.45.183.91/analytics/index.php?module=SitesManager&action=index&idSite=1&period=day&date=yesterday&activated=" "Mozilla/5.0 (X11; Linux x86_64; rv:21.0) Gecko/20100101 Firefox/21.0"
117.192.75.241 - - [26/Jan/2014:17:03:29 +0300] "GET /analytics/libs/jquery/jquery.js?cb=083ac6958a36dbec95f04961d9c67571 HTTP/1.1" 200 93068 "http://5.45.183.91/analytics/index.php?module=SitesManager&action=index&idSite=1&period=day&date=yesterday&activated=" "Mozilla/5.0 (X11; Linux x86_64; rv:21.0) Gecko/20100101 Firefox/21.0"
117.192.75.241 - - [26/Jan/2014:17:03:31 +0300] "GET /analytics/plugins/Morpheus/images/loading-blue.gif HTTP/1.1" 200 723 "http://5.45.183.91/analytics/index.php?module=SitesManager&action=index&idSite=1&period=day&date=yesterday&activated=" "Mozilla/5.0 (X11; Linux x86_64; rv:21.0) Gecko/20100101 Firefox/21.0"
117.192.75.241 - - [26/Jan/2014:17:03:31 +0300] "GET /analytics/plugins/Morpheus/images/logo.svg HTTP/1.1" 200 2290 "http://5.45.183.91/analytics/index.php?module=SitesManager&action=index&idSite=1&period=day&date=yesterday&activated=" "Mozilla/5.0 (X11; Linux x86_64; rv:21.0) Gecko/20100101 Firefox/21.0"
117.192.75.241 - - [26/Jan/2014:17:03:31 +0300] "GET /analytics/plugins/Zeitgeist/images/affix-arrow.png HTTP/1.1" 200 3179 "http://5.45.183.91/analytics/plugins/Login/stylesheets/login.css?cb=083ac6958a36dbec95f04961d9c67571" "Mozilla/5.0 (X11; Linux x86_64; rv:21.0) Gecko/20100101 Firefox/21.0"
117.192.75.241 - - [26/Jan/2014:17:03:31 +0300] "GET /analytics/plugins/Zeitgeist/images/login-sprite.png HTTP/1.1" 200 10200 "http://5.45.183.91/analytics/plugins/Login/stylesheets/login.css?cb=083ac6958a36dbec95f04961d9c67571" "Mozilla/5.0 (X11; Linux x86_64; rv:21.0) Gecko/20100101 Firefox/21.0"
::1 - - [26/Jan/2014:17:03:32 +0300] "OPTIONS * HTTP/1.0" 200 - "-" "Apache/2.2.15 (CentOS) (internal dummy connection)"
106.51.175.107 - - [26/Jan/2014:17:03:47 +0300] "POST /analytics/index.php?date=2014-01-26&module=Live&action=getLastVisitsStart&segment=&idSite=2&period=day HTTP/1.1" 200 297 "http://5.45.183.91/analytics/index.php?module=CoreHome&action=index&idSite=2&period=day&date=today" "Mozilla/5.0 (Macintosh; Intel Mac OS X 10_7_5) AppleWebKit/537.36 (KHTML, like Gecko) Chrome/32.0.1700.77 Safari/537.36"
106.51.175.107 - - [26/Jan/2014:17:05:28 +0300] "POST /analytics/index.php?date=2014-01-26&module=Live&action=getLastVisitsStart&segment=&idSite=2&period=day HTTP/1.1" 200 297 "http://5.45.183.91/analytics/index.php?module=CoreHome&action=index&idSite=2&period=day&date=today" "Mozilla/5.0 (Macintosh; Intel Mac OS X 10_7_5) AppleWebKit/537.36 (KHTML, like Gecko) Chrome/32.0.1700.77 Safari/537.36"
106.51.175.107 - - [26/Jan/2014:17:07:14 +0300] "POST /analytics/index.php?date=2014-01-26&module=Live&action=getLastVisitsStart&segment=&idSite=2&period=day HTTP/1.1" 200 297 "http://5.45.183.91/analytics/index.php?module=CoreHome&action=index&idSite=2&period=day&date=today" "Mozilla/5.0 (Macintosh; Intel Mac OS X 10_7_5) AppleWebKit/537.36 (KHTML, like Gecko) Chrome/32.0.1700.77 Safari/537.36"
106.51.175.107 - - [26/Jan/2014:17:09:06 +0300] "POST /analytics/index.php?date=2014-01-26&module=Live&action=getLastVisitsStart&segment=&idSite=2&period=day HTTP/1.1" 404 294 "http://5.45.183.91/analytics/index.php?module=CoreHome&action=index&idSite=2&period=day&date=today" "Mozilla/5.0 (Macintosh; Intel Mac OS X 10_7_5) AppleWebKit/537.36 (KHTML, like Gecko) Chrome/32.0.1700.77 Safari/537.36"
106.51.175.107 - - [26/Jan/2014:17:22:29 +0300] "GET /store/ HTTP/1.1" 302 - "-" "Mozilla/5.0 (Macintosh; Intel Mac OS X 10_7_5) AppleWebKit/537.36 (KHTML, like Gecko) Chrome/32.0.1700.77 Safari/537.36"
106.51.175.107 - - [26/Jan/2014:17:22:29 +0300] "GET /store/install/view/stylesheet/stylesheet.css HTTP/1.1" 200 4667 "http://5.45.183.91/store/install/index.php" "Mozilla/5.0 (Macintosh; Intel Mac OS X 10_7_5) AppleWebKit/537.36 (KHTML, like Gecko) Chrome/32.0.1700.77 Safari/537.36"
106.51.175.107 - - [26/Jan/2014:17:22:29 +0300] "GET /store/install/view/javascript/cufon/cufon-yui.js HTTP/1.1" 200 18258 "http://5.45.183.91/store/install/index.php" "Mozilla/5.0 (Macintosh; Intel Mac OS X 10_7_5) AppleWebKit/537.36 (KHTML, like Gecko) Chrome/32.0.1700.77 Safari/537.36"
106.51.175.107 - - [26/Jan/2014:17:22:29 +0300] "GET /store/install/index.php HTTP/1.1" 200 43274 "-" "Mozilla/5.0 (Macintosh; Intel Mac OS X 10_7_5) AppleWebKit/537.36 (KHTML, like Gecko) Chrome/32.0.1700.77 Safari/537.36"
106.51.175.107 - - [26/Jan/2014:17:22:32 +0300] "GET /store/install/view/image/logo.png HTTP/1.1" 200 4141 "http://5.45.183.91/store/install/index.php" "Mozilla/5.0 (Macintosh; Intel Mac OS X 10_7_5) AppleWebKit/537.36 (KHTML, like Gecko) Chrome/32.0.1700.77 Safari/537.36"
106.51.175.107 - - [26/Jan/2014:17:22:30 +0300] "GET /store/install/view/javascript/cufon/Trebuchet_MS_italic_400.font.js HTTP/1.1" 200 108817 "http://5.45.183.91/store/install/index.php" "Mozilla/5.0 (Macintosh; Intel Mac OS X 10_7_5) AppleWebKit/537.36 (KHTML, like Gecko) Chrome/32.0.1700.77 Safari/537.36"
106.51.175.107 - - [26/Jan/2014:17:22:29 +0300] "GET /store/install/view/javascript/cufon/Trebuchet_MS_400.font.js HTTP/1.1" 200 106475 "http://5.45.183.91/store/install/index.php" "Mozilla/5.0 (Macintosh; Intel Mac OS X 10_7_5) AppleWebKit/537.36 (KHTML, like Gecko) Chrome/32.0.1700.77 Safari/537.36"
::1 - - [26/Jan/2014:17:22:40 +0300] "OPTIONS * HTTP/1.0" 200 - "-" "Apache/2.2.15 (CentOS) (internal dummy connection)"
106.51.175.107 - - [26/Jan/2014:17:22:29 +0300] "GET /store/install/view/javascript/cufon/Verdana_400.font.js HTTP/1.1" 200 131133 "http://5.45.183.91/store/install/index.php" "Mozilla/5.0 (Macintosh; Intel Mac OS X 10_7_5) AppleWebKit/537.36 (KHTML, like Gecko) Chrome/32.0.1700.77 Safari/537.36"
106.51.175.107 - - [26/Jan/2014:17:22:30 +0300] "GET /store/install/view/javascript/cufon/Aller_400.font.js HTTP/1.1" 200 131967 "http://5.45.183.91/store/install/index.php" "Mozilla/5.0 (Macintosh; Intel Mac OS X 10_7_5) AppleWebKit/537.36 (KHTML, like Gecko) Chrome/32.0.1700.77 Safari/537.36"
::1 - - [26/Jan/2014:17:22:43 +0300] "OPTIONS * HTTP/1.0" 200 - "-" "Apache/2.2.15 (CentOS) (internal dummy connection)"
106.51.175.107 - - [26/Jan/2014:17:22:43 +0300] "GET /store/install/view/image/background.png HTTP/1.1" 200 214 "http://5.45.183.91/store/install/index.php" "Mozilla/5.0 (Macintosh; Intel Mac OS X 10_7_5) AppleWebKit/537.36 (KHTML, like Gecko) Chrome/32.0.1700.77 Safari/537.36"
106.51.175.107 - - [26/Jan/2014:17:22:43 +0300] "GET /store/install/view/image/heading.png HTTP/1.1" 200 653 "http://5.45.183.91/store/install/index.php" "Mozilla/5.0 (Macintosh; Intel Mac OS X 10_7_5) AppleWebKit/537.36 (KHTML, like Gecko) Chrome/32.0.1700.77 Safari/537.36"
106.51.175.107 - - [26/Jan/2014:17:22:43 +0300] "GET /store/install/view/image/bullet-arrow.png HTTP/1.1" 200 3337 "http://5.45.183.91/store/install/index.php" "Mozilla/5.0 (Macintosh; Intel Mac OS X 10_7_5) AppleWebKit/537.36 (KHTML, like Gecko) Chrome/32.0.1700.77 Safari/537.36"
106.51.175.107 - - [26/Jan/2014:17:22:43 +0300] "GET /store/install/view/image/button.png HTTP/1.1" 200 242 "http://5.45.183.91/store/install/index.php" "Mozilla/5.0 (Macintosh; Intel Mac OS X 10_7_5) AppleWebKit/537.36 (KHTML, like Gecko) Chrome/32.0.1700.77 Safari/537.36"
::1 - - [26/Jan/2014:17:22:44 +0300] "OPTIONS * HTTP/1.0" 200 - "-" "Apache/2.2.15 (CentOS) (internal dummy connection)"
106.51.175.107 - - [26/Jan/2014:17:22:59 +0300] "POST /store/install/index.php?route=step_1 HTTP/1.1" 302 - "http://5.45.183.91/store/install/index.php" "Mozilla/5.0 (Macintosh; Intel Mac OS X 10_7_5) AppleWebKit/537.36 (KHTML, like Gecko) Chrome/32.0.1700.77 Safari/537.36"
106.51.175.107 - - [26/Jan/2014:17:23:00 +0300] "GET /store/install/index.php?route=step_2 HTTP/1.1" 200 6701 "http://5.45.183.91/store/install/index.php" "Mozilla/5.0 (Macintosh; Intel Mac OS X 10_7_5) AppleWebKit/537.36 (KHTML, like Gecko) Chrome/32.0.1700.77 Safari/537.36"
106.51.175.107 - - [26/Jan/2014:17:23:00 +0300] "GET /store/install/view/image/good.png HTTP/1.1" 200 781 "http://5.45.183.91/store/install/index.php?route=step_2" "Mozilla/5.0 (Macintosh; Intel Mac OS X 10_7_5) AppleWebKit/537.36 (KHTML, like Gecko) Chrome/32.0.1700.77 Safari/537.36"
106.51.175.107 - - [26/Jan/2014:17:25:35 +0300] "GET /store/install/index.php?route=step_2 HTTP/1.1" 200 6698 "-" "Mozilla/5.0 (Macintosh; Intel Mac OS X 10_7_5) AppleWebKit/537.36 (KHTML, like Gecko) Chrome/32.0.1700.77 Safari/537.36"
106.51.175.107 - - [26/Jan/2014:17:25:38 +0300] "POST /store/install/index.php?route=step_2 HTTP/1.1" 302 - "http://5.45.183.91/store/install/index.php?route=step_2" "Mozilla/5.0 (Macintosh; Intel Mac OS X 10_7_5) AppleWebKit/537.36 (KHTML, like Gecko) Chrome/32.0.1700.77 Safari/537.36"
106.51.175.107 - - [26/Jan/2014:17:25:38 +0300] "GET /store/install/index.php?route=step_3 HTTP/1.1" 200 4156 "http://5.45.183.91/store/install/index.php?route=step_2" "Mozilla/5.0 (Macintosh; Intel Mac OS X 10_7_5) AppleWebKit/537.36 (KHTML, like Gecko) Chrome/32.0.1700.77 Safari/537.36"
106.51.175.107 - - [26/Jan/2014:17:25:38 +0300] "GET /store/install/view/image/field.png HTTP/1.1" 404 309 "http://5.45.183.91/store/install/index.php?route=step_3" "Mozilla/5.0 (Macintosh; Intel Mac OS X 10_7_5) AppleWebKit/537.36 (KHTML, like Gecko) Chrome/32.0.1700.77 Safari/537.36"
::1 - - [26/Jan/2014:17:25:55 +0300] "OPTIONS * HTTP/1.0" 200 - "-" "Apache/2.2.15 (CentOS) (internal dummy connection)"
106.51.175.107 - - [26/Jan/2014:17:26:10 +0300] "POST /store/install/index.php?route=step_3 HTTP/1.1" 302 - "http://5.45.183.91/store/install/index.php?route=step_3" "Mozilla/5.0 (Macintosh; Intel Mac OS X 10_7_5) AppleWebKit/537.36 (KHTML, like Gecko) Chrome/32.0.1700.77 Safari/537.36"
106.51.175.107 - - [26/Jan/2014:17:26:11 +0300] "GET /store/install/index.php?route=step_4 HTTP/1.1" 200 2201 "http://5.45.183.91/store/install/index.php?route=step_3" "Mozilla/5.0 (Macintosh; Intel Mac OS X 10_7_5) AppleWebKit/537.36 (KHTML, like Gecko) Chrome/32.0.1700.77 Safari/537.36"
106.51.175.107 - - [26/Jan/2014:17:26:11 +0300] "GET /store/install/view/image/warning.png HTTP/1.1" 200 701 "http://5.45.183.91/store/install/index.php?route=step_4" "Mozilla/5.0 (Macintosh; Intel Mac OS X 10_7_5) AppleWebKit/537.36 (KHTML, like Gecko) Chrome/32.0.1700.77 Safari/537.36"
106.51.175.107 - - [26/Jan/2014:17:26:11 +0300] "GET /store/install/view/image/screenshot_2.png HTTP/1.1" 200 26970 "http://5.45.183.91/store/install/index.php?route=step_4" "Mozilla/5.0 (Macintosh; Intel Mac OS X 10_7_5) AppleWebKit/537.36 (KHTML, like Gecko) Chrome/32.0.1700.77 Safari/537.36"
106.51.175.107 - - [26/Jan/2014:17:26:11 +0300] "GET /store/install/view/image/screenshot_1.png HTTP/1.1" 200 59336 "http://5.45.183.91/store/install/index.php?route=step_4" "Mozilla/5.0 (Macintosh; Intel Mac OS X 10_7_5) AppleWebKit/537.36 (KHTML, like Gecko) Chrome/32.0.1700.77 Safari/537.36"
106.51.175.107 - - [26/Jan/2014:17:26:17 +0300] "GET /store/admin/ HTTP/1.1" 200 3786 "http://5.45.183.91/store/install/index.php?route=step_4" "Mozilla/5.0 (Macintosh; Intel Mac OS X 10_7_5) AppleWebKit/537.36 (KHTML, like Gecko) Chrome/32.0.1700.77 Safari/537.36"
106.51.175.107 - - [26/Jan/2014:17:26:21 +0300] "POST /store/admin/index.php?route=common/login HTTP/1.1" 200 3924 "http://5.45.183.91/store/admin/" "Mozilla/5.0 (Macintosh; Intel Mac OS X 10_7_5) AppleWebKit/537.36 (KHTML, like Gecko) Chrome/32.0.1700.77 Safari/537.36"
106.51.175.107 - - [26/Jan/2014:17:26:25 +0300] "POST /store/admin/index.php?route=common/login HTTP/1.1" 302 - "http://5.45.183.91/store/admin/index.php?route=common/login" "Mozilla/5.0 (Macintosh; Intel Mac OS X 10_7_5) AppleWebKit/537.36 (KHTML, like Gecko) Chrome/32.0.1700.77 Safari/537.36"
