106.51.175.107 - - [26/Jan/2014:18:06:06 +0300] "GET /store/ HTTP/1.1" 200 18033 "-" "Mozilla/5.0 (Macintosh; Intel Mac OS X 10_7_5) AppleWebKit/537.36 (KHTML, like Gecko) Chrome/32.0.1700.77 Safari/537.36"
106.51.175.107 - - [26/Jan/2014:18:06:06 +0300] "GET /store/catalog/view/theme/default/stylesheet/stylesheet.css HTTP/1.1" 304 - "http://5.45.183.91/store/" "Mozilla/5.0 (Macintosh; Intel Mac OS X 10_7_5) AppleWebKit/537.36 (KHTML, like Gecko) Chrome/32.0.1700.77 Safari/537.36"
106.51.175.107 - - [26/Jan/2014:18:06:06 +0300] "GET /store/catalog/view/theme/default/stylesheet/carousel.css HTTP/1.1" 304 - "http://5.45.183.91/store/" "Mozilla/5.0 (Macintosh; Intel Mac OS X 10_7_5) AppleWebKit/537.36 (KHTML, like Gecko) Chrome/32.0.1700.77 Safari/537.36"
106.51.175.107 - - [26/Jan/2014:18:06:06 +0300] "GET /store/catalog/view/theme/default/stylesheet/slideshow.css HTTP/1.1" 304 - "http://5.45.183.91/store/" "Mozilla/5.0 (Macintosh; Intel Mac OS X 10_7_5) AppleWebKit/537.36 (KHTML, like Gecko) Chrome/32.0.1700.77 Safari/537.36"
106.51.175.107 - - [26/Jan/2014:18:06:06 +0300] "GET /store/catalog/view/javascript/jquery/ui/jquery-ui-1.8.16.custom.min.js HTTP/1.1" 304 - "http://5.45.183.91/store/" "Mozilla/5.0 (Macintosh; Intel Mac OS X 10_7_5) AppleWebKit/537.36 (KHTML, like Gecko) Chrome/32.0.1700.77 Safari/537.36"
106.51.175.107 - - [26/Jan/2014:18:06:06 +0300] "GET /store/catalog/view/javascript/jquery/jquery-1.7.1.min.js HTTP/1.1" 304 - "http://5.45.183.91/store/" "Mozilla/5.0 (Macintosh; Intel Mac OS X 10_7_5) AppleWebKit/537.36 (KHTML, like Gecko) Chrome/32.0.1700.77 Safari/537.36"
106.51.175.107 - - [26/Jan/2014:18:06:06 +0300] "GET /store/catalog/view/javascript/jquery/ui/themes/ui-lightness/jquery-ui-1.8.16.custom.css HTTP/1.1" 304 - "http://5.45.183.91/store/" "Mozilla/5.0 (Macintosh; Intel Mac OS X 10_7_5) AppleWebKit/537.36 (KHTML, like Gecko) Chrome/32.0.1700.77 Safari/537.36"
106.51.175.107 - - [26/Jan/2014:18:06:06 +0300] "GET /store/catalog/view/javascript/common.js HTTP/1.1" 304 - "http://5.45.183.91/store/" "Mozilla/5.0 (Macintosh; Intel Mac OS X 10_7_5) AppleWebKit/537.36 (KHTML, like Gecko) Chrome/32.0.1700.77 Safari/537.36"
106.51.175.107 - - [26/Jan/2014:18:06:06 +0300] "GET /store/catalog/view/javascript/jquery/nivo-slider/jquery.nivo.slider.pack.js HTTP/1.1" 304 - "http://5.45.183.91/store/" "Mozilla/5.0 (Macintosh; Intel Mac OS X 10_7_5) AppleWebKit/537.36 (KHTML, like Gecko) Chrome/32.0.1700.77 Safari/537.36"
106.51.175.107 - - [26/Jan/2014:18:06:06 +0300] "GET /store/catalog/view/javascript/jquery/jquery.jcarousel.min.js HTTP/1.1" 304 - "http://5.45.183.91/store/" "Mozilla/5.0 (Macintosh; Intel Mac OS X 10_7_5) AppleWebKit/537.36 (KHTML, like Gecko) Chrome/32.0.1700.77 Safari/537.36"
106.51.175.107 - - [26/Jan/2014:18:06:06 +0300] "GET /store/image/data/logo.png HTTP/1.1" 304 - "http://5.45.183.91/store/" "Mozilla/5.0 (Macintosh; Intel Mac OS X 10_7_5) AppleWebKit/537.36 (KHTML, like Gecko) Chrome/32.0.1700.77 Safari/537.36"
106.51.175.107 - - [26/Jan/2014:18:06:08 +0300] "GET /store/image/cache/data/demo/iphone_1-80x80.jpg HTTP/1.1" 304 - "http://5.45.183.91/store/" "Mozilla/5.0 (Macintosh; Intel Mac OS X 10_7_5) AppleWebKit/537.36 (KHTML, like Gecko) Chrome/32.0.1700.77 Safari/537.36"
106.51.175.107 - - [26/Jan/2014:18:06:08 +0300] "GET /store/image/cache/data/demo/samsung_banner-980x280.jpg HTTP/1.1" 304 - "http://5.45.183.91/store/" "Mozilla/5.0 (Macintosh; Intel Mac OS X 10_7_5) AppleWebKit/537.36 (KHTML, like Gecko) Chrome/32.0.1700.77 Safari/537.36"
106.51.175.107 - - [26/Jan/2014:18:06:08 +0300] "GET /store/image/cache/data/demo/macbook_1-80x80.jpg HTTP/1.1" 304 - "http://5.45.183.91/store/" "Mozilla/5.0 (Macintosh; Intel Mac OS X 10_7_5) AppleWebKit/537.36 (KHTML, like Gecko) Chrome/32.0.1700.77 Safari/537.36"
106.51.175.107 - - [26/Jan/2014:18:06:08 +0300] "GET /store/image/cache/data/demo/samsung_tab_1-80x80.jpg HTTP/1.1" 304 - "http://5.45.183.91/store/" "Mozilla/5.0 (Macintosh; Intel Mac OS X 10_7_5) AppleWebKit/537.36 (KHTML, like Gecko) Chrome/32.0.1700.77 Safari/537.36"
106.51.175.107 - - [26/Jan/2014:18:06:08 +0300] "GET /store/image/cache/data/demo/apple_cinema_30-80x80.jpg HTTP/1.1" 304 - "http://5.45.183.91/store/" "Mozilla/5.0 (Macintosh; Intel Mac OS X 10_7_5) AppleWebKit/537.36 (KHTML, like Gecko) Chrome/32.0.1700.77 Safari/537.36"
106.51.175.107 - - [26/Jan/2014:18:06:08 +0300] "GET /store/image/cache/data/demo/sony_vaio_1-80x80.jpg HTTP/1.1" 304 - "http://5.45.183.91/store/" "Mozilla/5.0 (Macintosh; Intel Mac OS X 10_7_5) AppleWebKit/537.36 (KHTML, like Gecko) Chrome/32.0.1700.77 Safari/537.36"
106.51.175.107 - - [26/Jan/2014:18:06:09 +0300] "GET /store/image/cache/data/demo/hp_1-80x80.jpg HTTP/1.1" 304 - "http://5.45.183.91/store/" "Mozilla/5.0 (Macintosh; Intel Mac OS X 10_7_5) AppleWebKit/537.36 (KHTML, like Gecko) Chrome/32.0.1700.77 Safari/537.36"
106.51.175.107 - - [26/Jan/2014:18:06:09 +0300] "GET /store/image/cache/data/demo/htc_logo-80x80.jpg HTTP/1.1" 304 - "http://5.45.183.91/store/" "Mozilla/5.0 (Macintosh; Intel Mac OS X 10_7_5) AppleWebKit/537.36 (KHTML, like Gecko) Chrome/32.0.1700.77 Safari/537.36"
106.51.175.107 - - [26/Jan/2014:18:06:09 +0300] "GET /store/image/cache/data/demo/canon_logo-80x80.jpg HTTP/1.1" 304 - "http://5.45.183.91/store/" "Mozilla/5.0 (Macintosh; Intel Mac OS X 10_7_5) AppleWebKit/537.36 (KHTML, like Gecko) Chrome/32.0.1700.77 Safari/537.36"
106.51.175.107 - - [26/Jan/2014:18:06:09 +0300] "GET /store/image/cache/data/demo/apple_logo-80x80.jpg HTTP/1.1" 304 - "http://5.45.183.91/store/" "Mozilla/5.0 (Macintosh; Intel Mac OS X 10_7_5) AppleWebKit/537.36 (KHTML, like Gecko) Chrome/32.0.1700.77 Safari/537.36"
106.51.175.107 - - [26/Jan/2014:18:06:10 +0300] "GET /store/image/cache/data/demo/palm_logo-80x80.jpg HTTP/1.1" 304 - "http://5.45.183.91/store/" "Mozilla/5.0 (Macintosh; Intel Mac OS X 10_7_5) AppleWebKit/537.36 (KHTML, like Gecko) Chrome/32.0.1700.77 Safari/537.36"
106.51.175.107 - - [26/Jan/2014:18:06:10 +0300] "GET /store/image/cache/data/demo/sony_logo-80x80.jpg HTTP/1.1" 304 - "http://5.45.183.91/store/" "Mozilla/5.0 (Macintosh; Intel Mac OS X 10_7_5) AppleWebKit/537.36 (KHTML, like Gecko) Chrome/32.0.1700.77 Safari/537.36"
106.51.175.107 - - [26/Jan/2014:18:06:10 +0300] "GET /store/image/cache/data/demo/hp_logo-80x80.jpg HTTP/1.1" 304 - "http://5.45.183.91/store/" "Mozilla/5.0 (Macintosh; Intel Mac OS X 10_7_5) AppleWebKit/537.36 (KHTML, like Gecko) Chrome/32.0.1700.77 Safari/537.36"
::1 - - [26/Jan/2014:18:06:10 +0300] "OPTIONS * HTTP/1.0" 200 - "-" "Apache/2.2.15 (CentOS) (internal dummy connection)"
106.51.175.107 - - [26/Jan/2014:18:06:45 +0300] "GET /store/admin/index.php?route=module/piwik&token=60c47e893ae67ddac42488899d9c0ed5 HTTP/1.1" 200 18834 "http://5.45.183.91/store/admin/index.php?route=extension/module&token=60c47e893ae67ddac42488899d9c0ed5" "Mozilla/5.0 (Macintosh; Intel Mac OS X 10_7_5) AppleWebKit/537.36 (KHTML, like Gecko) Chrome/32.0.1700.77 Safari/537.36"
106.51.175.107 - - [26/Jan/2014:18:07:40 +0300] "POST /store/piwik/index.php?date=2014-01-26&module=Live&action=getLastVisitsStart&segment=&idSite=1&period=day HTTP/1.1" 200 297 "http://5.45.183.91/store/piwik/index.php?module=CoreHome&action=index&idSite=1&period=day&date=today" "Mozilla/5.0 (Macintosh; Intel Mac OS X 10_7_5) AppleWebKit/537.36 (KHTML, like Gecko) Chrome/32.0.1700.77 Safari/537.36"
106.51.175.107 - - [26/Jan/2014:18:08:58 +0300] "GET /store/piwik/index.php?module=API&action=listAllAPI&idSite=1&period=day&date=today HTTP/1.1" 200 185966 "http://5.45.183.91/store/piwik/index.php?module=CoreHome&action=index&idSite=1&period=day&date=today" "Mozilla/5.0 (Macintosh; Intel Mac OS X 10_7_5) AppleWebKit/537.36 (KHTML, like Gecko) Chrome/32.0.1700.77 Safari/537.36"
106.51.175.107 - - [26/Jan/2014:18:10:13 +0300] "GET /store/piwik/index.php?module=CoreAdminHome HTTP/1.1" 302 - "http://5.45.183.91/store/piwik/index.php?module=API&action=listAllAPI&idSite=1&period=day&date=today" "Mozilla/5.0 (Macintosh; Intel Mac OS X 10_7_5) AppleWebKit/537.36 (KHTML, like Gecko) Chrome/32.0.1700.77 Safari/537.36"
106.51.175.107 - - [26/Jan/2014:18:10:13 +0300] "GET /store/piwik/index.php?module=UsersManager&action=userSettings&idSite=1&period=day&date=yesterday HTTP/1.1" 200 31649 "http://5.45.183.91/store/piwik/index.php?module=API&action=listAllAPI&idSite=1&period=day&date=today" "Mozilla/5.0 (Macintosh; Intel Mac OS X 10_7_5) AppleWebKit/537.36 (KHTML, like Gecko) Chrome/32.0.1700.77 Safari/537.36"
106.51.175.107 - - [26/Jan/2014:18:10:15 +0300] "GET /store/piwik/index.php?module=Proxy&action=getNonCoreJs&cb=bc2ddb16f5fbcce455763c9775862a21 HTTP/1.1" 200 63 "http://5.45.183.91/store/piwik/index.php?module=UsersManager&action=userSettings&idSite=1&period=day&date=yesterday" "Mozilla/5.0 (Macintosh; Intel Mac OS X 10_7_5) AppleWebKit/537.36 (KHTML, like Gecko) Chrome/32.0.1700.77 Safari/537.36"
106.51.175.107 - - [26/Jan/2014:18:10:14 +0300] "GET /store/piwik/index.php?module=Proxy&action=getCoreJs&cb=bc2ddb16f5fbcce455763c9775862a21 HTTP/1.1" 200 316400 "http://5.45.183.91/store/piwik/index.php?module=UsersManager&action=userSettings&idSite=1&period=day&date=yesterday" "Mozilla/5.0 (Macintosh; Intel Mac OS X 10_7_5) AppleWebKit/537.36 (KHTML, like Gecko) Chrome/32.0.1700.77 Safari/537.36"
106.51.175.107 - - [26/Jan/2014:18:10:14 +0300] "GET /store/piwik/index.php?module=Proxy&action=getCss&cb=bc2ddb16f5fbcce455763c9775862a21 HTTP/1.1" 200 33943 "http://5.45.183.91/store/piwik/index.php?module=UsersManager&action=userSettings&idSite=1&period=day&date=yesterday" "Mozilla/5.0 (Macintosh; Intel Mac OS X 10_7_5) AppleWebKit/537.36 (KHTML, like Gecko) Chrome/32.0.1700.77 Safari/537.36"
106.51.175.107 - - [26/Jan/2014:18:10:38 +0300] "GET /store/piwik/index.php?module=SitesManager&action=index&idSite=1&period=day&date=yesterday HTTP/1.1" 200 63828 "http://5.45.183.91/store/piwik/index.php?module=UsersManager&action=userSettings&idSite=1&period=day&date=yesterday" "Mozilla/5.0 (Macintosh; Intel Mac OS X 10_7_5) AppleWebKit/537.36 (KHTML, like Gecko) Chrome/32.0.1700.77 Safari/537.36"
106.51.175.107 - - [26/Jan/2014:18:10:40 +0300] "GET /store/piwik/plugins/Morpheus/images/add.png HTTP/1.1" 200 1261 "http://5.45.183.91/store/piwik/index.php?module=SitesManager&action=index&idSite=1&period=day&date=yesterday" "Mozilla/5.0 (Macintosh; Intel Mac OS X 10_7_5) AppleWebKit/537.36 (KHTML, like Gecko) Chrome/32.0.1700.77 Safari/537.36"
106.51.175.107 - - [26/Jan/2014:18:10:40 +0300] "GET /store/piwik/plugins/Morpheus/images/ico_edit.png HTTP/1.1" 200 1202 "http://5.45.183.91/store/piwik/index.php?module=SitesManager&action=index&idSite=1&period=day&date=yesterday" "Mozilla/5.0 (Macintosh; Intel Mac OS X 10_7_5) AppleWebKit/537.36 (KHTML, like Gecko) Chrome/32.0.1700.77 Safari/537.36"
106.51.175.107 - - [26/Jan/2014:18:10:40 +0300] "GET /store/piwik/plugins/Morpheus/images/ico_delete.png HTTP/1.1" 200 1306 "http://5.45.183.91/store/piwik/index.php?module=SitesManager&action=index&idSite=1&period=day&date=yesterday" "Mozilla/5.0 (Macintosh; Intel Mac OS X 10_7_5) AppleWebKit/537.36 (KHTML, like Gecko) Chrome/32.0.1700.77 Safari/537.36"
106.51.175.107 - - [26/Jan/2014:18:12:01 +0300] "POST /store/admin/index.php?route=module/piwik&token=60c47e893ae67ddac42488899d9c0ed5 HTTP/1.1" 302 216 "http://5.45.183.91/store/admin/index.php?route=module/piwik&token=60c47e893ae67ddac42488899d9c0ed5" "Mozilla/5.0 (Macintosh; Intel Mac OS X 10_7_5) AppleWebKit/537.36 (KHTML, like Gecko) Chrome/32.0.1700.77 Safari/537.36"
106.51.175.107 - - [26/Jan/2014:18:12:02 +0300] "GET /store/admin/index.php?route=extension/module&token=60c47e893ae67ddac42488899d9c0ed5 HTTP/1.1" 200 23043 "http://5.45.183.91/store/admin/index.php?route=module/piwik&token=60c47e893ae67ddac42488899d9c0ed5" "Mozilla/5.0 (Macintosh; Intel Mac OS X 10_7_5) AppleWebKit/537.36 (KHTML, like Gecko) Chrome/32.0.1700.77 Safari/537.36"
106.51.175.107 - - [26/Jan/2014:18:12:02 +0300] "GET /store/admin/view/javascript/jquery/jquery-1.7.1.min.js HTTP/1.1" 304 - "http://5.45.183.91/store/admin/index.php?route=extension/module&token=60c47e893ae67ddac42488899d9c0ed5" "Mozilla/5.0 (Macintosh; Intel Mac OS X 10_7_5) AppleWebKit/537.36 (KHTML, like Gecko) Chrome/32.0.1700.77 Safari/537.36"
106.51.175.107 - - [26/Jan/2014:18:12:02 +0300] "GET /store/admin/view/javascript/jquery/ui/jquery-ui-1.8.16.custom.min.js HTTP/1.1" 304 - "http://5.45.183.91/store/admin/index.php?route=extension/module&token=60c47e893ae67ddac42488899d9c0ed5" "Mozilla/5.0 (Macintosh; Intel Mac OS X 10_7_5) AppleWebKit/537.36 (KHTML, like Gecko) Chrome/32.0.1700.77 Safari/537.36"
106.51.175.107 - - [26/Jan/2014:18:12:03 +0300] "GET /store/admin/view/image/success.png HTTP/1.1" 200 781 "http://5.45.183.91/store/admin/index.php?route=extension/module&token=60c47e893ae67ddac42488899d9c0ed5" "Mozilla/5.0 (Macintosh; Intel Mac OS X 10_7_5) AppleWebKit/537.36 (KHTML, like Gecko) Chrome/32.0.1700.77 Safari/537.36"
106.51.175.107 - - [26/Jan/2014:18:12:30 +0300] "GET /store/ HTTP/1.1" 200 18033 "-" "Mozilla/5.0 (Macintosh; Intel Mac OS X 10_7_5) AppleWebKit/537.36 (KHTML, like Gecko) Chrome/32.0.1700.77 Safari/537.36"
106.51.175.107 - - [26/Jan/2014:18:12:31 +0300] "GET /store/image/cache/data/demo/samsung_banner-980x280.jpg HTTP/1.1" 304 - "http://5.45.183.91/store/" "Mozilla/5.0 (Macintosh; Intel Mac OS X 10_7_5) AppleWebKit/537.36 (KHTML, like Gecko) Chrome/32.0.1700.77 Safari/537.36"
106.51.175.107 - - [26/Jan/2014:18:12:31 +0300] "GET /store/image/cache/data/demo/macbook_1-80x80.jpg HTTP/1.1" 304 - "http://5.45.183.91/store/" "Mozilla/5.0 (Macintosh; Intel Mac OS X 10_7_5) AppleWebKit/537.36 (KHTML, like Gecko) Chrome/32.0.1700.77 Safari/537.36"
106.51.175.107 - - [26/Jan/2014:18:12:31 +0300] "GET /store/image/cache/data/demo/iphone_1-80x80.jpg HTTP/1.1" 304 - "http://5.45.183.91/store/" "Mozilla/5.0 (Macintosh; Intel Mac OS X 10_7_5) AppleWebKit/537.36 (KHTML, like Gecko) Chrome/32.0.1700.77 Safari/537.36"
106.51.175.107 - - [26/Jan/2014:18:12:31 +0300] "GET /store/image/cache/data/demo/samsung_tab_1-80x80.jpg HTTP/1.1" 304 - "http://5.45.183.91/store/" "Mozilla/5.0 (Macintosh; Intel Mac OS X 10_7_5) AppleWebKit/537.36 (KHTML, like Gecko) Chrome/32.0.1700.77 Safari/537.36"
106.51.175.107 - - [26/Jan/2014:18:12:31 +0300] "GET /store/image/cache/data/demo/apple_cinema_30-80x80.jpg HTTP/1.1" 304 - "http://5.45.183.91/store/" "Mozilla/5.0 (Macintosh; Intel Mac OS X 10_7_5) AppleWebKit/537.36 (KHTML, like Gecko) Chrome/32.0.1700.77 Safari/537.36"
106.51.175.107 - - [26/Jan/2014:18:12:31 +0300] "GET /store/image/cache/data/demo/sony_vaio_1-80x80.jpg HTTP/1.1" 304 - "http://5.45.183.91/store/" "Mozilla/5.0 (Macintosh; Intel Mac OS X 10_7_5) AppleWebKit/537.36 (KHTML, like Gecko) Chrome/32.0.1700.77 Safari/537.36"
106.51.175.107 - - [26/Jan/2014:18:12:31 +0300] "GET /store/image/cache/data/demo/palm_logo-80x80.jpg HTTP/1.1" 304 - "http://5.45.183.91/store/" "Mozilla/5.0 (Macintosh; Intel Mac OS X 10_7_5) AppleWebKit/537.36 (KHTML, like Gecko) Chrome/32.0.1700.77 Safari/537.36"
106.51.175.107 - - [26/Jan/2014:18:12:31 +0300] "GET /store/image/cache/data/demo/htc_logo-80x80.jpg HTTP/1.1" 304 - "http://5.45.183.91/store/" "Mozilla/5.0 (Macintosh; Intel Mac OS X 10_7_5) AppleWebKit/537.36 (KHTML, like Gecko) Chrome/32.0.1700.77 Safari/537.36"
106.51.175.107 - - [26/Jan/2014:18:12:31 +0300] "GET /store/image/cache/data/demo/canon_logo-80x80.jpg HTTP/1.1" 304 - "http://5.45.183.91/store/" "Mozilla/5.0 (Macintosh; Intel Mac OS X 10_7_5) AppleWebKit/537.36 (KHTML, like Gecko) Chrome/32.0.1700.77 Safari/537.36"
106.51.175.107 - - [26/Jan/2014:18:12:31 +0300] "GET /store/image/cache/data/demo/apple_logo-80x80.jpg HTTP/1.1" 304 - "http://5.45.183.91/store/" "Mozilla/5.0 (Macintosh; Intel Mac OS X 10_7_5) AppleWebKit/537.36 (KHTML, like Gecko) Chrome/32.0.1700.77 Safari/537.36"
106.51.175.107 - - [26/Jan/2014:18:12:31 +0300] "GET /store/image/cache/data/demo/hp_1-80x80.jpg HTTP/1.1" 304 - "http://5.45.183.91/store/" "Mozilla/5.0 (Macintosh; Intel Mac OS X 10_7_5) AppleWebKit/537.36 (KHTML, like Gecko) Chrome/32.0.1700.77 Safari/537.36"
106.51.175.107 - - [26/Jan/2014:18:12:32 +0300] "GET /store/image/cache/data/demo/sony_logo-80x80.jpg HTTP/1.1" 304 - "http://5.45.183.91/store/" "Mozilla/5.0 (Macintosh; Intel Mac OS X 10_7_5) AppleWebKit/537.36 (KHTML, like Gecko) Chrome/32.0.1700.77 Safari/537.36"
106.51.175.107 - - [26/Jan/2014:18:12:32 +0300] "GET /store/image/cache/data/demo/hp_logo-80x80.jpg HTTP/1.1" 304 - "http://5.45.183.91/store/" "Mozilla/5.0 (Macintosh; Intel Mac OS X 10_7_5) AppleWebKit/537.36 (KHTML, like Gecko) Chrome/32.0.1700.77 Safari/537.36"
::1 - - [26/Jan/2014:18:12:32 +0300] "OPTIONS * HTTP/1.0" 200 - "-" "Apache/2.2.15 (CentOS) (internal dummy connection)"
117.192.75.241 - - [26/Jan/2014:18:15:12 +0300] "GET /store/ HTTP/1.1" 200 18033 "-" "Mozilla/5.0 (X11; Linux x86_64; rv:21.0) Gecko/20100101 Firefox/21.0"
117.192.75.241 - - [26/Jan/2014:18:15:13 +0300] "GET /store/catalog/view/theme/default/stylesheet/stylesheet.css HTTP/1.1" 200 32641 "http://5.45.183.91/store/" "Mozilla/5.0 (X11; Linux x86_64; rv:21.0) Gecko/20100101 Firefox/21.0"
117.192.75.241 - - [26/Jan/2014:18:15:13 +0300] "GET /store/catalog/view/theme/default/stylesheet/slideshow.css HTTP/1.1" 200 2744 "http://5.45.183.91/store/" "Mozilla/5.0 (X11; Linux x86_64; rv:21.0) Gecko/20100101 Firefox/21.0"
117.192.75.241 - - [26/Jan/2014:18:15:13 +0300] "GET /store/catalog/view/theme/default/stylesheet/carousel.css HTTP/1.1" 200 2608 "http://5.45.183.91/store/" "Mozilla/5.0 (X11; Linux x86_64; rv:21.0) Gecko/20100101 Firefox/21.0"
117.192.75.241 - - [26/Jan/2014:18:15:13 +0300] "GET /store/catalog/view/javascript/common.js HTTP/1.1" 200 4922 "http://5.45.183.91/store/" "Mozilla/5.0 (X11; Linux x86_64; rv:21.0) Gecko/20100101 Firefox/21.0"
117.192.75.241 - - [26/Jan/2014:18:15:13 +0300] "GET /store/catalog/view/javascript/jquery/nivo-slider/jquery.nivo.slider.pack.js HTTP/1.1" 200 11561 "http://5.45.183.91/store/" "Mozilla/5.0 (X11; Linux x86_64; rv:21.0) Gecko/20100101 Firefox/21.0"
117.192.75.241 - - [26/Jan/2014:18:15:14 +0300] "GET /store/catalog/view/javascript/jquery/jquery.jcarousel.min.js HTTP/1.1" 200 15650 "http://5.45.183.91/store/" "Mozilla/5.0 (X11; Linux x86_64; rv:21.0) Gecko/20100101 Firefox/21.0"
117.192.75.241 - - [26/Jan/2014:18:15:13 +0300] "GET /store/catalog/view/javascript/jquery/ui/themes/ui-lightness/jquery-ui-1.8.16.custom.css HTTP/1.1" 200 33530 "http://5.45.183.91/store/" "Mozilla/5.0 (X11; Linux x86_64; rv:21.0) Gecko/20100101 Firefox/21.0"
117.192.75.241 - - [26/Jan/2014:18:15:16 +0300] "GET /analytics/index.php HTTP/1.1" 404 294 "-" "Mozilla/5.0 (X11; Linux x86_64; rv:21.0) Gecko/20100101 Firefox/21.0"
117.192.75.241 - - [26/Jan/2014:18:15:16 +0300] "GET /favicon.ico HTTP/1.1" 404 286 "-" "Mozilla/5.0 (X11; Linux x86_64; rv:21.0) Gecko/20100101 Firefox/21.0"
117.192.75.241 - - [26/Jan/2014:18:15:13 +0300] "GET /store/catalog/view/javascript/jquery/jquery-1.7.1.min.js HTTP/1.1" 200 93868 "http://5.45.183.91/store/" "Mozilla/5.0 (X11; Linux x86_64; rv:21.0) Gecko/20100101 Firefox/21.0"
117.192.75.241 - - [26/Jan/2014:18:15:17 +0300] "GET /favicon.ico HTTP/1.1" 404 286 "-" "Mozilla/5.0 (X11; Linux x86_64; rv:21.0) Gecko/20100101 Firefox/21.0"
117.192.75.241 - - [26/Jan/2014:18:15:13 +0300] "GET /store/catalog/view/javascript/jquery/ui/jquery-ui-1.8.16.custom.min.js HTTP/1.1" 200 210463 "http://5.45.183.91/store/" "Mozilla/5.0 (X11; Linux x86_64; rv:21.0) Gecko/20100101 Firefox/21.0"
117.192.75.241 - - [26/Jan/2014:18:15:24 +0300] "GET /analytics/ HTTP/1.1" 404 285 "-" "Mozilla/5.0 (X11; Linux x86_64; rv:21.0) Gecko/20100101 Firefox/21.0"
117.192.75.241 - - [26/Jan/2014:18:15:24 +0300] "GET /store/image/cache/data/demo/hp_logo-80x80.jpg HTTP/1.1" 200 3239 "http://5.45.183.91/store/" "Mozilla/5.0 (X11; Linux x86_64; rv:21.0) Gecko/20100101 Firefox/21.0"
117.192.75.241 - - [26/Jan/2014:18:15:24 +0300] "GET /store/image/cache/data/demo/hp_1-80x80.jpg HTTP/1.1" 200 2344 "http://5.45.183.91/store/" "Mozilla/5.0 (X11; Linux x86_64; rv:21.0) Gecko/20100101 Firefox/21.0"
117.192.75.241 - - [26/Jan/2014:18:15:24 +0300] "GET /store/image/cache/data/demo/iphone_1-80x80.jpg HTTP/1.1" 200 2642 "http://5.45.183.91/store/" "Mozilla/5.0 (X11; Linux x86_64; rv:21.0) Gecko/20100101 Firefox/21.0"
117.192.75.241 - - [26/Jan/2014:18:15:24 +0300] "GET /store/image/cache/data/demo/sony_logo-80x80.jpg HTTP/1.1" 200 1858 "http://5.45.183.91/store/" "Mozilla/5.0 (X11; Linux x86_64; rv:21.0) Gecko/20100101 Firefox/21.0"
117.192.75.241 - - [26/Jan/2014:18:15:25 +0300] "GET /store/image/cache/data/demo/macbook_1-80x80.jpg HTTP/1.1" 200 1836 "http://5.45.183.91/store/" "Mozilla/5.0 (X11; Linux x86_64; rv:21.0) Gecko/20100101 Firefox/21.0"
117.192.75.241 - - [26/Jan/2014:18:15:25 +0300] "GET /store/image/cache/data/demo/sony_vaio_1-80x80.jpg HTTP/1.1" 200 2171 "http://5.45.183.91/store/" "Mozilla/5.0 (X11; Linux x86_64; rv:21.0) Gecko/20100101 Firefox/21.0"
117.192.75.241 - - [26/Jan/2014:18:15:25 +0300] "GET /store/image/cache/data/demo/htc_logo-80x80.jpg HTTP/1.1" 200 2486 "http://5.45.183.91/store/" "Mozilla/5.0 (X11; Linux x86_64; rv:21.0) Gecko/20100101 Firefox/21.0"
117.192.75.241 - - [26/Jan/2014:18:15:25 +0300] "GET /store/image/cache/data/demo/apple_cinema_30-80x80.jpg HTTP/1.1" 200 2297 "http://5.45.183.91/store/" "Mozilla/5.0 (X11; Linux x86_64; rv:21.0) Gecko/20100101 Firefox/21.0"
117.192.75.241 - - [26/Jan/2014:18:15:25 +0300] "GET /store/image/cache/data/demo/palm_logo-80x80.jpg HTTP/1.1" 200 3144 "http://5.45.183.91/store/" "Mozilla/5.0 (X11; Linux x86_64; rv:21.0) Gecko/20100101 Firefox/21.0"
117.192.75.241 - - [26/Jan/2014:18:15:25 +0300] "GET /store/image/data/logo.png HTTP/1.1" 200 4141 "http://5.45.183.91/store/" "Mozilla/5.0 (X11; Linux x86_64; rv:21.0) Gecko/20100101 Firefox/21.0"
117.192.75.241 - - [26/Jan/2014:18:15:25 +0300] "GET /store/image/cache/data/demo/canon_logo-80x80.jpg HTTP/1.1" 200 1810 "http://5.45.183.91/store/" "Mozilla/5.0 (X11; Linux x86_64; rv:21.0) Gecko/20100101 Firefox/21.0"
117.192.75.241 - - [26/Jan/2014:18:15:25 +0300] "GET /store/image/cache/data/demo/apple_logo-80x80.jpg HTTP/1.1" 200 2015 "http://5.45.183.91/store/" "Mozilla/5.0 (X11; Linux x86_64; rv:21.0) Gecko/20100101 Firefox/21.0"
117.192.75.241 - - [26/Jan/2014:18:15:26 +0300] "GET /store/image/cache/data/demo/samsung_tab_1-80x80.jpg HTTP/1.1" 200 2360 "http://5.45.183.91/store/" "Mozilla/5.0 (X11; Linux x86_64; rv:21.0) Gecko/20100101 Firefox/21.0"
117.192.75.241 - - [26/Jan/2014:18:15:26 +0300] "GET /store/catalog/view/theme/default/image/arrow-down.png HTTP/1.1" 200 210 "http://5.45.183.91/store/catalog/view/theme/default/stylesheet/stylesheet.css" "Mozilla/5.0 (X11; Linux x86_64; rv:21.0) Gecko/20100101 Firefox/21.0"
117.192.75.241 - - [26/Jan/2014:18:15:24 +0300] "GET /store/image/cache/data/demo/samsung_banner-980x280.jpg HTTP/1.1" 200 44293 "http://5.45.183.91/store/" "Mozilla/5.0 (X11; Linux x86_64; rv:21.0) Gecko/20100101 Firefox/21.0"
117.192.75.241 - - [26/Jan/2014:18:15:26 +0300] "GET /store/catalog/view/theme/default/image/button-search.png HTTP/1.1" 200 468 "http://5.45.183.91/store/catalog/view/theme/default/stylesheet/stylesheet.css" "Mozilla/5.0 (X11; Linux x86_64; rv:21.0) Gecko/20100101 Firefox/21.0"
117.192.75.241 - - [26/Jan/2014:18:15:26 +0300] "GET /store/catalog/view/theme/default/image/loading.gif HTTP/1.1" 200 733 "http://5.45.183.91/store/catalog/view/theme/default/stylesheet/slideshow.css" "Mozilla/5.0 (X11; Linux x86_64; rv:21.0) Gecko/20100101 Firefox/21.0"
117.192.75.241 - - [26/Jan/2014:18:15:26 +0300] "GET /store/catalog/view/theme/default/image/background.png HTTP/1.1" 200 250 "http://5.45.183.91/store/catalog/view/theme/default/stylesheet/stylesheet.css" "Mozilla/5.0 (X11; Linux x86_64; rv:21.0) Gecko/20100101 Firefox/21.0"
117.192.75.241 - - [26/Jan/2014:18:15:26 +0300] "GET /store/catalog/view/theme/default/image/button.png HTTP/1.1" 200 271 "http://5.45.183.91/store/catalog/view/theme/default/stylesheet/stylesheet.css" "Mozilla/5.0 (X11; Linux x86_64; rv:21.0) Gecko/20100101 Firefox/21.0"
117.192.75.241 - - [26/Jan/2014:18:15:26 +0300] "GET /store/catalog/view/theme/default/image/button-previous.png HTTP/1.1" 200 344 "http://5.45.183.91/store/catalog/view/theme/default/stylesheet/carousel.css" "Mozilla/5.0 (X11; Linux x86_64; rv:21.0) Gecko/20100101 Firefox/21.0"
117.192.75.241 - - [26/Jan/2014:18:15:26 +0300] "GET /store/catalog/view/theme/default/image/button-next.png HTTP/1.1" 200 362 "http://5.45.183.91/store/catalog/view/theme/default/stylesheet/carousel.css" "Mozilla/5.0 (X11; Linux x86_64; rv:21.0) Gecko/20100101 Firefox/21.0"
117.192.75.241 - - [26/Jan/2014:18:15:27 +0300] "GET /store/catalog/view/theme/default/image/menu.png HTTP/1.1" 200 424 "http://5.45.183.91/store/catalog/view/theme/default/stylesheet/stylesheet.css" "Mozilla/5.0 (X11; Linux x86_64; rv:21.0) Gecko/20100101 Firefox/21.0"
117.192.75.241 - - [26/Jan/2014:18:15:27 +0300] "GET /store/catalog/view/theme/default/image/arrows.png HTTP/1.1" 200 824 "http://5.45.183.91/store/catalog/view/theme/default/stylesheet/slideshow.css" "Mozilla/5.0 (X11; Linux x86_64; rv:21.0) Gecko/20100101 Firefox/21.0"
117.192.75.241 - - [26/Jan/2014:18:15:27 +0300] "GET /store/catalog/view/theme/default/image/bullets.png HTTP/1.1" 200 1393 "http://5.45.183.91/store/catalog/view/theme/default/stylesheet/slideshow.css" "Mozilla/5.0 (X11; Linux x86_64; rv:21.0) Gecko/20100101 Firefox/21.0"
::1 - - [26/Jan/2014:18:15:28 +0300] "OPTIONS * HTTP/1.0" 200 - "-" "Apache/2.2.15 (CentOS) (internal dummy connection)"
117.192.75.241 - - [26/Jan/2014:18:15:32 +0300] "GET /store/image/data/cart.png HTTP/1.1" 200 421 "-" "Mozilla/5.0 (X11; Linux x86_64; rv:21.0) Gecko/20100101 Firefox/21.0"
::1 - - [26/Jan/2014:18:15:34 +0300] "OPTIONS * HTTP/1.0" 200 - "-" "Apache/2.2.15 (CentOS) (internal dummy connection)"
117.192.75.241 - - [26/Jan/2014:18:16:17 +0300] "GET /store/piwik HTTP/1.1" 301 316 "-" "Mozilla/5.0 (X11; Linux x86_64; rv:21.0) Gecko/20100101 Firefox/21.0"
117.192.75.241 - - [26/Jan/2014:18:16:17 +0300] "GET /store/piwik/ HTTP/1.1" 200 6167 "-" "Mozilla/5.0 (X11; Linux x86_64; rv:21.0) Gecko/20100101 Firefox/21.0"
117.192.75.241 - - [26/Jan/2014:18:16:18 +0300] "GET /store/piwik/plugins/Login/stylesheets/login.css?cb=4534793a074460ed89143249f239e2cc HTTP/1.1" 200 3564 "http://5.45.183.91/store/piwik/" "Mozilla/5.0 (X11; Linux x86_64; rv:21.0) Gecko/20100101 Firefox/21.0"
117.192.75.241 - - [26/Jan/2014:18:16:18 +0300] "GET /store/piwik/libs/jquery/jquery.placeholder.js?cb=4534793a074460ed89143249f239e2cc HTTP/1.1" 200 4515 "http://5.45.183.91/store/piwik/" "Mozilla/5.0 (X11; Linux x86_64; rv:21.0) Gecko/20100101 Firefox/21.0"
117.192.75.241 - - [26/Jan/2014:18:16:19 +0300] "GET /store/piwik/plugins/CoreHome/javascripts/require.js?cb=4534793a074460ed89143249f239e2cc HTTP/1.1" 200 1297 "http://5.45.183.91/store/piwik/" "Mozilla/5.0 (X11; Linux x86_64; rv:21.0) Gecko/20100101 Firefox/21.0"
117.192.75.241 - - [26/Jan/2014:18:16:19 +0300] "GET /store/piwik/plugins/CoreHome/images/favicon.ico HTTP/1.1" 200 17947 "-" "Mozilla/5.0 (X11; Linux x86_64; rv:21.0) Gecko/20100101 Firefox/21.0"
117.192.75.241 - - [26/Jan/2014:18:16:18 +0300] "GET /store/piwik/index.php?module=Proxy&action=getCss&cb=4534793a074460ed89143249f239e2cc HTTP/1.1" 200 33943 "http://5.45.183.91/store/piwik/" "Mozilla/5.0 (X11; Linux x86_64; rv:21.0) Gecko/20100101 Firefox/21.0"
117.192.75.241 - - [26/Jan/2014:18:16:23 +0300] "GET /store/piwik/plugins/CoreHome/javascripts/notification.js?cb=4534793a074460ed89143249f239e2cc HTTP/1.1" 200 6437 "http://5.45.183.91/store/piwik/" "Mozilla/5.0 (X11; Linux x86_64; rv:21.0) Gecko/20100101 Firefox/21.0"
117.192.75.241 - - [26/Jan/2014:18:16:23 +0300] "GET /store/piwik/plugins/CoreHome/javascripts/notification_parser.js?cb=4534793a074460ed89143249f239e2cc HTTP/1.1" 200 824 "http://5.45.183.91/store/piwik/" "Mozilla/5.0 (X11; Linux x86_64; rv:21.0) Gecko/20100101 Firefox/21.0"
117.192.75.241 - - [26/Jan/2014:18:16:23 +0300] "GET /store/piwik/plugins/Login/javascripts/login.js?cb=4534793a074460ed89143249f239e2cc HTTP/1.1" 200 3457 "http://5.45.183.91/store/piwik/" "Mozilla/5.0 (X11; Linux x86_64; rv:21.0) Gecko/20100101 Firefox/21.0"
::1 - - [26/Jan/2014:18:16:25 +0300] "OPTIONS * HTTP/1.0" 200 - "-" "Apache/2.2.15 (CentOS) (internal dummy connection)"
::1 - - [26/Jan/2014:18:16:26 +0300] "OPTIONS * HTTP/1.0" 200 - "-" "Apache/2.2.15 (CentOS) (internal dummy connection)"
117.192.75.241 - - [26/Jan/2014:18:16:18 +0300] "GET /store/piwik/libs/jquery/jquery.js?cb=4534793a074460ed89143249f239e2cc HTTP/1.1" 200 93068 "http://5.45.183.91/store/piwik/" "Mozilla/5.0 (X11; Linux x86_64; rv:21.0) Gecko/20100101 Firefox/21.0"
117.192.75.241 - - [26/Jan/2014:18:16:44 +0300] "GET /store/piwik/plugins/Morpheus/images/logo.svg HTTP/1.1" 200 2290 "http://5.45.183.91/store/piwik/" "Mozilla/5.0 (X11; Linux x86_64; rv:21.0) Gecko/20100101 Firefox/21.0"
117.192.75.241 - - [26/Jan/2014:18:16:44 +0300] "GET /store/piwik/plugins/Morpheus/images/loading-blue.gif HTTP/1.1" 200 723 "http://5.45.183.91/store/piwik/" "Mozilla/5.0 (X11; Linux x86_64; rv:21.0) Gecko/20100101 Firefox/21.0"
117.192.75.241 - - [26/Jan/2014:18:16:44 +0300] "GET /store/piwik/plugins/Zeitgeist/images/affix-arrow.png HTTP/1.1" 200 3179 "http://5.45.183.91/store/piwik/plugins/Login/stylesheets/login.css?cb=4534793a074460ed89143249f239e2cc" "Mozilla/5.0 (X11; Linux x86_64; rv:21.0) Gecko/20100101 Firefox/21.0"
117.192.75.241 - - [26/Jan/2014:18:16:44 +0300] "GET /store/piwik/plugins/Zeitgeist/images/login-sprite.png HTTP/1.1" 200 10200 "http://5.45.183.91/store/piwik/plugins/Login/stylesheets/login.css?cb=4534793a074460ed89143249f239e2cc" "Mozilla/5.0 (X11; Linux x86_64; rv:21.0) Gecko/20100101 Firefox/21.0"
::1 - - [26/Jan/2014:18:16:46 +0300] "OPTIONS * HTTP/1.0" 200 - "-" "Apache/2.2.15 (CentOS) (internal dummy connection)"
::1 - - [26/Jan/2014:18:16:51 +0300] "OPTIONS * HTTP/1.0" 200 - "-" "Apache/2.2.15 (CentOS) (internal dummy connection)"
::1 - - [26/Jan/2014:18:16:52 +0300] "OPTIONS * HTTP/1.0" 200 - "-" "Apache/2.2.15 (CentOS) (internal dummy connection)"
117.192.75.241 - - [26/Jan/2014:18:16:52 +0300] "POST /store/piwik/ HTTP/1.1" 200 6352 "http://5.45.183.91/store/piwik/" "Mozilla/5.0 (X11; Linux x86_64; rv:21.0) Gecko/20100101 Firefox/21.0"
117.192.75.241 - - [26/Jan/2014:18:16:53 +0300] "GET /store/piwik/plugins/Login/stylesheets/login.css?cb=4534793a074460ed89143249f239e2cc HTTP/1.1" 304 - "http://5.45.183.91/store/piwik/" "Mozilla/5.0 (X11; Linux x86_64; rv:21.0) Gecko/20100101 Firefox/21.0"
117.192.75.241 - - [26/Jan/2014:18:16:53 +0300] "GET /store/piwik/libs/jquery/jquery.placeholder.js?cb=4534793a074460ed89143249f239e2cc HTTP/1.1" 304 - "http://5.45.183.91/store/piwik/" "Mozilla/5.0 (X11; Linux x86_64; rv:21.0) Gecko/20100101 Firefox/21.0"
117.192.75.241 - - [26/Jan/2014:18:16:53 +0300] "GET /store/piwik/plugins/CoreHome/javascripts/require.js?cb=4534793a074460ed89143249f239e2cc HTTP/1.1" 304 - "http://5.45.183.91/store/piwik/" "Mozilla/5.0 (X11; Linux x86_64; rv:21.0) Gecko/20100101 Firefox/21.0"
117.192.75.241 - - [26/Jan/2014:18:16:53 +0300] "GET /store/piwik/libs/jquery/jquery.js?cb=4534793a074460ed89143249f239e2cc HTTP/1.1" 304 - "http://5.45.183.91/store/piwik/" "Mozilla/5.0 (X11; Linux x86_64; rv:21.0) Gecko/20100101 Firefox/21.0"
117.192.75.241 - - [26/Jan/2014:18:16:53 +0300] "GET /store/piwik/plugins/CoreHome/javascripts/notification.js?cb=4534793a074460ed89143249f239e2cc HTTP/1.1" 304 - "http://5.45.183.91/store/piwik/" "Mozilla/5.0 (X11; Linux x86_64; rv:21.0) Gecko/20100101 Firefox/21.0"
117.192.75.241 - - [26/Jan/2014:18:16:53 +0300] "GET /store/piwik/plugins/CoreHome/javascripts/notification_parser.js?cb=4534793a074460ed89143249f239e2cc HTTP/1.1" 304 - "http://5.45.183.91/store/piwik/" "Mozilla/5.0 (X11; Linux x86_64; rv:21.0) Gecko/20100101 Firefox/21.0"
117.192.75.241 - - [26/Jan/2014:18:16:53 +0300] "GET /store/piwik/plugins/Login/javascripts/login.js?cb=4534793a074460ed89143249f239e2cc HTTP/1.1" 304 - "http://5.45.183.91/store/piwik/" "Mozilla/5.0 (X11; Linux x86_64; rv:21.0) Gecko/20100101 Firefox/21.0"
::1 - - [26/Jan/2014:18:16:54 +0300] "OPTIONS * HTTP/1.0" 200 - "-" "Apache/2.2.15 (CentOS) (internal dummy connection)"
117.192.75.241 - - [26/Jan/2014:18:16:56 +0300] "POST /store/piwik/ HTTP/1.1" 200 6352 "http://5.45.183.91/store/piwik/" "Mozilla/5.0 (X11; Linux x86_64; rv:21.0) Gecko/20100101 Firefox/21.0"
117.192.75.241 - - [26/Jan/2014:18:16:57 +0300] "GET /store/piwik/plugins/Login/stylesheets/login.css?cb=4534793a074460ed89143249f239e2cc HTTP/1.1" 304 - "http://5.45.183.91/store/piwik/" "Mozilla/5.0 (X11; Linux x86_64; rv:21.0) Gecko/20100101 Firefox/21.0"
117.192.75.241 - - [26/Jan/2014:18:16:57 +0300] "GET /store/piwik/libs/jquery/jquery.js?cb=4534793a074460ed89143249f239e2cc HTTP/1.1" 304 - "http://5.45.183.91/store/piwik/" "Mozilla/5.0 (X11; Linux x86_64; rv:21.0) Gecko/20100101 Firefox/21.0"
117.192.75.241 - - [26/Jan/2014:18:16:57 +0300] "GET /store/piwik/libs/jquery/jquery.placeholder.js?cb=4534793a074460ed89143249f239e2cc HTTP/1.1" 304 - "http://5.45.183.91/store/piwik/" "Mozilla/5.0 (X11; Linux x86_64; rv:21.0) Gecko/20100101 Firefox/21.0"
117.192.75.241 - - [26/Jan/2014:18:16:57 +0300] "GET /store/piwik/plugins/CoreHome/javascripts/require.js?cb=4534793a074460ed89143249f239e2cc HTTP/1.1" 304 - "http://5.45.183.91/store/piwik/" "Mozilla/5.0 (X11; Linux x86_64; rv:21.0) Gecko/20100101 Firefox/21.0"
117.192.75.241 - - [26/Jan/2014:18:16:57 +0300] "GET /store/piwik/plugins/CoreHome/javascripts/notification.js?cb=4534793a074460ed89143249f239e2cc HTTP/1.1" 304 - "http://5.45.183.91/store/piwik/" "Mozilla/5.0 (X11; Linux x86_64; rv:21.0) Gecko/20100101 Firefox/21.0"
117.192.75.241 - - [26/Jan/2014:18:16:57 +0300] "GET /store/piwik/plugins/CoreHome/javascripts/notification_parser.js?cb=4534793a074460ed89143249f239e2cc HTTP/1.1" 304 - "http://5.45.183.91/store/piwik/" "Mozilla/5.0 (X11; Linux x86_64; rv:21.0) Gecko/20100101 Firefox/21.0"
117.192.75.241 - - [26/Jan/2014:18:16:57 +0300] "GET /store/piwik/plugins/Login/javascripts/login.js?cb=4534793a074460ed89143249f239e2cc HTTP/1.1" 304 - "http://5.45.183.91/store/piwik/" "Mozilla/5.0 (X11; Linux x86_64; rv:21.0) Gecko/20100101 Firefox/21.0"
::1 - - [26/Jan/2014:18:16:58 +0300] "OPTIONS * HTTP/1.0" 200 - "-" "Apache/2.2.15 (CentOS) (internal dummy connection)"
::1 - - [26/Jan/2014:18:16:59 +0300] "OPTIONS * HTTP/1.0" 200 - "-" "Apache/2.2.15 (CentOS) (internal dummy connection)"
::1 - - [26/Jan/2014:18:17:04 +0300] "OPTIONS * HTTP/1.0" 200 - "-" "Apache/2.2.15 (CentOS) (internal dummy connection)"
117.192.75.241 - - [26/Jan/2014:18:17:23 +0300] "POST /store/piwik/ HTTP/1.1" 302 - "http://5.45.183.91/store/piwik/" "Mozilla/5.0 (X11; Linux x86_64; rv:21.0) Gecko/20100101 Firefox/21.0"
117.192.75.241 - - [26/Jan/2014:18:17:23 +0300] "GET /store/piwik/index.php HTTP/1.1" 302 - "http://5.45.183.91/store/piwik/" "Mozilla/5.0 (X11; Linux x86_64; rv:21.0) Gecko/20100101 Firefox/21.0"
117.192.75.241 - - [26/Jan/2014:18:17:24 +0300] "GET /store/piwik/index.php?module=CoreHome&action=index&idSite=1&period=day&date=yesterday HTTP/1.1" 302 - "http://5.45.183.91/store/piwik/" "Mozilla/5.0 (X11; Linux x86_64; rv:21.0) Gecko/20100101 Firefox/21.0"
117.192.75.241 - - [26/Jan/2014:18:17:25 +0300] "GET /store/piwik/index.php?module=CoreHome&action=index&idSite=1&period=day&date=today HTTP/1.1" 200 63143 "http://5.45.183.91/store/piwik/" "Mozilla/5.0 (X11; Linux x86_64; rv:21.0) Gecko/20100101 Firefox/21.0"
::1 - - [26/Jan/2014:18:17:32 +0300] "OPTIONS * HTTP/1.0" 200 - "-" "Apache/2.2.15 (CentOS) (internal dummy connection)"
117.192.75.241 - - [26/Jan/2014:18:17:26 +0300] "GET /store/piwik/index.php?module=Proxy&action=getCoreJs&cb=4534793a074460ed89143249f239e2cc HTTP/1.1" 200 316400 "http://5.45.183.91/store/piwik/index.php?module=CoreHome&action=index&idSite=1&period=day&date=today" "Mozilla/5.0 (X11; Linux x86_64; rv:21.0) Gecko/20100101 Firefox/21.0"
117.192.75.241 - - [26/Jan/2014:18:17:26 +0300] "GET /store/piwik/index.php?module=Proxy&action=getNonCoreJs&cb=4534793a074460ed89143249f239e2cc HTTP/1.1" 200 63 "http://5.45.183.91/store/piwik/index.php?module=CoreHome&action=index&idSite=1&period=day&date=today" "Mozilla/5.0 (X11; Linux x86_64; rv:21.0) Gecko/20100101 Firefox/21.0"
::1 - - [26/Jan/2014:18:17:33 +0300] "OPTIONS * HTTP/1.0" 200 - "-" "Apache/2.2.15 (CentOS) (internal dummy connection)"
117.192.75.241 - - [26/Jan/2014:18:17:33 +0300] "GET /store/piwik/plugins/CoreHome/images/reset_search.png HTTP/1.1" 200 1021 "http://5.45.183.91/store/piwik/index.php?module=CoreHome&action=index&idSite=1&period=day&date=today" "Mozilla/5.0 (X11; Linux x86_64; rv:21.0) Gecko/20100101 Firefox/21.0"
117.192.75.241 - - [26/Jan/2014:18:17:33 +0300] "GET /store/piwik/plugins/Zeitgeist/images/reload.png HTTP/1.1" 200 892 "http://5.45.183.91/store/piwik/index.php?module=CoreHome&action=index&idSite=1&period=day&date=today" "Mozilla/5.0 (X11; Linux x86_64; rv:21.0) Gecko/20100101 Firefox/21.0"
117.192.75.241 - - [26/Jan/2014:18:17:33 +0300] "GET /store/piwik/plugins/Morpheus/images/icon-calendar.gif HTTP/1.1" 200 1260 "http://5.45.183.91/store/piwik/index.php?module=Proxy&action=getCss&cb=4534793a074460ed89143249f239e2cc" "Mozilla/5.0 (X11; Linux x86_64; rv:21.0) Gecko/20100101 Firefox/21.0"
117.192.75.241 - - [26/Jan/2014:18:17:34 +0300] "GET /store/piwik/libs/jquery/themes/base/images/ui-bg_flat_75_ffffff_40x100.png HTTP/1.1" 200 178 "http://5.45.183.91/store/piwik/index.php?module=Proxy&action=getCss&cb=4534793a074460ed89143249f239e2cc" "Mozilla/5.0 (X11; Linux x86_64; rv:21.0) Gecko/20100101 Firefox/21.0"
117.192.75.241 - - [26/Jan/2014:18:17:33 +0300] "POST /store/piwik/index.php?date=today&module=Dashboard&action=embeddedIndex&idSite=1&period=day&idDashboard=1 HTTP/1.1" 200 17191 "http://5.45.183.91/store/piwik/index.php?module=CoreHome&action=index&idSite=1&period=day&date=today" "Mozilla/5.0 (X11; Linux x86_64; rv:21.0) Gecko/20100101 Firefox/21.0"
::1 - - [26/Jan/2014:18:17:34 +0300] "OPTIONS * HTTP/1.0" 200 - "-" "Apache/2.2.15 (CentOS) (internal dummy connection)"
117.192.75.241 - - [26/Jan/2014:18:17:34 +0300] "POST /store/piwik/index.php?date=2014-01-26&module=VisitsSummary&action=getEvolutionGraph&columns=nb_visits&widget=1&idSite=1&period=day HTTP/1.1" 200 12378 "http://5.45.183.91/store/piwik/index.php?module=CoreHome&action=index&idSite=1&period=day&date=today" "Mozilla/5.0 (X11; Linux x86_64; rv:21.0) Gecko/20100101 Firefox/21.0"
117.192.75.241 - - [26/Jan/2014:18:17:35 +0300] "POST /store/piwik/index.php?date=2014-01-26&module=VisitorInterest&action=getNumberOfVisitsPerVisitDuration&widget=1&idSite=1&period=day HTTP/1.1" 200 6205 "http://5.45.183.91/store/piwik/index.php?module=CoreHome&action=index&idSite=1&period=day&date=today" "Mozilla/5.0 (X11; Linux x86_64; rv:21.0) Gecko/20100101 Firefox/21.0"
117.192.75.241 - - [26/Jan/2014:18:17:35 +0300] "POST /store/piwik/index.php?date=2014-01-26&module=Live&action=widget&widget=1&idSite=1&period=day HTTP/1.1" 200 2802 "http://5.45.183.91/store/piwik/index.php?module=CoreHome&action=index&idSite=1&period=day&date=today" "Mozilla/5.0 (X11; Linux x86_64; rv:21.0) Gecko/20100101 Firefox/21.0"
117.192.75.241 - - [26/Jan/2014:18:17:35 +0300] "POST /store/piwik/index.php?date=2014-01-26&module=CoreHome&action=getDonateForm&widget=1&idSite=1&period=day HTTP/1.1" 200 3004 "http://5.45.183.91/store/piwik/index.php?module=CoreHome&action=index&idSite=1&period=day&date=today" "Mozilla/5.0 (X11; Linux x86_64; rv:21.0) Gecko/20100101 Firefox/21.0"
117.192.75.241 - - [26/Jan/2014:18:17:35 +0300] "POST /store/piwik/index.php?date=2014-01-26&module=Referrers&action=getWebsites&widget=1&idSite=1&period=day HTTP/1.1" 200 7539 "http://5.45.183.91/store/piwik/index.php?module=CoreHome&action=index&idSite=1&period=day&date=today" "Mozilla/5.0 (X11; Linux x86_64; rv:21.0) Gecko/20100101 Firefox/21.0"
117.192.75.241 - - [26/Jan/2014:18:17:35 +0300] "POST /store/piwik/index.php?date=2014-01-26&module=Referrers&action=getKeywords&widget=1&idSite=1&period=day HTTP/1.1" 200 7599 "http://5.45.183.91/store/piwik/index.php?module=CoreHome&action=index&idSite=1&period=day&date=today" "Mozilla/5.0 (X11; Linux x86_64; rv:21.0) Gecko/20100101 Firefox/21.0"
117.192.75.241 - - [26/Jan/2014:18:17:36 +0300] "GET /store/piwik/plugins/Morpheus/images/export.png HTTP/1.1" 200 1182 "http://5.45.183.91/store/piwik/index.php?module=CoreHome&action=index&idSite=1&period=day&date=today" "Mozilla/5.0 (X11; Linux x86_64; rv:21.0) Gecko/20100101 Firefox/21.0"
117.192.75.241 - - [26/Jan/2014:18:17:35 +0300] "POST /store/piwik/index.php?date=2014-01-26&module=UserCountryMap&action=visitorMap&widget=1&idSite=1&period=day HTTP/1.1" 200 4249 "http://5.45.183.91/store/piwik/index.php?module=CoreHome&action=index&idSite=1&period=day&date=today" "Mozilla/5.0 (X11; Linux x86_64; rv:21.0) Gecko/20100101 Firefox/21.0"
117.192.75.241 - - [26/Jan/2014:18:17:36 +0300] "GET /store/piwik/plugins/Morpheus/images/grey_marker.png HTTP/1.1" 200 1069 "http://5.45.183.91/store/piwik/index.php?module=CoreHome&action=index&idSite=1&period=day&date=today" "Mozilla/5.0 (X11; Linux x86_64; rv:21.0) Gecko/20100101 Firefox/21.0"
117.192.75.241 - - [26/Jan/2014:18:17:36 +0300] "GET /store/piwik/plugins/Morpheus/images/table.png HTTP/1.1" 200 1056 "http://5.45.183.91/store/piwik/index.php?module=CoreHome&action=index&idSite=1&period=day&date=today" "Mozilla/5.0 (X11; Linux x86_64; rv:21.0) Gecko/20100101 Firefox/21.0"
117.192.75.241 - - [26/Jan/2014:18:17:36 +0300] "POST /store/piwik/index.php?date=2014-01-26&module=UserSettings&action=getBrowser&widget=1&idSite=1&period=day HTTP/1.1" 200 7428 "http://5.45.183.91/store/piwik/index.php?module=CoreHome&action=index&idSite=1&period=day&date=today" "Mozilla/5.0 (X11; Linux x86_64; rv:21.0) Gecko/20100101 Firefox/21.0"
117.192.75.241 - - [26/Jan/2014:18:17:36 +0300] "GET /store/piwik/plugins/Morpheus/images/chart_bar.png HTTP/1.1" 200 968 "http://5.45.183.91/store/piwik/index.php?module=CoreHome&action=index&idSite=1&period=day&date=today" "Mozilla/5.0 (X11; Linux x86_64; rv:21.0) Gecko/20100101 Firefox/21.0"
117.192.75.241 - - [26/Jan/2014:18:17:36 +0300] "GET /store/piwik/plugins/Morpheus/images/chart_pie.png HTTP/1.1" 200 1223 "http://5.45.183.91/store/piwik/index.php?module=CoreHome&action=index&idSite=1&period=day&date=today" "Mozilla/5.0 (X11; Linux x86_64; rv:21.0) Gecko/20100101 Firefox/21.0"
117.192.75.241 - - [26/Jan/2014:18:17:36 +0300] "GET /store/piwik/plugins/Morpheus/images/tagcloud.png HTTP/1.1" 200 1098 "http://5.45.183.91/store/piwik/index.php?module=CoreHome&action=index&idSite=1&period=day&date=today" "Mozilla/5.0 (X11; Linux x86_64; rv:21.0) Gecko/20100101 Firefox/21.0"
117.192.75.241 - - [26/Jan/2014:18:17:37 +0300] "GET /store/piwik/plugins/Zeitgeist/images/smileyprog_1.png HTTP/1.1" 200 4268 "http://5.45.183.91/store/piwik/index.php?module=CoreHome&action=index&idSite=1&period=day&date=today" "Mozilla/5.0 (X11; Linux x86_64; rv:21.0) Gecko/20100101 Firefox/21.0"
117.192.75.241 - - [26/Jan/2014:18:17:37 +0300] "GET /store/piwik/plugins/Morpheus/images/table_more.png HTTP/1.1" 200 1157 "http://5.45.183.91/store/piwik/index.php?module=CoreHome&action=index&idSite=1&period=day&date=today" "Mozilla/5.0 (X11; Linux x86_64; rv:21.0) Gecko/20100101 Firefox/21.0"
117.192.75.241 - - [26/Jan/2014:18:17:37 +0300] "GET /store/piwik/plugins/Morpheus/images/goal.png HTTP/1.1" 200 1042 "http://5.45.183.91/store/piwik/index.php?module=CoreHome&action=index&idSite=1&period=day&date=today" "Mozilla/5.0 (X11; Linux x86_64; rv:21.0) Gecko/20100101 Firefox/21.0"
117.192.75.241 - - [26/Jan/2014:18:17:37 +0300] "GET /store/piwik/plugins/Morpheus/images/close.png HTTP/1.1" 200 1122 "http://5.45.183.91/store/piwik/index.php?module=CoreHome&action=index&idSite=1&period=day&date=today" "Mozilla/5.0 (X11; Linux x86_64; rv:21.0) Gecko/20100101 Firefox/21.0"
117.192.75.241 - - [26/Jan/2014:18:17:37 +0300] "GET /store/piwik/plugins/Morpheus/images/maximise.png HTTP/1.1" 200 1053 "http://5.45.183.91/store/piwik/index.php?module=CoreHome&action=index&idSite=1&period=day&date=today" "Mozilla/5.0 (X11; Linux x86_64; rv:21.0) Gecko/20100101 Firefox/21.0"
117.192.75.241 - - [26/Jan/2014:18:17:37 +0300] "POST /store/piwik/index.php?date=2014-01-26&module=Referrers&action=getSearchEngines&widget=1&idSite=1&period=day HTTP/1.1" 200 7398 "http://5.45.183.91/store/piwik/index.php?module=CoreHome&action=index&idSite=1&period=day&date=today" "Mozilla/5.0 (X11; Linux x86_64; rv:21.0) Gecko/20100101 Firefox/21.0"
117.192.75.241 - - [26/Jan/2014:18:17:37 +0300] "GET /store/piwik/plugins/Morpheus/images/minimise.png HTTP/1.1" 200 968 "http://5.45.183.91/store/piwik/index.php?module=CoreHome&action=index&idSite=1&period=day&date=today" "Mozilla/5.0 (X11; Linux x86_64; rv:21.0) Gecko/20100101 Firefox/21.0"
117.192.75.241 - - [26/Jan/2014:18:17:37 +0300] "GET /store/piwik/plugins/Morpheus/images/refresh.png HTTP/1.1" 200 1312 "http://5.45.183.91/store/piwik/index.php?module=CoreHome&action=index&idSite=1&period=day&date=today" "Mozilla/5.0 (X11; Linux x86_64; rv:21.0) Gecko/20100101 Firefox/21.0"
117.192.75.241 - - [26/Jan/2014:18:17:37 +0300] "GET /store/piwik/plugins/Zeitgeist/images/data_table_footer_active_item.png HTTP/1.1" 200 145 "http://5.45.183.91/store/piwik/index.php?module=CoreHome&action=index&idSite=1&period=day&date=today" "Mozilla/5.0 (X11; Linux x86_64; rv:21.0) Gecko/20100101 Firefox/21.0"
117.192.75.241 - - [26/Jan/2014:18:17:38 +0300] "GET /store/piwik/plugins/Zeitgeist/images/feed.png HTTP/1.1" 200 691 "http://5.45.183.91/store/piwik/index.php?module=CoreHome&action=index&idSite=1&period=day&date=today" "Mozilla/5.0 (X11; Linux x86_64; rv:21.0) Gecko/20100101 Firefox/21.0"
117.192.75.241 - - [26/Jan/2014:18:17:38 +0300] "GET /store/piwik/plugins/Morpheus/images/image.png HTTP/1.1" 200 1139 "http://5.45.183.91/store/piwik/index.php?module=CoreHome&action=index&idSite=1&period=day&date=today" "Mozilla/5.0 (X11; Linux x86_64; rv:21.0) Gecko/20100101 Firefox/21.0"
117.192.75.241 - - [26/Jan/2014:18:17:37 +0300] "POST /store/piwik/index.php?date=2014-01-26&module=ExampleRssWidget&action=rssPiwik&widget=1&idSite=1&period=day HTTP/1.1" 200 2622 "http://5.45.183.91/store/piwik/index.php?module=CoreHome&action=index&idSite=1&period=day&date=today" "Mozilla/5.0 (X11; Linux x86_64; rv:21.0) Gecko/20100101 Firefox/21.0"
117.192.75.241 - - [26/Jan/2014:18:17:38 +0300] "GET /store/piwik/plugins/Morpheus/images/configure.png HTTP/1.1" 200 1210 "http://5.45.183.91/store/piwik/index.php?module=Proxy&action=getCss&cb=4534793a074460ed89143249f239e2cc" "Mozilla/5.0 (X11; Linux x86_64; rv:21.0) Gecko/20100101 Firefox/21.0"
117.192.75.241 - - [26/Jan/2014:18:17:37 +0300] "POST /store/piwik/index.php?date=2014-01-26&module=VisitTime&action=getVisitInformationPerServerTime&widget=1&idSite=1&period=day HTTP/1.1" 200 9049 "http://5.45.183.91/store/piwik/index.php?module=CoreHome&action=index&idSite=1&period=day&date=today" "Mozilla/5.0 (X11; Linux x86_64; rv:21.0) Gecko/20100101 Firefox/21.0"
117.192.75.241 - - [26/Jan/2014:18:17:38 +0300] "GET /store/piwik/plugins/Zeitgeist/images/chart_line_edit.png HTTP/1.1" 200 993 "http://5.45.183.91/store/piwik/index.php?module=Proxy&action=getCss&cb=4534793a074460ed89143249f239e2cc" "Mozilla/5.0 (X11; Linux x86_64; rv:21.0) Gecko/20100101 Firefox/21.0"
117.192.75.241 - - [26/Jan/2014:18:17:37 +0300] "POST /store/piwik/index.php?date=2014-01-26&module=Dashboard&action=getAllDashboards&idSite=1&period=day HTTP/1.1" 200 2 "http://5.45.183.91/store/piwik/index.php?module=CoreHome&action=index&idSite=1&period=day&date=today" "Mozilla/5.0 (X11; Linux x86_64; rv:21.0) Gecko/20100101 Firefox/21.0"
117.192.75.241 - - [26/Jan/2014:18:17:37 +0300] "POST /store/piwik/index.php?date=2014-01-26&module=Annotations&action=getEvolutionIcons&idSite=1&period=day&lastN=30 HTTP/1.1" 200 7997 "http://5.45.183.91/store/piwik/index.php?module=CoreHome&action=index&idSite=1&period=day&date=today" "Mozilla/5.0 (X11; Linux x86_64; rv:21.0) Gecko/20100101 Firefox/21.0"
::1 - - [26/Jan/2014:18:17:39 +0300] "OPTIONS * HTTP/1.0" 200 - "-" "Apache/2.2.15 (CentOS) (internal dummy connection)"
117.192.75.241 - - [26/Jan/2014:18:17:39 +0300] "GET /store/piwik/plugins/Morpheus/images/pause_disabled.gif HTTP/1.1" 200 1141 "http://5.45.183.91/store/piwik/index.php?module=CoreHome&action=index&idSite=1&period=day&date=today" "Mozilla/5.0 (X11; Linux x86_64; rv:21.0) Gecko/20100101 Firefox/21.0"
117.192.75.241 - - [26/Jan/2014:18:17:39 +0300] "GET /store/piwik/plugins/Morpheus/images/play.gif HTTP/1.1" 200 1184 "http://5.45.183.91/store/piwik/index.php?module=CoreHome&action=index&idSite=1&period=day&date=today" "Mozilla/5.0 (X11; Linux x86_64; rv:21.0) Gecko/20100101 Firefox/21.0"
117.192.75.241 - - [26/Jan/2014:18:17:39 +0300] "GET /store/piwik/plugins/Zeitgeist/images/paypal_subscribe.gif HTTP/1.1" 200 3080 "http://5.45.183.91/store/piwik/index.php?module=CoreHome&action=index&idSite=1&period=day&date=today" "Mozilla/5.0 (X11; Linux x86_64; rv:21.0) Gecko/20100101 Firefox/21.0"
117.192.75.241 - - [26/Jan/2014:18:17:39 +0300] "GET /store/piwik/plugins/Zeitgeist/images/smileyprog_0.png HTTP/1.1" 200 4045 "http://5.45.183.91/store/piwik/index.php?module=CoreHome&action=index&idSite=1&period=day&date=today" "Mozilla/5.0 (X11; Linux x86_64; rv:21.0) Gecko/20100101 Firefox/21.0"
117.192.75.241 - - [26/Jan/2014:18:17:39 +0300] "GET /store/piwik/plugins/Zeitgeist/images/smileyprog_2.png HTTP/1.1" 200 4292 "http://5.45.183.91/store/piwik/index.php?module=CoreHome&action=index&idSite=1&period=day&date=today" "Mozilla/5.0 (X11; Linux x86_64; rv:21.0) Gecko/20100101 Firefox/21.0"
