106.51.175.107 - - [26/Jan/2014:17:26:26 +0300] "GET /store/admin/index.php?route=common/login&token=6b1b5e4eeb86e8280591724b70f723c8 HTTP/1.1" 302 - "http://5.45.183.91/store/admin/index.php?route=common/login" "Mozilla/5.0 (Macintosh; Intel Mac OS X 10_7_5) AppleWebKit/537.36 (KHTML, like Gecko) Chrome/32.0.1700.77 Safari/537.36"
106.51.175.107 - - [26/Jan/2014:17:26:26 +0300] "GET /store/admin/index.php?route=common/home&token=6b1b5e4eeb86e8280591724b70f723c8 HTTP/1.1" 200 18267 "http://5.45.183.91/store/admin/index.php?route=common/login" "Mozilla/5.0 (Macintosh; Intel Mac OS X 10_7_5) AppleWebKit/537.36 (KHTML, like Gecko) Chrome/32.0.1700.77 Safari/537.36"
106.51.175.107 - - [26/Jan/2014:17:26:27 +0300] "GET /store/admin/view/image/lock.png HTTP/1.1" 304 - "http://5.45.183.91/store/admin/index.php?route=common/home&token=6b1b5e4eeb86e8280591724b70f723c8" "Mozilla/5.0 (Macintosh; Intel Mac OS X 10_7_5) AppleWebKit/537.36 (KHTML, like Gecko) Chrome/32.0.1700.77 Safari/537.36"
106.51.175.107 - - [26/Jan/2014:17:26:27 +0300] "GET /store/admin/view/image/menu.png HTTP/1.1" 304 - "http://5.45.183.91/store/admin/index.php?route=common/home&token=6b1b5e4eeb86e8280591724b70f723c8" "Mozilla/5.0 (Macintosh; Intel Mac OS X 10_7_5) AppleWebKit/537.36 (KHTML, like Gecko) Chrome/32.0.1700.77 Safari/537.36"
106.51.175.107 - - [26/Jan/2014:17:26:27 +0300] "GET /store/admin/view/image/home.png HTTP/1.1" 304 - "http://5.45.183.91/store/admin/index.php?route=common/home&token=6b1b5e4eeb86e8280591724b70f723c8" "Mozilla/5.0 (Macintosh; Intel Mac OS X 10_7_5) AppleWebKit/537.36 (KHTML, like Gecko) Chrome/32.0.1700.77 Safari/537.36"
106.51.175.107 - - [26/Jan/2014:17:26:27 +0300] "GET /store/admin/view/javascript/jquery/flot/jquery.flot.js HTTP/1.1" 200 106797 "http://5.45.183.91/store/admin/index.php?route=common/home&token=6b1b5e4eeb86e8280591724b70f723c8" "Mozilla/5.0 (Macintosh; Intel Mac OS X 10_7_5) AppleWebKit/537.36 (KHTML, like Gecko) Chrome/32.0.1700.77 Safari/537.36"
106.51.175.107 - - [26/Jan/2014:17:27:06 +0300] "GET /store/admin/index.php?route=common/home/chart&token=6b1b5e4eeb86e8280591724b70f723c8&range=day HTTP/1.1" 200 647 "http://5.45.183.91/store/admin/index.php?route=common/home&token=6b1b5e4eeb86e8280591724b70f723c8" "Mozilla/5.0 (Macintosh; Intel Mac OS X 10_7_5) AppleWebKit/537.36 (KHTML, like Gecko) Chrome/32.0.1700.77 Safari/537.36"
106.51.175.107 - - [26/Jan/2014:17:27:07 +0300] "GET /store/admin/view/image/split.png HTTP/1.1" 304 - "http://5.45.183.91/store/admin/index.php?route=common/home&token=6b1b5e4eeb86e8280591724b70f723c8" "Mozilla/5.0 (Macintosh; Intel Mac OS X 10_7_5) AppleWebKit/537.36 (KHTML, like Gecko) Chrome/32.0.1700.77 Safari/537.36"
106.51.175.107 - - [26/Jan/2014:17:27:07 +0300] "GET /store/admin/view/image/transparent.png HTTP/1.1" 304 - "http://5.45.183.91/store/admin/index.php?route=common/home&token=6b1b5e4eeb86e8280591724b70f723c8" "Mozilla/5.0 (Macintosh; Intel Mac OS X 10_7_5) AppleWebKit/537.36 (KHTML, like Gecko) Chrome/32.0.1700.77 Safari/537.36"
106.51.175.107 - - [26/Jan/2014:17:27:07 +0300] "GET /store/admin/view/image/selected.png HTTP/1.1" 304 - "http://5.45.183.91/store/admin/index.php?route=common/home&token=6b1b5e4eeb86e8280591724b70f723c8" "Mozilla/5.0 (Macintosh; Intel Mac OS X 10_7_5) AppleWebKit/537.36 (KHTML, like Gecko) Chrome/32.0.1700.77 Safari/537.36"
106.51.175.107 - - [26/Jan/2014:17:28:12 +0300] "GET /store/admin/index.php?route=extension/module&token=6b1b5e4eeb86e8280591724b70f723c8 HTTP/1.1" 200 22500 "http://5.45.183.91/store/admin/index.php?route=common/home&token=6b1b5e4eeb86e8280591724b70f723c8" "Mozilla/5.0 (Macintosh; Intel Mac OS X 10_7_5) AppleWebKit/537.36 (KHTML, like Gecko) Chrome/32.0.1700.77 Safari/537.36"
106.51.175.107 - - [26/Jan/2014:17:32:30 +0300] "GET /store/vqmod/install/ HTTP/1.1" 200 66 "-" "Mozilla/5.0 (Macintosh; Intel Mac OS X 10_7_5) AppleWebKit/537.36 (KHTML, like Gecko) Chrome/32.0.1700.77 Safari/537.36"
::1 - - [26/Jan/2014:17:32:50 +0300] "OPTIONS * HTTP/1.0" 200 - "-" "Apache/2.2.15 (CentOS) (internal dummy connection)"
106.51.175.107 - - [26/Jan/2014:17:33:07 +0300] "GET /store/vqmod/install/ HTTP/1.1" 200 66 "-" "Mozilla/5.0 (Macintosh; Intel Mac OS X 10_7_5) AppleWebKit/537.36 (KHTML, like Gecko) Chrome/32.0.1700.77 Safari/537.36"
106.51.175.107 - - [26/Jan/2014:17:33:10 +0300] "GET /store/vqmod/install/ HTTP/1.1" 200 66 "-" "Mozilla/5.0 (Macintosh; Intel Mac OS X 10_7_5) AppleWebKit/537.36 (KHTML, like Gecko) Chrome/32.0.1700.77 Safari/537.36"
::1 - - [26/Jan/2014:17:33:28 +0300] "OPTIONS * HTTP/1.0" 200 - "-" "Apache/2.2.15 (CentOS) (internal dummy connection)"
106.51.175.107 - - [26/Jan/2014:17:34:04 +0300] "GET /store/vqmod/install/ HTTP/1.1" 200 66 "-" "Mozilla/5.0 (Macintosh; Intel Mac OS X 10_7_5) AppleWebKit/537.36 (KHTML, like Gecko) Chrome/32.0.1700.77 Safari/537.36"
106.51.175.107 - - [26/Jan/2014:17:34:16 +0300] "GET /store/vqmod/install/ HTTP/1.1" 200 37 "-" "Mozilla/5.0 (Macintosh; Intel Mac OS X 10_7_5) AppleWebKit/537.36 (KHTML, like Gecko) Chrome/32.0.1700.77 Safari/537.36"
106.51.175.107 - - [26/Jan/2014:17:34:35 +0300] "GET /store/vqmod/install/ HTTP/1.1" 200 37 "-" "Mozilla/5.0 (Macintosh; Intel Mac OS X 10_7_5) AppleWebKit/537.36 (KHTML, like Gecko) Chrome/32.0.1700.77 Safari/537.36"
106.51.175.107 - - [26/Jan/2014:17:34:48 +0300] "GET /store/vqmod/install/ HTTP/1.1" 200 40 "-" "Mozilla/5.0 (Macintosh; Intel Mac OS X 10_7_5) AppleWebKit/537.36 (KHTML, like Gecko) Chrome/32.0.1700.77 Safari/537.36"
106.51.175.107 - - [26/Jan/2014:17:35:42 +0300] "GET /store/ HTTP/1.1" 200 18033 "-" "Mozilla/5.0 (Macintosh; Intel Mac OS X 10_7_5) AppleWebKit/537.36 (KHTML, like Gecko) Chrome/32.0.1700.77 Safari/537.36"
106.51.175.107 - - [26/Jan/2014:17:35:43 +0300] "GET /store/catalog/view/theme/default/stylesheet/slideshow.css HTTP/1.1" 200 2744 "http://5.45.183.91/store/" "Mozilla/5.0 (Macintosh; Intel Mac OS X 10_7_5) AppleWebKit/537.36 (KHTML, like Gecko) Chrome/32.0.1700.77 Safari/537.36"
106.51.175.107 - - [26/Jan/2014:17:35:43 +0300] "GET /store/catalog/view/theme/default/stylesheet/carousel.css HTTP/1.1" 200 2608 "http://5.45.183.91/store/" "Mozilla/5.0 (Macintosh; Intel Mac OS X 10_7_5) AppleWebKit/537.36 (KHTML, like Gecko) Chrome/32.0.1700.77 Safari/537.36"
106.51.175.107 - - [26/Jan/2014:17:35:43 +0300] "GET /store/catalog/view/theme/default/stylesheet/stylesheet.css HTTP/1.1" 200 32641 "http://5.45.183.91/store/" "Mozilla/5.0 (Macintosh; Intel Mac OS X 10_7_5) AppleWebKit/537.36 (KHTML, like Gecko) Chrome/32.0.1700.77 Safari/537.36"
106.51.175.107 - - [26/Jan/2014:17:35:44 +0300] "GET /store/catalog/view/javascript/common.js HTTP/1.1" 200 4922 "http://5.45.183.91/store/" "Mozilla/5.0 (Macintosh; Intel Mac OS X 10_7_5) AppleWebKit/537.36 (KHTML, like Gecko) Chrome/32.0.1700.77 Safari/537.36"
106.51.175.107 - - [26/Jan/2014:17:35:43 +0300] "GET /store/catalog/view/javascript/jquery/ui/themes/ui-lightness/jquery-ui-1.8.16.custom.css HTTP/1.1" 200 33530 "http://5.45.183.91/store/" "Mozilla/5.0 (Macintosh; Intel Mac OS X 10_7_5) AppleWebKit/537.36 (KHTML, like Gecko) Chrome/32.0.1700.77 Safari/537.36"
106.51.175.107 - - [26/Jan/2014:17:35:45 +0300] "GET /store/catalog/view/javascript/jquery/nivo-slider/jquery.nivo.slider.pack.js HTTP/1.1" 200 11561 "http://5.45.183.91/store/" "Mozilla/5.0 (Macintosh; Intel Mac OS X 10_7_5) AppleWebKit/537.36 (KHTML, like Gecko) Chrome/32.0.1700.77 Safari/537.36"
106.51.175.107 - - [26/Jan/2014:17:35:45 +0300] "GET /store/catalog/view/javascript/jquery/jquery.jcarousel.min.js HTTP/1.1" 200 15650 "http://5.45.183.91/store/" "Mozilla/5.0 (Macintosh; Intel Mac OS X 10_7_5) AppleWebKit/537.36 (KHTML, like Gecko) Chrome/32.0.1700.77 Safari/537.36"
106.51.175.107 - - [26/Jan/2014:17:35:45 +0300] "GET /store/image/data/logo.png HTTP/1.1" 200 4141 "http://5.45.183.91/store/" "Mozilla/5.0 (Macintosh; Intel Mac OS X 10_7_5) AppleWebKit/537.36 (KHTML, like Gecko) Chrome/32.0.1700.77 Safari/537.36"
106.51.175.107 - - [26/Jan/2014:17:35:45 +0300] "GET /store/image/cache/data/demo/samsung_banner-980x280.jpg HTTP/1.1" 200 44293 "http://5.45.183.91/store/" "Mozilla/5.0 (Macintosh; Intel Mac OS X 10_7_5) AppleWebKit/537.36 (KHTML, like Gecko) Chrome/32.0.1700.77 Safari/537.36"
106.51.175.107 - - [26/Jan/2014:17:35:48 +0300] "GET /store/image/cache/data/demo/macbook_1-80x80.jpg HTTP/1.1" 200 1836 "http://5.45.183.91/store/" "Mozilla/5.0 (Macintosh; Intel Mac OS X 10_7_5) AppleWebKit/537.36 (KHTML, like Gecko) Chrome/32.0.1700.77 Safari/537.36"
::1 - - [26/Jan/2014:17:35:48 +0300] "OPTIONS * HTTP/1.0" 200 - "-" "Apache/2.2.15 (CentOS) (internal dummy connection)"
106.51.175.107 - - [26/Jan/2014:17:35:48 +0300] "GET /store/image/cache/data/demo/iphone_1-80x80.jpg HTTP/1.1" 200 2642 "http://5.45.183.91/store/" "Mozilla/5.0 (Macintosh; Intel Mac OS X 10_7_5) AppleWebKit/537.36 (KHTML, like Gecko) Chrome/32.0.1700.77 Safari/537.36"
106.51.175.107 - - [26/Jan/2014:17:35:48 +0300] "GET /store/image/cache/data/demo/apple_cinema_30-80x80.jpg HTTP/1.1" 200 2297 "http://5.45.183.91/store/" "Mozilla/5.0 (Macintosh; Intel Mac OS X 10_7_5) AppleWebKit/537.36 (KHTML, like Gecko) Chrome/32.0.1700.77 Safari/537.36"
106.51.175.107 - - [26/Jan/2014:17:35:50 +0300] "GET /store/image/cache/data/demo/samsung_tab_1-80x80.jpg HTTP/1.1" 200 2360 "http://5.45.183.91/store/" "Mozilla/5.0 (Macintosh; Intel Mac OS X 10_7_5) AppleWebKit/537.36 (KHTML, like Gecko) Chrome/32.0.1700.77 Safari/537.36"
106.51.175.107 - - [26/Jan/2014:17:35:50 +0300] "GET /store/image/cache/data/demo/sony_vaio_1-80x80.jpg HTTP/1.1" 200 2171 "http://5.45.183.91/store/" "Mozilla/5.0 (Macintosh; Intel Mac OS X 10_7_5) AppleWebKit/537.36 (KHTML, like Gecko) Chrome/32.0.1700.77 Safari/537.36"
106.51.175.107 - - [26/Jan/2014:17:35:43 +0300] "GET /store/catalog/view/javascript/jquery/jquery-1.7.1.min.js HTTP/1.1" 200 93868 "http://5.45.183.91/store/" "Mozilla/5.0 (Macintosh; Intel Mac OS X 10_7_5) AppleWebKit/537.36 (KHTML, like Gecko) Chrome/32.0.1700.77 Safari/537.36"
106.51.175.107 - - [26/Jan/2014:17:35:50 +0300] "GET /store/image/cache/data/demo/hp_1-80x80.jpg HTTP/1.1" 200 2344 "http://5.45.183.91/store/" "Mozilla/5.0 (Macintosh; Intel Mac OS X 10_7_5) AppleWebKit/537.36 (KHTML, like Gecko) Chrome/32.0.1700.77 Safari/537.36"
106.51.175.107 - - [26/Jan/2014:17:35:51 +0300] "GET /store/image/cache/data/demo/htc_logo-80x80.jpg HTTP/1.1" 200 2486 "http://5.45.183.91/store/" "Mozilla/5.0 (Macintosh; Intel Mac OS X 10_7_5) AppleWebKit/537.36 (KHTML, like Gecko) Chrome/32.0.1700.77 Safari/537.36"
106.51.175.107 - - [26/Jan/2014:17:35:51 +0300] "GET /store/image/cache/data/demo/canon_logo-80x80.jpg HTTP/1.1" 200 1810 "http://5.45.183.91/store/" "Mozilla/5.0 (Macintosh; Intel Mac OS X 10_7_5) AppleWebKit/537.36 (KHTML, like Gecko) Chrome/32.0.1700.77 Safari/537.36"
106.51.175.107 - - [26/Jan/2014:17:35:43 +0300] "GET /store/catalog/view/javascript/jquery/ui/jquery-ui-1.8.16.custom.min.js HTTP/1.1" 200 210463 "http://5.45.183.91/store/" "Mozilla/5.0 (Macintosh; Intel Mac OS X 10_7_5) AppleWebKit/537.36 (KHTML, like Gecko) Chrome/32.0.1700.77 Safari/537.36"
106.51.175.107 - - [26/Jan/2014:17:35:51 +0300] "GET /store/image/cache/data/demo/apple_logo-80x80.jpg HTTP/1.1" 200 2015 "http://5.45.183.91/store/" "Mozilla/5.0 (Macintosh; Intel Mac OS X 10_7_5) AppleWebKit/537.36 (KHTML, like Gecko) Chrome/32.0.1700.77 Safari/537.36"
106.51.175.107 - - [26/Jan/2014:17:35:52 +0300] "GET /store/image/cache/data/demo/palm_logo-80x80.jpg HTTP/1.1" 200 3144 "http://5.45.183.91/store/" "Mozilla/5.0 (Macintosh; Intel Mac OS X 10_7_5) AppleWebKit/537.36 (KHTML, like Gecko) Chrome/32.0.1700.77 Safari/537.36"
106.51.175.107 - - [26/Jan/2014:17:35:52 +0300] "GET /store/catalog/view/theme/default/image/arrow-down.png HTTP/1.1" 200 210 "http://5.45.183.91/store/" "Mozilla/5.0 (Macintosh; Intel Mac OS X 10_7_5) AppleWebKit/537.36 (KHTML, like Gecko) Chrome/32.0.1700.77 Safari/537.36"
106.51.175.107 - - [26/Jan/2014:17:35:52 +0300] "GET /store/catalog/view/theme/default/image/button-search.png HTTP/1.1" 200 468 "http://5.45.183.91/store/" "Mozilla/5.0 (Macintosh; Intel Mac OS X 10_7_5) AppleWebKit/537.36 (KHTML, like Gecko) Chrome/32.0.1700.77 Safari/537.36"
106.51.175.107 - - [26/Jan/2014:17:35:52 +0300] "GET /store/catalog/view/theme/default/image/menu.png HTTP/1.1" 200 424 "http://5.45.183.91/store/" "Mozilla/5.0 (Macintosh; Intel Mac OS X 10_7_5) AppleWebKit/537.36 (KHTML, like Gecko) Chrome/32.0.1700.77 Safari/537.36"
106.51.175.107 - - [26/Jan/2014:17:35:52 +0300] "GET /store/catalog/view/theme/default/image/loading.gif HTTP/1.1" 200 733 "http://5.45.183.91/store/" "Mozilla/5.0 (Macintosh; Intel Mac OS X 10_7_5) AppleWebKit/537.36 (KHTML, like Gecko) Chrome/32.0.1700.77 Safari/537.36"
106.51.175.107 - - [26/Jan/2014:17:35:52 +0300] "GET /store/catalog/view/theme/default/image/background.png HTTP/1.1" 200 250 "http://5.45.183.91/store/" "Mozilla/5.0 (Macintosh; Intel Mac OS X 10_7_5) AppleWebKit/537.36 (KHTML, like Gecko) Chrome/32.0.1700.77 Safari/537.36"
106.51.175.107 - - [26/Jan/2014:17:35:52 +0300] "GET /store/catalog/view/theme/default/image/button.png HTTP/1.1" 200 271 "http://5.45.183.91/store/" "Mozilla/5.0 (Macintosh; Intel Mac OS X 10_7_5) AppleWebKit/537.36 (KHTML, like Gecko) Chrome/32.0.1700.77 Safari/537.36"
106.51.175.107 - - [26/Jan/2014:17:35:52 +0300] "GET /store/catalog/view/theme/default/image/button-previous.png HTTP/1.1" 200 344 "http://5.45.183.91/store/" "Mozilla/5.0 (Macintosh; Intel Mac OS X 10_7_5) AppleWebKit/537.36 (KHTML, like Gecko) Chrome/32.0.1700.77 Safari/537.36"
106.51.175.107 - - [26/Jan/2014:17:35:52 +0300] "GET /store/catalog/view/theme/default/image/arrows.png HTTP/1.1" 200 824 "http://5.45.183.91/store/" "Mozilla/5.0 (Macintosh; Intel Mac OS X 10_7_5) AppleWebKit/537.36 (KHTML, like Gecko) Chrome/32.0.1700.77 Safari/537.36"
106.51.175.107 - - [26/Jan/2014:17:35:52 +0300] "GET /store/catalog/view/theme/default/image/button-next.png HTTP/1.1" 200 362 "http://5.45.183.91/store/" "Mozilla/5.0 (Macintosh; Intel Mac OS X 10_7_5) AppleWebKit/537.36 (KHTML, like Gecko) Chrome/32.0.1700.77 Safari/537.36"
106.51.175.107 - - [26/Jan/2014:17:35:52 +0300] "GET /store/catalog/view/theme/default/image/bullets.png HTTP/1.1" 200 1393 "http://5.45.183.91/store/" "Mozilla/5.0 (Macintosh; Intel Mac OS X 10_7_5) AppleWebKit/537.36 (KHTML, like Gecko) Chrome/32.0.1700.77 Safari/537.36"
106.51.175.107 - - [26/Jan/2014:17:35:53 +0300] "GET /store/image/cache/data/demo/sony_logo-80x80.jpg HTTP/1.1" 200 1858 "http://5.45.183.91/store/" "Mozilla/5.0 (Macintosh; Intel Mac OS X 10_7_5) AppleWebKit/537.36 (KHTML, like Gecko) Chrome/32.0.1700.77 Safari/537.36"
::1 - - [26/Jan/2014:17:35:53 +0300] "OPTIONS * HTTP/1.0" 200 - "-" "Apache/2.2.15 (CentOS) (internal dummy connection)"
106.51.175.107 - - [26/Jan/2014:17:35:53 +0300] "GET /store/image/cache/data/demo/hp_logo-80x80.jpg HTTP/1.1" 200 3239 "http://5.45.183.91/store/" "Mozilla/5.0 (Macintosh; Intel Mac OS X 10_7_5) AppleWebKit/537.36 (KHTML, like Gecko) Chrome/32.0.1700.77 Safari/537.36"
106.51.175.107 - - [26/Jan/2014:17:35:54 +0300] "GET /store/image/data/cart.png HTTP/1.1" 200 421 "-" "Mozilla/5.0 (Macintosh; Intel Mac OS X 10_7_5) AppleWebKit/537.36 (KHTML, like Gecko) Chrome/32.0.1700.77 Safari/537.36"
::1 - - [26/Jan/2014:17:35:55 +0300] "OPTIONS * HTTP/1.0" 200 - "-" "Apache/2.2.15 (CentOS) (internal dummy connection)"
106.51.175.107 - - [26/Jan/2014:17:36:36 +0300] "GET /store/image/cache/data/demo/samsung_banner-980x280.jpg HTTP/1.1" 304 - "http://5.45.183.91/store/" "Mozilla/5.0 (Macintosh; Intel Mac OS X 10_7_5) AppleWebKit/537.36 (KHTML, like Gecko) Chrome/32.0.1700.77 Safari/537.36"
106.51.175.107 - - [26/Jan/2014:17:36:42 +0300] "GET /store/image/cache/data/demo/samsung_banner-980x280.jpg HTTP/1.1" 304 - "http://5.45.183.91/store/" "Mozilla/5.0 (Macintosh; Intel Mac OS X 10_7_5) AppleWebKit/537.36 (KHTML, like Gecko) Chrome/32.0.1700.77 Safari/537.36"
106.51.175.107 - - [26/Jan/2014:17:36:51 +0300] "GET /store/image/cache/data/demo/samsung_banner-980x280.jpg HTTP/1.1" 304 - "http://5.45.183.91/store/" "Mozilla/5.0 (Macintosh; Intel Mac OS X 10_7_5) AppleWebKit/537.36 (KHTML, like Gecko) Chrome/32.0.1700.77 Safari/537.36"
106.51.175.107 - - [26/Jan/2014:17:37:00 +0300] "GET /store/image/cache/data/demo/samsung_banner-980x280.jpg HTTP/1.1" 304 - "http://5.45.183.91/store/" "Mozilla/5.0 (Macintosh; Intel Mac OS X 10_7_5) AppleWebKit/537.36 (KHTML, like Gecko) Chrome/32.0.1700.77 Safari/537.36"
106.51.175.107 - - [26/Jan/2014:17:37:09 +0300] "GET /store/image/cache/data/demo/samsung_banner-980x280.jpg HTTP/1.1" 304 - "http://5.45.183.91/store/" "Mozilla/5.0 (Macintosh; Intel Mac OS X 10_7_5) AppleWebKit/537.36 (KHTML, like Gecko) Chrome/32.0.1700.77 Safari/537.36"
106.51.175.107 - - [26/Jan/2014:17:37:21 +0300] "GET /store/image/cache/data/demo/samsung_banner-980x280.jpg HTTP/1.1" 304 - "http://5.45.183.91/store/" "Mozilla/5.0 (Macintosh; Intel Mac OS X 10_7_5) AppleWebKit/537.36 (KHTML, like Gecko) Chrome/32.0.1700.77 Safari/537.36"
106.51.175.107 - - [26/Jan/2014:17:37:33 +0300] "GET /store/image/cache/data/demo/samsung_banner-980x280.jpg HTTP/1.1" 304 - "http://5.45.183.91/store/" "Mozilla/5.0 (Macintosh; Intel Mac OS X 10_7_5) AppleWebKit/537.36 (KHTML, like Gecko) Chrome/32.0.1700.77 Safari/537.36"
106.51.175.107 - - [26/Jan/2014:17:37:45 +0300] "GET /store/image/cache/data/demo/samsung_banner-980x280.jpg HTTP/1.1" 304 - "http://5.45.183.91/store/" "Mozilla/5.0 (Macintosh; Intel Mac OS X 10_7_5) AppleWebKit/537.36 (KHTML, like Gecko) Chrome/32.0.1700.77 Safari/537.36"
106.51.175.107 - - [26/Jan/2014:17:37:58 +0300] "GET /store/image/cache/data/demo/samsung_banner-980x280.jpg HTTP/1.1" 304 - "http://5.45.183.91/store/" "Mozilla/5.0 (Macintosh; Intel Mac OS X 10_7_5) AppleWebKit/537.36 (KHTML, like Gecko) Chrome/32.0.1700.77 Safari/537.36"
106.51.175.107 - - [26/Jan/2014:17:38:13 +0300] "GET /store/image/cache/data/demo/samsung_banner-980x280.jpg HTTP/1.1" 304 - "http://5.45.183.91/store/" "Mozilla/5.0 (Macintosh; Intel Mac OS X 10_7_5) AppleWebKit/537.36 (KHTML, like Gecko) Chrome/32.0.1700.77 Safari/537.36"
106.51.175.107 - - [26/Jan/2014:17:38:31 +0300] "GET /store/image/cache/data/demo/samsung_banner-980x280.jpg HTTP/1.1" 304 - "http://5.45.183.91/store/" "Mozilla/5.0 (Macintosh; Intel Mac OS X 10_7_5) AppleWebKit/537.36 (KHTML, like Gecko) Chrome/32.0.1700.77 Safari/537.36"
106.51.175.107 - - [26/Jan/2014:17:38:49 +0300] "GET /store/image/cache/data/demo/samsung_banner-980x280.jpg HTTP/1.1" 304 - "http://5.45.183.91/store/" "Mozilla/5.0 (Macintosh; Intel Mac OS X 10_7_5) AppleWebKit/537.36 (KHTML, like Gecko) Chrome/32.0.1700.77 Safari/537.36"
106.51.175.107 - - [26/Jan/2014:17:39:08 +0300] "GET /store/image/cache/data/demo/samsung_banner-980x280.jpg HTTP/1.1" 304 - "http://5.45.183.91/store/" "Mozilla/5.0 (Macintosh; Intel Mac OS X 10_7_5) AppleWebKit/537.36 (KHTML, like Gecko) Chrome/32.0.1700.77 Safari/537.36"
106.51.175.107 - - [26/Jan/2014:17:39:30 +0300] "GET /store/image/cache/data/demo/samsung_banner-980x280.jpg HTTP/1.1" 304 - "http://5.45.183.91/store/" "Mozilla/5.0 (Macintosh; Intel Mac OS X 10_7_5) AppleWebKit/537.36 (KHTML, like Gecko) Chrome/32.0.1700.77 Safari/537.36"
106.51.175.107 - - [26/Jan/2014:17:39:55 +0300] "GET /store/image/cache/data/demo/samsung_banner-980x280.jpg HTTP/1.1" 304 - "http://5.45.183.91/store/" "Mozilla/5.0 (Macintosh; Intel Mac OS X 10_7_5) AppleWebKit/537.36 (KHTML, like Gecko) Chrome/32.0.1700.77 Safari/537.36"
106.51.175.107 - - [26/Jan/2014:17:40:23 +0300] "GET /store/image/cache/data/demo/samsung_banner-980x280.jpg HTTP/1.1" 304 - "http://5.45.183.91/store/" "Mozilla/5.0 (Macintosh; Intel Mac OS X 10_7_5) AppleWebKit/537.36 (KHTML, like Gecko) Chrome/32.0.1700.77 Safari/537.36"
106.51.175.107 - - [26/Jan/2014:17:40:52 +0300] "GET /store/image/cache/data/demo/samsung_banner-980x280.jpg HTTP/1.1" 304 - "http://5.45.183.91/store/" "Mozilla/5.0 (Macintosh; Intel Mac OS X 10_7_5) AppleWebKit/537.36 (KHTML, like Gecko) Chrome/32.0.1700.77 Safari/537.36"
106.51.175.107 - - [26/Jan/2014:17:41:25 +0300] "GET /store/image/cache/data/demo/samsung_banner-980x280.jpg HTTP/1.1" 304 - "http://5.45.183.91/store/" "Mozilla/5.0 (Macintosh; Intel Mac OS X 10_7_5) AppleWebKit/537.36 (KHTML, like Gecko) Chrome/32.0.1700.77 Safari/537.36"
106.51.175.107 - - [26/Jan/2014:17:41:46 +0300] "GET /store/piwik HTTP/1.1" 301 316 "-" "Mozilla/5.0 (Macintosh; Intel Mac OS X 10_7_5) AppleWebKit/537.36 (KHTML, like Gecko) Chrome/32.0.1700.77 Safari/537.36"
106.51.175.107 - - [26/Jan/2014:17:41:46 +0300] "GET /store/piwik/ HTTP/1.1" 200 2478 "-" "Mozilla/5.0 (Macintosh; Intel Mac OS X 10_7_5) AppleWebKit/537.36 (KHTML, like Gecko) Chrome/32.0.1700.77 Safari/537.36"
106.51.175.107 - - [26/Jan/2014:17:41:47 +0300] "GET /store/piwik/plugins/Morpheus/images/logo-header.png HTTP/1.1" 200 2215 "http://5.45.183.91/store/piwik/" "Mozilla/5.0 (Macintosh; Intel Mac OS X 10_7_5) AppleWebKit/537.36 (KHTML, like Gecko) Chrome/32.0.1700.77 Safari/537.36"
106.51.175.107 - - [26/Jan/2014:17:41:47 +0300] "GET /store/piwik/plugins/Zeitgeist/stylesheets/simple_structure.css HTTP/1.1" 200 1592 "http://5.45.183.91/store/piwik/" "Mozilla/5.0 (Macintosh; Intel Mac OS X 10_7_5) AppleWebKit/537.36 (KHTML, like Gecko) Chrome/32.0.1700.77 Safari/537.36"
106.51.175.107 - - [26/Jan/2014:17:41:48 +0300] "GET /store/piwik/plugins/CoreHome/images/favicon.ico HTTP/1.1" 200 17947 "-" "Mozilla/5.0 (Macintosh; Intel Mac OS X 10_7_5) AppleWebKit/537.36 (KHTML, like Gecko) Chrome/32.0.1700.77 Safari/537.36"
106.51.175.107 - - [26/Jan/2014:17:41:59 +0300] "GET /store/image/cache/data/demo/samsung_banner-980x280.jpg HTTP/1.1" 304 - "http://5.45.183.91/store/" "Mozilla/5.0 (Macintosh; Intel Mac OS X 10_7_5) AppleWebKit/537.36 (KHTML, like Gecko) Chrome/32.0.1700.77 Safari/537.36"
106.51.175.107 - - [26/Jan/2014:17:42:39 +0300] "GET /store/image/cache/data/demo/samsung_banner-980x280.jpg HTTP/1.1" 304 - "http://5.45.183.91/store/" "Mozilla/5.0 (Macintosh; Intel Mac OS X 10_7_5) AppleWebKit/537.36 (KHTML, like Gecko) Chrome/32.0.1700.77 Safari/537.36"
106.51.175.107 - - [26/Jan/2014:17:43:21 +0300] "GET /store/image/cache/data/demo/samsung_banner-980x280.jpg HTTP/1.1" 304 - "http://5.45.183.91/store/" "Mozilla/5.0 (Macintosh; Intel Mac OS X 10_7_5) AppleWebKit/537.36 (KHTML, like Gecko) Chrome/32.0.1700.77 Safari/537.36"
106.51.175.107 - - [26/Jan/2014:17:43:59 +0300] "GET /store/piwik/ HTTP/1.1" 200 11754 "-" "Mozilla/5.0 (Macintosh; Intel Mac OS X 10_7_5) AppleWebKit/537.36 (KHTML, like Gecko) Chrome/32.0.1700.77 Safari/537.36"
106.51.175.107 - - [26/Jan/2014:17:44:00 +0300] "GET /store/piwik/plugins/Installation/javascripts/installation.js?cb=1d44fb7897c5eacd22aef03dcc795549 HTTP/1.1" 200 307 "http://5.45.183.91/store/piwik/" "Mozilla/5.0 (Macintosh; Intel Mac OS X 10_7_5) AppleWebKit/537.36 (KHTML, like Gecko) Chrome/32.0.1700.77 Safari/537.36"
106.51.175.107 - - [26/Jan/2014:17:44:00 +0300] "GET /store/piwik/index.php?module=Installation&action=getBaseCss&cb=1d44fb7897c5eacd22aef03dcc795549 HTTP/1.1" 200 19506 "http://5.45.183.91/store/piwik/" "Mozilla/5.0 (Macintosh; Intel Mac OS X 10_7_5) AppleWebKit/537.36 (KHTML, like Gecko) Chrome/32.0.1700.77 Safari/537.36"
106.51.175.107 - - [26/Jan/2014:17:44:00 +0300] "GET /store/piwik/plugins/Installation/stylesheets/installation.css?cb=1d44fb7897c5eacd22aef03dcc795549 HTTP/1.1" 200 3339 "http://5.45.183.91/store/piwik/" "Mozilla/5.0 (Macintosh; Intel Mac OS X 10_7_5) AppleWebKit/537.36 (KHTML, like Gecko) Chrome/32.0.1700.77 Safari/537.36"
106.51.175.107 - - [26/Jan/2014:17:44:00 +0300] "GET /store/piwik/plugins/LanguagesManager/javascripts/languageSelector.js?cb=1d44fb7897c5eacd22aef03dcc795549 HTTP/1.1" 200 2545 "http://5.45.183.91/store/piwik/" "Mozilla/5.0 (Macintosh; Intel Mac OS X 10_7_5) AppleWebKit/537.36 (KHTML, like Gecko) Chrome/32.0.1700.77 Safari/537.36"
106.51.175.107 - - [26/Jan/2014:17:44:01 +0300] "GET /store/piwik/plugins/Morpheus/images/logo.png HTTP/1.1" 200 3902 "http://5.45.183.91/store/piwik/" "Mozilla/5.0 (Macintosh; Intel Mac OS X 10_7_5) AppleWebKit/537.36 (KHTML, like Gecko) Chrome/32.0.1700.77 Safari/537.36"
106.51.175.107 - - [26/Jan/2014:17:44:00 +0300] "GET /store/piwik/libs/jquery/themes/base/jquery-ui.css?cb=1d44fb7897c5eacd22aef03dcc795549 HTTP/1.1" 200 25699 "http://5.45.183.91/store/piwik/" "Mozilla/5.0 (Macintosh; Intel Mac OS X 10_7_5) AppleWebKit/537.36 (KHTML, like Gecko) Chrome/32.0.1700.77 Safari/537.36"
106.51.175.107 - - [26/Jan/2014:17:44:00 +0300] "GET /store/piwik/libs/jquery/jquery.js?cb=1d44fb7897c5eacd22aef03dcc795549 HTTP/1.1" 200 93068 "http://5.45.183.91/store/piwik/" "Mozilla/5.0 (Macintosh; Intel Mac OS X 10_7_5) AppleWebKit/537.36 (KHTML, like Gecko) Chrome/32.0.1700.77 Safari/537.36"
106.51.175.107 - - [26/Jan/2014:17:44:00 +0300] "GET /store/piwik/libs/jquery/jquery-ui.js?cb=1d44fb7897c5eacd22aef03dcc795549 HTTP/1.1" 200 228137 "http://5.45.183.91/store/piwik/" "Mozilla/5.0 (Macintosh; Intel Mac OS X 10_7_5) AppleWebKit/537.36 (KHTML, like Gecko) Chrome/32.0.1700.77 Safari/537.36"
106.51.175.107 - - [26/Jan/2014:17:44:10 +0300] "GET /store/image/cache/data/demo/samsung_banner-980x280.jpg HTTP/1.1" 304 - "http://5.45.183.91/store/" "Mozilla/5.0 (Macintosh; Intel Mac OS X 10_7_5) AppleWebKit/537.36 (KHTML, like Gecko) Chrome/32.0.1700.77 Safari/537.36"
106.51.175.107 - - [26/Jan/2014:17:44:10 +0300] "GET /store/piwik/plugins/Zeitgeist/images/inp_bg.png HTTP/1.1" 200 137 "http://5.45.183.91/store/piwik/" "Mozilla/5.0 (Macintosh; Intel Mac OS X 10_7_5) AppleWebKit/537.36 (KHTML, like Gecko) Chrome/32.0.1700.77 Safari/537.36"
106.51.175.107 - - [26/Jan/2014:17:44:10 +0300] "GET /store/piwik/plugins/Zeitgeist/images/dashboard_h_bg_hover.png HTTP/1.1" 200 333 "http://5.45.183.91/store/piwik/" "Mozilla/5.0 (Macintosh; Intel Mac OS X 10_7_5) AppleWebKit/537.36 (KHTML, like Gecko) Chrome/32.0.1700.77 Safari/537.36"
106.51.175.107 - - [26/Jan/2014:17:44:10 +0300] "GET /store/piwik/libs/jquery/themes/base/images/ui-bg_flat_75_ffffff_40x100.png HTTP/1.1" 200 178 "http://5.45.183.91/store/piwik/" "Mozilla/5.0 (Macintosh; Intel Mac OS X 10_7_5) AppleWebKit/537.36 (KHTML, like Gecko) Chrome/32.0.1700.77 Safari/537.36"
106.51.175.107 - - [26/Jan/2014:17:44:10 +0300] "GET /store/piwik/libs/jquery/themes/base/images/ui-bg_highlight-soft_75_cccccc_1x100.png HTTP/1.1" 200 101 "http://5.45.183.91/store/piwik/" "Mozilla/5.0 (Macintosh; Intel Mac OS X 10_7_5) AppleWebKit/537.36 (KHTML, like Gecko) Chrome/32.0.1700.77 Safari/537.36"
106.51.175.107 - - [26/Jan/2014:17:44:10 +0300] "GET /store/piwik/piwik.php?url=http://example.com HTTP/1.1" 200 43 "http://5.45.183.91/store/piwik/" "Mozilla/5.0 (Macintosh; Intel Mac OS X 10_7_5) AppleWebKit/537.36 (KHTML, like Gecko) Chrome/32.0.1700.77 Safari/537.36"
::1 - - [26/Jan/2014:17:44:11 +0300] "OPTIONS * HTTP/1.0" 200 - "-" "Apache/2.2.15 (CentOS) (internal dummy connection)"
106.51.175.107 - - [26/Jan/2014:17:44:29 +0300] "GET /store/piwik/index.php?action=systemCheck HTTP/1.1" 200 19403 "http://5.45.183.91/store/piwik/" "Mozilla/5.0 (Macintosh; Intel Mac OS X 10_7_5) AppleWebKit/537.36 (KHTML, like Gecko) Chrome/32.0.1700.77 Safari/537.36"
106.51.175.107 - - [26/Jan/2014:17:44:30 +0300] "GET /store/piwik/plugins/Zeitgeist/images/ok.png HTTP/1.1" 200 626 "http://5.45.183.91/store/piwik/index.php?action=systemCheck" "Mozilla/5.0 (Macintosh; Intel Mac OS X 10_7_5) AppleWebKit/537.36 (KHTML, like Gecko) Chrome/32.0.1700.77 Safari/537.36"
106.51.175.107 - - [26/Jan/2014:17:44:30 +0300] "GET /store/piwik/index.php?module=Installation&action=getBaseCss&cb=1d44fb7897c5eacd22aef03dcc795549 HTTP/1.1" 200 19506 "http://5.45.183.91/store/piwik/index.php?action=systemCheck" "Mozilla/5.0 (Macintosh; Intel Mac OS X 10_7_5) AppleWebKit/537.36 (KHTML, like Gecko) Chrome/32.0.1700.77 Safari/537.36"
106.51.175.107 - - [26/Jan/2014:17:44:31 +0300] "GET /store/piwik/plugins/Zeitgeist/images/warning.png HTTP/1.1" 200 571 "http://5.45.183.91/store/piwik/index.php?action=systemCheck" "Mozilla/5.0 (Macintosh; Intel Mac OS X 10_7_5) AppleWebKit/537.36 (KHTML, like Gecko) Chrome/32.0.1700.77 Safari/537.36"
106.51.175.107 - - [26/Jan/2014:17:44:31 +0300] "GET /store/piwik/libs/jquery/themes/base/images/ui-icons_222222_256x240.png HTTP/1.1" 200 4369 "http://5.45.183.91/store/piwik/index.php?action=systemCheck" "Mozilla/5.0 (Macintosh; Intel Mac OS X 10_7_5) AppleWebKit/537.36 (KHTML, like Gecko) Chrome/32.0.1700.77 Safari/537.36"
106.51.175.107 - - [26/Jan/2014:17:44:46 +0300] "GET /store/piwik/index.php?action=databaseSetup HTTP/1.1" 200 11726 "http://5.45.183.91/store/piwik/index.php?action=systemCheck" "Mozilla/5.0 (Macintosh; Intel Mac OS X 10_7_5) AppleWebKit/537.36 (KHTML, like Gecko) Chrome/32.0.1700.77 Safari/537.36"
106.51.175.107 - - [26/Jan/2014:17:44:47 +0300] "GET /store/piwik/index.php?module=Installation&action=getBaseCss&cb=1d44fb7897c5eacd22aef03dcc795549 HTTP/1.1" 200 19506 "http://5.45.183.91/store/piwik/index.php?action=databaseSetup" "Mozilla/5.0 (Macintosh; Intel Mac OS X 10_7_5) AppleWebKit/537.36 (KHTML, like Gecko) Chrome/32.0.1700.77 Safari/537.36"
106.51.175.107 - - [26/Jan/2014:17:45:02 +0300] "GET /store/image/cache/data/demo/samsung_banner-980x280.jpg HTTP/1.1" 304 - "http://5.45.183.91/store/" "Mozilla/5.0 (Macintosh; Intel Mac OS X 10_7_5) AppleWebKit/537.36 (KHTML, like Gecko) Chrome/32.0.1700.77 Safari/537.36"
106.51.175.107 - - [26/Jan/2014:17:45:59 +0300] "GET /store/image/cache/data/demo/samsung_banner-980x280.jpg HTTP/1.1" 304 - "http://5.45.183.91/store/" "Mozilla/5.0 (Macintosh; Intel Mac OS X 10_7_5) AppleWebKit/537.36 (KHTML, like Gecko) Chrome/32.0.1700.77 Safari/537.36"
106.51.175.107 - - [26/Jan/2014:17:46:28 +0300] "POST /store/piwik/index.php?action=databaseSetup HTTP/1.1" 302 - "http://5.45.183.91/store/piwik/index.php?action=databaseSetup" "Mozilla/5.0 (Macintosh; Intel Mac OS X 10_7_5) AppleWebKit/537.36 (KHTML, like Gecko) Chrome/32.0.1700.77 Safari/537.36"
106.51.175.107 - - [26/Jan/2014:17:46:29 +0300] "GET /store/piwik/index.php?action=databaseCheck&module=Installation HTTP/1.1" 302 - "http://5.45.183.91/store/piwik/index.php?action=databaseSetup" "Mozilla/5.0 (Macintosh; Intel Mac OS X 10_7_5) AppleWebKit/537.36 (KHTML, like Gecko) Chrome/32.0.1700.77 Safari/537.36"
106.51.175.107 - - [26/Jan/2014:17:46:29 +0300] "GET /store/piwik/index.php?action=tablesCreation&module=Installation HTTP/1.1" 200 11806 "http://5.45.183.91/store/piwik/index.php?action=databaseSetup" "Mozilla/5.0 (Macintosh; Intel Mac OS X 10_7_5) AppleWebKit/537.36 (KHTML, like Gecko) Chrome/32.0.1700.77 Safari/537.36"
106.51.175.107 - - [26/Jan/2014:17:46:30 +0300] "GET /store/piwik/plugins/Zeitgeist/images/success_medium.png HTTP/1.1" 200 1346 "http://5.45.183.91/store/piwik/index.php?action=tablesCreation&module=Installation" "Mozilla/5.0 (Macintosh; Intel Mac OS X 10_7_5) AppleWebKit/537.36 (KHTML, like Gecko) Chrome/32.0.1700.77 Safari/537.36"
106.51.175.107 - - [26/Jan/2014:17:46:30 +0300] "GET /store/piwik/index.php?module=Installation&action=getBaseCss&cb=1d44fb7897c5eacd22aef03dcc795549 HTTP/1.1" 200 19506 "http://5.45.183.91/store/piwik/index.php?action=tablesCreation&module=Installation" "Mozilla/5.0 (Macintosh; Intel Mac OS X 10_7_5) AppleWebKit/537.36 (KHTML, like Gecko) Chrome/32.0.1700.77 Safari/537.36"
106.51.175.107 - - [26/Jan/2014:17:46:33 +0300] "GET /store/piwik/index.php?action=generalSetup&module=Installation HTTP/1.1" 200 11998 "http://5.45.183.91/store/piwik/index.php?action=tablesCreation&module=Installation" "Mozilla/5.0 (Macintosh; Intel Mac OS X 10_7_5) AppleWebKit/537.36 (KHTML, like Gecko) Chrome/32.0.1700.77 Safari/537.36"
106.51.175.107 - - [26/Jan/2014:17:46:34 +0300] "GET /store/piwik/index.php?module=Installation&action=getBaseCss&cb=1d44fb7897c5eacd22aef03dcc795549 HTTP/1.1" 200 19506 "http://5.45.183.91/store/piwik/index.php?action=generalSetup&module=Installation" "Mozilla/5.0 (Macintosh; Intel Mac OS X 10_7_5) AppleWebKit/537.36 (KHTML, like Gecko) Chrome/32.0.1700.77 Safari/537.36"
106.51.175.107 - - [26/Jan/2014:17:47:03 +0300] "GET /store/image/cache/data/demo/samsung_banner-980x280.jpg HTTP/1.1" 304 - "http://5.45.183.91/store/" "Mozilla/5.0 (Macintosh; Intel Mac OS X 10_7_5) AppleWebKit/537.36 (KHTML, like Gecko) Chrome/32.0.1700.77 Safari/537.36"
106.51.175.107 - - [26/Jan/2014:17:47:07 +0300] "POST /store/piwik/index.php?action=generalSetup&module=Installation HTTP/1.1" 302 - "http://5.45.183.91/store/piwik/index.php?action=generalSetup&module=Installation" "Mozilla/5.0 (Macintosh; Intel Mac OS X 10_7_5) AppleWebKit/537.36 (KHTML, like Gecko) Chrome/32.0.1700.77 Safari/537.36"
106.51.175.107 - - [26/Jan/2014:17:47:13 +0300] "GET /store/piwik/index.php?action=firstWebsiteSetup&module=Installation HTTP/1.1" 200 36905 "http://5.45.183.91/store/piwik/index.php?action=generalSetup&module=Installation" "Mozilla/5.0 (Macintosh; Intel Mac OS X 10_7_5) AppleWebKit/537.36 (KHTML, like Gecko) Chrome/32.0.1700.77 Safari/537.36"
106.51.175.107 - - [26/Jan/2014:17:47:14 +0300] "GET /store/piwik/plugins/Zeitgeist/images/success_medium.png HTTP/1.1" 206 1 "http://5.45.183.91/store/piwik/index.php?action=firstWebsiteSetup&module=Installation" "Mozilla/5.0 (Macintosh; Intel Mac OS X 10_7_5) AppleWebKit/537.36 (KHTML, like Gecko) Chrome/32.0.1700.77 Safari/537.36"
106.51.175.107 - - [26/Jan/2014:17:47:14 +0300] "GET /store/piwik/index.php?module=Installation&action=getBaseCss&cb=1d44fb7897c5eacd22aef03dcc795549 HTTP/1.1" 200 19506 "http://5.45.183.91/store/piwik/index.php?action=firstWebsiteSetup&module=Installation" "Mozilla/5.0 (Macintosh; Intel Mac OS X 10_7_5) AppleWebKit/537.36 (KHTML, like Gecko) Chrome/32.0.1700.77 Safari/537.36"
106.51.175.107 - - [26/Jan/2014:17:47:16 +0300] "GET /store/piwik/plugins/Zeitgeist/images/success_medium.png HTTP/1.1" 206 199 "http://5.45.183.91/store/piwik/index.php?action=firstWebsiteSetup&module=Installation" "Mozilla/5.0 (Macintosh; Intel Mac OS X 10_7_5) AppleWebKit/537.36 (KHTML, like Gecko) Chrome/32.0.1700.77 Safari/537.36"
106.51.175.107 - - [26/Jan/2014:17:47:45 +0300] "GET /store HTTP/1.1" 301 310 "-" "Mozilla/5.0 (Macintosh; Intel Mac OS X 10_7_5) AppleWebKit/537.36 (KHTML, like Gecko) Chrome/32.0.1700.77 Safari/537.36"
106.51.175.107 - - [26/Jan/2014:17:47:45 +0300] "GET /store/ HTTP/1.1" 200 18033 "-" "Mozilla/5.0 (Macintosh; Intel Mac OS X 10_7_5) AppleWebKit/537.36 (KHTML, like Gecko) Chrome/32.0.1700.77 Safari/537.36"
106.51.175.107 - - [26/Jan/2014:17:47:46 +0300] "GET /store/image/cache/data/demo/macbook_1-80x80.jpg HTTP/1.1" 304 - "http://5.45.183.91/store/" "Mozilla/5.0 (Macintosh; Intel Mac OS X 10_7_5) AppleWebKit/537.36 (KHTML, like Gecko) Chrome/32.0.1700.77 Safari/537.36"
106.51.175.107 - - [26/Jan/2014:17:47:46 +0300] "GET /store/image/cache/data/demo/apple_cinema_30-80x80.jpg HTTP/1.1" 304 - "http://5.45.183.91/store/" "Mozilla/5.0 (Macintosh; Intel Mac OS X 10_7_5) AppleWebKit/537.36 (KHTML, like Gecko) Chrome/32.0.1700.77 Safari/537.36"
106.51.175.107 - - [26/Jan/2014:17:47:46 +0300] "GET /store/image/cache/data/demo/iphone_1-80x80.jpg HTTP/1.1" 304 - "http://5.45.183.91/store/" "Mozilla/5.0 (Macintosh; Intel Mac OS X 10_7_5) AppleWebKit/537.36 (KHTML, like Gecko) Chrome/32.0.1700.77 Safari/537.36"
106.51.175.107 - - [26/Jan/2014:17:47:46 +0300] "GET /store/image/cache/data/demo/samsung_tab_1-80x80.jpg HTTP/1.1" 304 - "http://5.45.183.91/store/" "Mozilla/5.0 (Macintosh; Intel Mac OS X 10_7_5) AppleWebKit/537.36 (KHTML, like Gecko) Chrome/32.0.1700.77 Safari/537.36"
106.51.175.107 - - [26/Jan/2014:17:47:46 +0300] "GET /store/image/cache/data/demo/sony_vaio_1-80x80.jpg HTTP/1.1" 304 - "http://5.45.183.91/store/" "Mozilla/5.0 (Macintosh; Intel Mac OS X 10_7_5) AppleWebKit/537.36 (KHTML, like Gecko) Chrome/32.0.1700.77 Safari/537.36"
106.51.175.107 - - [26/Jan/2014:17:47:46 +0300] "GET /store/image/cache/data/demo/hp_1-80x80.jpg HTTP/1.1" 304 - "http://5.45.183.91/store/" "Mozilla/5.0 (Macintosh; Intel Mac OS X 10_7_5) AppleWebKit/537.36 (KHTML, like Gecko) Chrome/32.0.1700.77 Safari/537.36"
106.51.175.107 - - [26/Jan/2014:17:47:46 +0300] "GET /store/image/cache/data/demo/htc_logo-80x80.jpg HTTP/1.1" 304 - "http://5.45.183.91/store/" "Mozilla/5.0 (Macintosh; Intel Mac OS X 10_7_5) AppleWebKit/537.36 (KHTML, like Gecko) Chrome/32.0.1700.77 Safari/537.36"
106.51.175.107 - - [26/Jan/2014:17:47:46 +0300] "GET /store/image/cache/data/demo/canon_logo-80x80.jpg HTTP/1.1" 304 - "http://5.45.183.91/store/" "Mozilla/5.0 (Macintosh; Intel Mac OS X 10_7_5) AppleWebKit/537.36 (KHTML, like Gecko) Chrome/32.0.1700.77 Safari/537.36"
106.51.175.107 - - [26/Jan/2014:17:47:46 +0300] "GET /store/image/cache/data/demo/apple_logo-80x80.jpg HTTP/1.1" 304 - "http://5.45.183.91/store/" "Mozilla/5.0 (Macintosh; Intel Mac OS X 10_7_5) AppleWebKit/537.36 (KHTML, like Gecko) Chrome/32.0.1700.77 Safari/537.36"
106.51.175.107 - - [26/Jan/2014:17:47:46 +0300] "GET /store/image/cache/data/demo/palm_logo-80x80.jpg HTTP/1.1" 304 - "http://5.45.183.91/store/" "Mozilla/5.0 (Macintosh; Intel Mac OS X 10_7_5) AppleWebKit/537.36 (KHTML, like Gecko) Chrome/32.0.1700.77 Safari/537.36"
106.51.175.107 - - [26/Jan/2014:17:47:46 +0300] "GET /store/image/cache/data/demo/sony_logo-80x80.jpg HTTP/1.1" 304 - "http://5.45.183.91/store/" "Mozilla/5.0 (Macintosh; Intel Mac OS X 10_7_5) AppleWebKit/537.36 (KHTML, like Gecko) Chrome/32.0.1700.77 Safari/537.36"
106.51.175.107 - - [26/Jan/2014:17:47:46 +0300] "GET /store/image/cache/data/demo/hp_logo-80x80.jpg HTTP/1.1" 304 - "http://5.45.183.91/store/" "Mozilla/5.0 (Macintosh; Intel Mac OS X 10_7_5) AppleWebKit/537.36 (KHTML, like Gecko) Chrome/32.0.1700.77 Safari/537.36"
::1 - - [26/Jan/2014:17:47:48 +0300] "OPTIONS * HTTP/1.0" 200 - "-" "Apache/2.2.15 (CentOS) (internal dummy connection)"
106.51.175.107 - - [26/Jan/2014:17:48:27 +0300] "POST /store/piwik/index.php?action=firstWebsiteSetup&module=Installation HTTP/1.1" 302 - "http://5.45.183.91/store/piwik/index.php?action=firstWebsiteSetup&module=Installation" "Mozilla/5.0 (Macintosh; Intel Mac OS X 10_7_5) AppleWebKit/537.36 (KHTML, like Gecko) Chrome/32.0.1700.77 Safari/537.36"
106.51.175.107 - - [26/Jan/2014:17:48:28 +0300] "GET /store/piwik/index.php?action=trackingCode&module=Installation HTTP/1.1" 200 13247 "http://5.45.183.91/store/piwik/index.php?action=firstWebsiteSetup&module=Installation" "Mozilla/5.0 (Macintosh; Intel Mac OS X 10_7_5) AppleWebKit/537.36 (KHTML, like Gecko) Chrome/32.0.1700.77 Safari/537.36"
106.51.175.107 - - [26/Jan/2014:17:48:29 +0300] "GET /store/piwik/index.php?module=Installation&action=getBaseCss&cb=1d44fb7897c5eacd22aef03dcc795549 HTTP/1.1" 200 19506 "http://5.45.183.91/store/piwik/index.php?action=trackingCode&module=Installation" "Mozilla/5.0 (Macintosh; Intel Mac OS X 10_7_5) AppleWebKit/537.36 (KHTML, like Gecko) Chrome/32.0.1700.77 Safari/537.36"
106.51.175.107 - - [26/Jan/2014:17:48:40 +0300] "GET /store/piwik/index.php?action=finished&module=Installation HTTP/1.1" 200 10795 "http://5.45.183.91/store/piwik/index.php?action=trackingCode&module=Installation" "Mozilla/5.0 (Macintosh; Intel Mac OS X 10_7_5) AppleWebKit/537.36 (KHTML, like Gecko) Chrome/32.0.1700.77 Safari/537.36"
106.51.175.107 - - [26/Jan/2014:17:48:41 +0300] "GET /store/piwik/plugins/Installation/stylesheets/installation.css?cb=4534793a074460ed89143249f239e2cc HTTP/1.1" 200 3339 "http://5.45.183.91/store/piwik/index.php?action=finished&module=Installation" "Mozilla/5.0 (Macintosh; Intel Mac OS X 10_7_5) AppleWebKit/537.36 (KHTML, like Gecko) Chrome/32.0.1700.77 Safari/537.36"
106.51.175.107 - - [26/Jan/2014:17:48:41 +0300] "GET /store/piwik/index.php?module=Installation&action=getBaseCss&cb=4534793a074460ed89143249f239e2cc HTTP/1.1" 200 19506 "http://5.45.183.91/store/piwik/index.php?action=finished&module=Installation" "Mozilla/5.0 (Macintosh; Intel Mac OS X 10_7_5) AppleWebKit/537.36 (KHTML, like Gecko) Chrome/32.0.1700.77 Safari/537.36"
106.51.175.107 - - [26/Jan/2014:17:48:49 +0300] "GET /store/piwik/plugins/Installation/javascripts/installation.js?cb=4534793a074460ed89143249f239e2cc HTTP/1.1" 200 307 "http://5.45.183.91/store/piwik/index.php?action=finished&module=Installation" "Mozilla/5.0 (Macintosh; Intel Mac OS X 10_7_5) AppleWebKit/537.36 (KHTML, like Gecko) Chrome/32.0.1700.77 Safari/537.36"
106.51.175.107 - - [26/Jan/2014:17:48:41 +0300] "GET /store/piwik/libs/jquery/themes/base/jquery-ui.css?cb=4534793a074460ed89143249f239e2cc HTTP/1.1" 200 25699 "http://5.45.183.91/store/piwik/index.php?action=finished&module=Installation" "Mozilla/5.0 (Macintosh; Intel Mac OS X 10_7_5) AppleWebKit/537.36 (KHTML, like Gecko) Chrome/32.0.1700.77 Safari/537.36"
106.51.175.107 - - [26/Jan/2014:17:48:51 +0300] "GET /store/piwik/plugins/LanguagesManager/javascripts/languageSelector.js?cb=4534793a074460ed89143249f239e2cc HTTP/1.1" 200 2545 "http://5.45.183.91/store/piwik/index.php?action=finished&module=Installation" "Mozilla/5.0 (Macintosh; Intel Mac OS X 10_7_5) AppleWebKit/537.36 (KHTML, like Gecko) Chrome/32.0.1700.77 Safari/537.36"
::1 - - [26/Jan/2014:17:48:52 +0300] "OPTIONS * HTTP/1.0" 200 - "-" "Apache/2.2.15 (CentOS) (internal dummy connection)"
106.51.175.107 - - [26/Jan/2014:17:48:41 +0300] "GET /store/piwik/libs/jquery/jquery.js?cb=4534793a074460ed89143249f239e2cc HTTP/1.1" 200 93068 "http://5.45.183.91/store/piwik/index.php?action=finished&module=Installation" "Mozilla/5.0 (Macintosh; Intel Mac OS X 10_7_5) AppleWebKit/537.36 (KHTML, like Gecko) Chrome/32.0.1700.77 Safari/537.36"
::1 - - [26/Jan/2014:17:48:59 +0300] "OPTIONS * HTTP/1.0" 200 - "-" "Apache/2.2.15 (CentOS) (internal dummy connection)"
106.51.175.107 - - [26/Jan/2014:17:49:16 +0300] "GET /store/image/cache/data/demo/samsung_banner-980x280.jpg HTTP/1.1" 304 - "http://5.45.183.91/store/" "Mozilla/5.0 (Macintosh; Intel Mac OS X 10_7_5) AppleWebKit/537.36 (KHTML, like Gecko) Chrome/32.0.1700.77 Safari/537.36"
106.51.175.107 - - [26/Jan/2014:17:48:41 +0300] "GET /store/piwik/libs/jquery/jquery-ui.js?cb=4534793a074460ed89143249f239e2cc HTTP/1.1" 200 228137 "http://5.45.183.91/store/piwik/index.php?action=finished&module=Installation" "Mozilla/5.0 (Macintosh; Intel Mac OS X 10_7_5) AppleWebKit/537.36 (KHTML, like Gecko) Chrome/32.0.1700.77 Safari/537.36"
::1 - - [26/Jan/2014:17:49:23 +0300] "OPTIONS * HTTP/1.0" 200 - "-" "Apache/2.2.15 (CentOS) (internal dummy connection)"
106.51.175.107 - - [26/Jan/2014:17:49:42 +0300] "GET /store/piwik/index.php HTTP/1.1" 200 6167 "http://5.45.183.91/store/piwik/index.php?action=finished&module=Installation" "Mozilla/5.0 (Macintosh; Intel Mac OS X 10_7_5) AppleWebKit/537.36 (KHTML, like Gecko) Chrome/32.0.1700.77 Safari/537.36"
106.51.175.107 - - [26/Jan/2014:17:49:43 +0300] "GET /store/piwik/plugins/Login/stylesheets/login.css?cb=4534793a074460ed89143249f239e2cc HTTP/1.1" 200 3564 "http://5.45.183.91/store/piwik/index.php" "Mozilla/5.0 (Macintosh; Intel Mac OS X 10_7_5) AppleWebKit/537.36 (KHTML, like Gecko) Chrome/32.0.1700.77 Safari/537.36"
106.51.175.107 - - [26/Jan/2014:17:49:43 +0300] "GET /store/piwik/libs/jquery/jquery.placeholder.js?cb=4534793a074460ed89143249f239e2cc HTTP/1.1" 200 4515 "http://5.45.183.91/store/piwik/index.php" "Mozilla/5.0 (Macintosh; Intel Mac OS X 10_7_5) AppleWebKit/537.36 (KHTML, like Gecko) Chrome/32.0.1700.77 Safari/537.36"
106.51.175.107 - - [26/Jan/2014:17:49:43 +0300] "GET /store/piwik/plugins/CoreHome/javascripts/notification.js?cb=4534793a074460ed89143249f239e2cc HTTP/1.1" 200 6437 "http://5.45.183.91/store/piwik/index.php" "Mozilla/5.0 (Macintosh; Intel Mac OS X 10_7_5) AppleWebKit/537.36 (KHTML, like Gecko) Chrome/32.0.1700.77 Safari/537.36"
106.51.175.107 - - [26/Jan/2014:17:49:43 +0300] "GET /store/piwik/plugins/CoreHome/javascripts/require.js?cb=4534793a074460ed89143249f239e2cc HTTP/1.1" 200 1297 "http://5.45.183.91/store/piwik/index.php" "Mozilla/5.0 (Macintosh; Intel Mac OS X 10_7_5) AppleWebKit/537.36 (KHTML, like Gecko) Chrome/32.0.1700.77 Safari/537.36"
106.51.175.107 - - [26/Jan/2014:17:49:43 +0300] "GET /store/piwik/plugins/CoreHome/javascripts/notification_parser.js?cb=4534793a074460ed89143249f239e2cc HTTP/1.1" 200 824 "http://5.45.183.91/store/piwik/index.php" "Mozilla/5.0 (Macintosh; Intel Mac OS X 10_7_5) AppleWebKit/537.36 (KHTML, like Gecko) Chrome/32.0.1700.77 Safari/537.36"
106.51.175.107 - - [26/Jan/2014:17:49:44 +0300] "GET /store/piwik/plugins/Login/javascripts/login.js?cb=4534793a074460ed89143249f239e2cc HTTP/1.1" 200 3457 "http://5.45.183.91/store/piwik/index.php" "Mozilla/5.0 (Macintosh; Intel Mac OS X 10_7_5) AppleWebKit/537.36 (KHTML, like Gecko) Chrome/32.0.1700.77 Safari/537.36"
106.51.175.107 - - [26/Jan/2014:17:49:43 +0300] "GET /store/piwik/index.php?module=Proxy&action=getCss&cb=4534793a074460ed89143249f239e2cc HTTP/1.1" 200 33943 "http://5.45.183.91/store/piwik/index.php" "Mozilla/5.0 (Macintosh; Intel Mac OS X 10_7_5) AppleWebKit/537.36 (KHTML, like Gecko) Chrome/32.0.1700.77 Safari/537.36"
::1 - - [26/Jan/2014:17:49:45 +0300] "OPTIONS * HTTP/1.0" 200 - "-" "Apache/2.2.15 (CentOS) (internal dummy connection)"
::1 - - [26/Jan/2014:17:49:46 +0300] "OPTIONS * HTTP/1.0" 200 - "-" "Apache/2.2.15 (CentOS) (internal dummy connection)"
106.51.175.107 - - [26/Jan/2014:17:49:47 +0300] "GET /store/piwik/plugins/Morpheus/images/logo.svg HTTP/1.1" 200 2290 "http://5.45.183.91/store/piwik/index.php" "Mozilla/5.0 (Macintosh; Intel Mac OS X 10_7_5) AppleWebKit/537.36 (KHTML, like Gecko) Chrome/32.0.1700.77 Safari/537.36"
::1 - - [26/Jan/2014:17:49:47 +0300] "OPTIONS * HTTP/1.0" 200 - "-" "Apache/2.2.15 (CentOS) (internal dummy connection)"
106.51.175.107 - - [26/Jan/2014:17:49:48 +0300] "GET /store/piwik/plugins/Morpheus/images/loading-blue.gif HTTP/1.1" 200 723 "http://5.45.183.91/store/piwik/index.php" "Mozilla/5.0 (Macintosh; Intel Mac OS X 10_7_5) AppleWebKit/537.36 (KHTML, like Gecko) Chrome/32.0.1700.77 Safari/537.36"
106.51.175.107 - - [26/Jan/2014:17:50:01 +0300] "GET /store/piwik/plugins/Zeitgeist/images/affix-arrow.png HTTP/1.1" 200 3179 "http://5.45.183.91/store/piwik/index.php" "Mozilla/5.0 (Macintosh; Intel Mac OS X 10_7_5) AppleWebKit/537.36 (KHTML, like Gecko) Chrome/32.0.1700.77 Safari/537.36"
106.51.175.107 - - [26/Jan/2014:17:50:01 +0300] "GET /store/piwik/plugins/Zeitgeist/images/login-sprite.png HTTP/1.1" 200 10200 "http://5.45.183.91/store/piwik/index.php" "Mozilla/5.0 (Macintosh; Intel Mac OS X 10_7_5) AppleWebKit/537.36 (KHTML, like Gecko) Chrome/32.0.1700.77 Safari/537.36"
106.51.175.107 - - [26/Jan/2014:17:50:07 +0300] "GET /store/ HTTP/1.1" 200 18033 "-" "Mozilla/5.0 (Macintosh; Intel Mac OS X 10_7_5) AppleWebKit/537.36 (KHTML, like Gecko) Chrome/32.0.1700.77 Safari/537.36"
106.51.175.107 - - [26/Jan/2014:17:50:08 +0300] "GET /store/catalog/view/theme/default/stylesheet/slideshow.css HTTP/1.1" 304 - "http://5.45.183.91/store/" "Mozilla/5.0 (Macintosh; Intel Mac OS X 10_7_5) AppleWebKit/537.36 (KHTML, like Gecko) Chrome/32.0.1700.77 Safari/537.36"
106.51.175.107 - - [26/Jan/2014:17:50:08 +0300] "GET /store/catalog/view/theme/default/stylesheet/carousel.css HTTP/1.1" 304 - "http://5.45.183.91/store/" "Mozilla/5.0 (Macintosh; Intel Mac OS X 10_7_5) AppleWebKit/537.36 (KHTML, like Gecko) Chrome/32.0.1700.77 Safari/537.36"
106.51.175.107 - - [26/Jan/2014:17:50:08 +0300] "GET /store/catalog/view/javascript/jquery/ui/jquery-ui-1.8.16.custom.min.js HTTP/1.1" 304 - "http://5.45.183.91/store/" "Mozilla/5.0 (Macintosh; Intel Mac OS X 10_7_5) AppleWebKit/537.36 (KHTML, like Gecko) Chrome/32.0.1700.77 Safari/537.36"
106.51.175.107 - - [26/Jan/2014:17:50:08 +0300] "GET /store/catalog/view/javascript/jquery/jquery-1.7.1.min.js HTTP/1.1" 304 - "http://5.45.183.91/store/" "Mozilla/5.0 (Macintosh; Intel Mac OS X 10_7_5) AppleWebKit/537.36 (KHTML, like Gecko) Chrome/32.0.1700.77 Safari/537.36"
106.51.175.107 - - [26/Jan/2014:17:50:08 +0300] "GET /store/catalog/view/theme/default/stylesheet/stylesheet.css HTTP/1.1" 304 - "http://5.45.183.91/store/" "Mozilla/5.0 (Macintosh; Intel Mac OS X 10_7_5) AppleWebKit/537.36 (KHTML, like Gecko) Chrome/32.0.1700.77 Safari/537.36"
106.51.175.107 - - [26/Jan/2014:17:50:08 +0300] "GET /store/catalog/view/javascript/jquery/nivo-slider/jquery.nivo.slider.pack.js HTTP/1.1" 304 - "http://5.45.183.91/store/" "Mozilla/5.0 (Macintosh; Intel Mac OS X 10_7_5) AppleWebKit/537.36 (KHTML, like Gecko) Chrome/32.0.1700.77 Safari/537.36"
106.51.175.107 - - [26/Jan/2014:17:50:08 +0300] "GET /store/catalog/view/javascript/jquery/ui/themes/ui-lightness/jquery-ui-1.8.16.custom.css HTTP/1.1" 304 - "http://5.45.183.91/store/" "Mozilla/5.0 (Macintosh; Intel Mac OS X 10_7_5) AppleWebKit/537.36 (KHTML, like Gecko) Chrome/32.0.1700.77 Safari/537.36"
106.51.175.107 - - [26/Jan/2014:17:50:08 +0300] "GET /store/catalog/view/javascript/common.js HTTP/1.1" 304 - "http://5.45.183.91/store/" "Mozilla/5.0 (Macintosh; Intel Mac OS X 10_7_5) AppleWebKit/537.36 (KHTML, like Gecko) Chrome/32.0.1700.77 Safari/537.36"
106.51.175.107 - - [26/Jan/2014:17:50:08 +0300] "GET /store/catalog/view/javascript/jquery/jquery.jcarousel.min.js HTTP/1.1" 304 - "http://5.45.183.91/store/" "Mozilla/5.0 (Macintosh; Intel Mac OS X 10_7_5) AppleWebKit/537.36 (KHTML, like Gecko) Chrome/32.0.1700.77 Safari/537.36"
106.51.175.107 - - [26/Jan/2014:17:50:08 +0300] "GET /store/image/data/logo.png HTTP/1.1" 304 - "http://5.45.183.91/store/" "Mozilla/5.0 (Macintosh; Intel Mac OS X 10_7_5) AppleWebKit/537.36 (KHTML, like Gecko) Chrome/32.0.1700.77 Safari/537.36"
106.51.175.107 - - [26/Jan/2014:17:50:10 +0300] "GET /store/image/cache/data/demo/samsung_banner-980x280.jpg HTTP/1.1" 304 - "http://5.45.183.91/store/" "Mozilla/5.0 (Macintosh; Intel Mac OS X 10_7_5) AppleWebKit/537.36 (KHTML, like Gecko) Chrome/32.0.1700.77 Safari/537.36"
