117.192.75.241 - - [26/Jan/2014:18:17:39 +0300] "GET /store/piwik/plugins/Zeitgeist/images/smileyprog_3.png HTTP/1.1" 200 4589 "http://5.45.183.91/store/piwik/index.php?module=CoreHome&action=index&idSite=1&period=day&date=today" "Mozilla/5.0 (X11; Linux x86_64; rv:21.0) Gecko/20100101 Firefox/21.0"
117.192.75.241 - - [26/Jan/2014:18:17:39 +0300] "GET /store/piwik/plugins/Zeitgeist/images/smileyprog_4.png HTTP/1.1" 200 4733 "http://5.45.183.91/store/piwik/index.php?module=CoreHome&action=index&idSite=1&period=day&date=today" "Mozilla/5.0 (X11; Linux x86_64; rv:21.0) Gecko/20100101 Firefox/21.0"
117.192.75.241 - - [26/Jan/2014:18:17:39 +0300] "GET /store/piwik/plugins/Morpheus/images/search_ico.png HTTP/1.1" 200 1227 "http://5.45.183.91/store/piwik/index.php?module=Proxy&action=getCss&cb=4534793a074460ed89143249f239e2cc" "Mozilla/5.0 (X11; Linux x86_64; rv:21.0) Gecko/20100101 Firefox/21.0"
117.192.75.241 - - [26/Jan/2014:18:17:39 +0300] "GET /store/piwik/plugins/Morpheus/images/zoom-out.png HTTP/1.1" 200 1300 "http://5.45.183.91/store/piwik/index.php?module=CoreHome&action=index&idSite=1&period=day&date=today" "Mozilla/5.0 (X11; Linux x86_64; rv:21.0) Gecko/20100101 Firefox/21.0"
117.192.75.241 - - [26/Jan/2014:18:17:39 +0300] "GET /store/piwik/plugins/Morpheus/images/regions.png HTTP/1.1" 200 1265 "http://5.45.183.91/store/piwik/index.php?module=CoreHome&action=index&idSite=1&period=day&date=today" "Mozilla/5.0 (X11; Linux x86_64; rv:21.0) Gecko/20100101 Firefox/21.0"
117.192.75.241 - - [26/Jan/2014:18:17:39 +0300] "GET /store/piwik/plugins/Morpheus/images/cities.png HTTP/1.1" 200 1038 "http://5.45.183.91/store/piwik/index.php?module=CoreHome&action=index&idSite=1&period=day&date=today" "Mozilla/5.0 (X11; Linux x86_64; rv:21.0) Gecko/20100101 Firefox/21.0"
::1 - - [26/Jan/2014:18:17:40 +0300] "OPTIONS * HTTP/1.0" 200 - "-" "Apache/2.2.15 (CentOS) (internal dummy connection)"
117.192.75.241 - - [26/Jan/2014:18:17:40 +0300] "POST /store/piwik/index.php?date=today&module=VisitsSummary&action=index&idSite=1&period=day HTTP/1.1" 200 19478 "http://5.45.183.91/store/piwik/index.php?module=CoreHome&action=index&idSite=1&period=day&date=today" "Mozilla/5.0 (X11; Linux x86_64; rv:21.0) Gecko/20100101 Firefox/21.0"
117.192.75.241 - - [26/Jan/2014:18:17:42 +0300] "GET /store/piwik/index.php?date=2013-12-28,2014-01-26&module=VisitsSummary&action=getEvolutionGraph&idSite=1&period=day&viewDataTable=sparkline&columns=nb_visits%2Cnb_uniq_visitors&colors=%7B%22backgroundColor%22%3A%22%23ffffff%22%2C%22lineColor%22%3A%22%23162c4a%22%2C%22minPointColor%22%3A%22%23ff7f7f%22%2C%22maxPointColor%22%3A%22%2375bf7c%22%2C%22lastPointColor%22%3A%22%2355aaff%22%7D HTTP/1.1" 200 224 "http://5.45.183.91/store/piwik/index.php?module=CoreHome&action=index&idSite=1&period=day&date=today" "Mozilla/5.0 (X11; Linux x86_64; rv:21.0) Gecko/20100101 Firefox/21.0"
117.192.75.241 - - [26/Jan/2014:18:17:42 +0300] "GET /store/piwik/index.php?date=2013-12-28,2014-01-26&module=VisitsSummary&action=getEvolutionGraph&idSite=1&period=day&viewDataTable=sparkline&columns=avg_time_on_site&colors=%7B%22backgroundColor%22%3A%22%23ffffff%22%2C%22lineColor%22%3A%22%23162c4a%22%2C%22minPointColor%22%3A%22%23ff7f7f%22%2C%22maxPointColor%22%3A%22%2375bf7c%22%2C%22lastPointColor%22%3A%22%2355aaff%22%7D HTTP/1.1" 200 224 "http://5.45.183.91/store/piwik/index.php?module=CoreHome&action=index&idSite=1&period=day&date=today" "Mozilla/5.0 (X11; Linux x86_64; rv:21.0) Gecko/20100101 Firefox/21.0"
117.192.75.241 - - [26/Jan/2014:18:17:42 +0300] "GET /store/piwik/index.php?date=2013-12-28,2014-01-26&module=VisitsSummary&action=getEvolutionGraph&idSite=1&period=day&viewDataTable=sparkline&columns=bounce_rate&colors=%7B%22backgroundColor%22%3A%22%23ffffff%22%2C%22lineColor%22%3A%22%23162c4a%22%2C%22minPointColor%22%3A%22%23ff7f7f%22%2C%22maxPointColor%22%3A%22%2375bf7c%22%2C%22lastPointColor%22%3A%22%2355aaff%22%7D HTTP/1.1" 200 224 "http://5.45.183.91/store/piwik/index.php?module=CoreHome&action=index&idSite=1&period=day&date=today" "Mozilla/5.0 (X11; Linux x86_64; rv:21.0) Gecko/20100101 Firefox/21.0"
117.192.75.241 - - [26/Jan/2014:18:17:42 +0300] "GET /store/piwik/index.php?date=2013-12-28,2014-01-26&module=VisitsSummary&action=getEvolutionGraph&idSite=1&period=day&viewDataTable=sparkline&columns=nb_actions_per_visit&colors=%7B%22backgroundColor%22%3A%22%23ffffff%22%2C%22lineColor%22%3A%22%23162c4a%22%2C%22minPointColor%22%3A%22%23ff7f7f%22%2C%22maxPointColor%22%3A%22%2375bf7c%22%2C%22lastPointColor%22%3A%22%2355aaff%22%7D HTTP/1.1" 200 224 "http://5.45.183.91/store/piwik/index.php?module=CoreHome&action=index&idSite=1&period=day&date=today" "Mozilla/5.0 (X11; Linux x86_64; rv:21.0) Gecko/20100101 Firefox/21.0"
117.192.75.241 - - [26/Jan/2014:18:17:42 +0300] "GET /store/piwik/index.php?date=2013-12-28,2014-01-26&module=VisitsSummary&action=getEvolutionGraph&idSite=1&period=day&viewDataTable=sparkline&columns=avg_time_generation&colors=%7B%22backgroundColor%22%3A%22%23ffffff%22%2C%22lineColor%22%3A%22%23162c4a%22%2C%22minPointColor%22%3A%22%23ff7f7f%22%2C%22maxPointColor%22%3A%22%2375bf7c%22%2C%22lastPointColor%22%3A%22%2355aaff%22%7D HTTP/1.1" 200 224 "http://5.45.183.91/store/piwik/index.php?module=CoreHome&action=index&idSite=1&period=day&date=today" "Mozilla/5.0 (X11; Linux x86_64; rv:21.0) Gecko/20100101 Firefox/21.0"
117.192.75.241 - - [26/Jan/2014:18:17:42 +0300] "GET /store/piwik/index.php?date=2013-12-28,2014-01-26&module=VisitsSummary&action=getEvolutionGraph&idSite=1&period=day&viewDataTable=sparkline&columns=nb_searches%2Cnb_keywords&colors=%7B%22backgroundColor%22%3A%22%23ffffff%22%2C%22lineColor%22%3A%22%23162c4a%22%2C%22minPointColor%22%3A%22%23ff7f7f%22%2C%22maxPointColor%22%3A%22%2375bf7c%22%2C%22lastPointColor%22%3A%22%2355aaff%22%7D HTTP/1.1" 200 224 "http://5.45.183.91/store/piwik/index.php?module=CoreHome&action=index&idSite=1&period=day&date=today" "Mozilla/5.0 (X11; Linux x86_64; rv:21.0) Gecko/20100101 Firefox/21.0"
117.192.75.241 - - [26/Jan/2014:18:17:43 +0300] "GET /store/piwik/index.php?date=2013-12-28,2014-01-26&module=VisitsSummary&action=getEvolutionGraph&idSite=1&period=day&viewDataTable=sparkline&columns=nb_downloads%2Cnb_uniq_downloads&colors=%7B%22backgroundColor%22%3A%22%23ffffff%22%2C%22lineColor%22%3A%22%23162c4a%22%2C%22minPointColor%22%3A%22%23ff7f7f%22%2C%22maxPointColor%22%3A%22%2375bf7c%22%2C%22lastPointColor%22%3A%22%2355aaff%22%7D HTTP/1.1" 200 224 "http://5.45.183.91/store/piwik/index.php?module=CoreHome&action=index&idSite=1&period=day&date=today" "Mozilla/5.0 (X11; Linux x86_64; rv:21.0) Gecko/20100101 Firefox/21.0"
117.192.75.241 - - [26/Jan/2014:18:17:43 +0300] "GET /store/piwik/index.php?date=2013-12-28,2014-01-26&module=VisitsSummary&action=getEvolutionGraph&idSite=1&period=day&viewDataTable=sparkline&columns=nb_outlinks%2Cnb_uniq_outlinks&colors=%7B%22backgroundColor%22%3A%22%23ffffff%22%2C%22lineColor%22%3A%22%23162c4a%22%2C%22minPointColor%22%3A%22%23ff7f7f%22%2C%22maxPointColor%22%3A%22%2375bf7c%22%2C%22lastPointColor%22%3A%22%2355aaff%22%7D HTTP/1.1" 200 224 "http://5.45.183.91/store/piwik/index.php?module=CoreHome&action=index&idSite=1&period=day&date=today" "Mozilla/5.0 (X11; Linux x86_64; rv:21.0) Gecko/20100101 Firefox/21.0"
117.192.75.241 - - [26/Jan/2014:18:17:44 +0300] "GET /store/piwik/plugins/Morpheus/images/help.png HTTP/1.1" 200 1297 "http://5.45.183.91/store/piwik/index.php?module=Proxy&action=getCss&cb=4534793a074460ed89143249f239e2cc" "Mozilla/5.0 (X11; Linux x86_64; rv:21.0) Gecko/20100101 Firefox/21.0"
117.192.75.241 - - [26/Jan/2014:18:17:43 +0300] "GET /store/piwik/index.php?date=2013-12-28,2014-01-26&module=VisitsSummary&action=getEvolutionGraph&idSite=1&period=day&viewDataTable=sparkline&columns=max_actions&colors=%7B%22backgroundColor%22%3A%22%23ffffff%22%2C%22lineColor%22%3A%22%23162c4a%22%2C%22minPointColor%22%3A%22%23ff7f7f%22%2C%22maxPointColor%22%3A%22%2375bf7c%22%2C%22lastPointColor%22%3A%22%2355aaff%22%7D HTTP/1.1" 200 224 "http://5.45.183.91/store/piwik/index.php?module=CoreHome&action=index&idSite=1&period=day&date=today" "Mozilla/5.0 (X11; Linux x86_64; rv:21.0) Gecko/20100101 Firefox/21.0"
117.192.75.241 - - [26/Jan/2014:18:17:42 +0300] "GET /store/piwik/index.php?date=2013-12-28,2014-01-26&module=VisitsSummary&action=getEvolutionGraph&idSite=1&period=day&viewDataTable=sparkline&columns=nb_pageviews%2Cnb_uniq_pageviews&colors=%7B%22backgroundColor%22%3A%22%23ffffff%22%2C%22lineColor%22%3A%22%23162c4a%22%2C%22minPointColor%22%3A%22%23ff7f7f%22%2C%22maxPointColor%22%3A%22%2375bf7c%22%2C%22lastPointColor%22%3A%22%2355aaff%22%7D HTTP/1.1" 200 224 "http://5.45.183.91/store/piwik/index.php?module=CoreHome&action=index&idSite=1&period=day&date=today" "Mozilla/5.0 (X11; Linux x86_64; rv:21.0) Gecko/20100101 Firefox/21.0"
117.192.75.241 - - [26/Jan/2014:18:17:43 +0300] "POST /store/piwik/index.php?date=today&module=Annotations&action=getEvolutionIcons&idSite=1&period=day&lastN=30 HTTP/1.1" 200 7997 "http://5.45.183.91/store/piwik/index.php?module=CoreHome&action=index&idSite=1&period=day&date=today" "Mozilla/5.0 (X11; Linux x86_64; rv:21.0) Gecko/20100101 Firefox/21.0"
::1 - - [26/Jan/2014:18:17:45 +0300] "OPTIONS * HTTP/1.0" 200 - "-" "Apache/2.2.15 (CentOS) (internal dummy connection)"
::1 - - [26/Jan/2014:18:17:46 +0300] "OPTIONS * HTTP/1.0" 200 - "-" "Apache/2.2.15 (CentOS) (internal dummy connection)"
117.192.75.241 - - [26/Jan/2014:18:17:46 +0300] "POST /store/piwik/index.php?date=today&module=Live&action=indexVisitorLog&idSite=1&period=day HTTP/1.1" 200 4880 "http://5.45.183.91/store/piwik/index.php?module=CoreHome&action=index&idSite=1&period=day&date=today" "Mozilla/5.0 (X11; Linux x86_64; rv:21.0) Gecko/20100101 Firefox/21.0"
117.192.75.241 - - [26/Jan/2014:18:18:35 +0300] "POST /store/piwik/index.php?date=today&module=Live&action=indexVisitorLog&idSite=1&period=day HTTP/1.1" 200 4880 "http://5.45.183.91/store/piwik/index.php?module=CoreHome&action=index&idSite=1&period=day&date=today" "Mozilla/5.0 (X11; Linux x86_64; rv:21.0) Gecko/20100101 Firefox/21.0"
117.192.75.241 - - [26/Jan/2014:18:18:39 +0300] "GET /store/index.php?route=product/category&path=20 HTTP/1.1" 200 38340 "http://5.45.183.91/store/" "Mozilla/5.0 (X11; Linux x86_64; rv:21.0) Gecko/20100101 Firefox/21.0"
117.192.75.241 - - [26/Jan/2014:18:18:40 +0300] "GET /store/catalog/view/javascript/jquery/jquery.total-storage.min.js HTTP/1.1" 200 2564 "http://5.45.183.91/store/index.php?route=product/category&path=20" "Mozilla/5.0 (X11; Linux x86_64; rv:21.0) Gecko/20100101 Firefox/21.0"
117.192.75.241 - - [26/Jan/2014:18:18:40 +0300] "GET /store/catalog/view/javascript/jquery/jquery.cycle.js HTTP/1.1" 200 3880 "http://5.45.183.91/store/index.php?route=product/category&path=20" "Mozilla/5.0 (X11; Linux x86_64; rv:21.0) Gecko/20100101 Firefox/21.0"
117.192.75.241 - - [26/Jan/2014:18:18:40 +0300] "GET /store/image/cache/data/demo/hp_banner-182x182.jpg HTTP/1.1" 200 9268 "http://5.45.183.91/store/index.php?route=product/category&path=20" "Mozilla/5.0 (X11; Linux x86_64; rv:21.0) Gecko/20100101 Firefox/21.0"
117.192.75.241 - - [26/Jan/2014:18:18:40 +0300] "GET /store/image/cache/data/demo/compaq_presario-80x80.jpg HTTP/1.1" 200 2255 "http://5.45.183.91/store/index.php?route=product/category&path=20" "Mozilla/5.0 (X11; Linux x86_64; rv:21.0) Gecko/20100101 Firefox/21.0"
117.192.75.241 - - [26/Jan/2014:18:18:40 +0300] "GET /store/image/cache/data/demo/canon_eos_5d_1-80x80.jpg HTTP/1.1" 200 2716 "http://5.45.183.91/store/index.php?route=product/category&path=20" "Mozilla/5.0 (X11; Linux x86_64; rv:21.0) Gecko/20100101 Firefox/21.0"
117.192.75.241 - - [26/Jan/2014:18:18:40 +0300] "GET /store/image/cache/data/demo/htc_touch_hd_1-80x80.jpg HTTP/1.1" 200 2557 "http://5.45.183.91/store/index.php?route=product/category&path=20" "Mozilla/5.0 (X11; Linux x86_64; rv:21.0) Gecko/20100101 Firefox/21.0"
117.192.75.241 - - [26/Jan/2014:18:18:40 +0300] "GET /store/image/cache/data/demo/ipod_classic_1-80x80.jpg HTTP/1.1" 200 2346 "http://5.45.183.91/store/index.php?route=product/category&path=20" "Mozilla/5.0 (X11; Linux x86_64; rv:21.0) Gecko/20100101 Firefox/21.0"
117.192.75.241 - - [26/Jan/2014:18:18:40 +0300] "GET /store/image/cache/data/demo/macbook_air_1-80x80.jpg HTTP/1.1" 200 2044 "http://5.45.183.91/store/index.php?route=product/category&path=20" "Mozilla/5.0 (X11; Linux x86_64; rv:21.0) Gecko/20100101 Firefox/21.0"
117.192.75.241 - - [26/Jan/2014:18:18:40 +0300] "GET /store/image/cache/data/demo/palm_treo_pro_1-80x80.jpg HTTP/1.1" 200 2753 "http://5.45.183.91/store/index.php?route=product/category&path=20" "Mozilla/5.0 (X11; Linux x86_64; rv:21.0) Gecko/20100101 Firefox/21.0"
117.192.75.241 - - [26/Jan/2014:18:18:40 +0300] "GET /store/image/cache/data/demo/samsung_syncmaster_941bw-80x80.jpg HTTP/1.1" 200 2572 "http://5.45.183.91/store/index.php?route=product/category&path=20" "Mozilla/5.0 (X11; Linux x86_64; rv:21.0) Gecko/20100101 Firefox/21.0"
117.192.75.241 - - [26/Jan/2014:18:18:41 +0300] "GET /store/catalog/view/theme/default/image/add.png HTTP/1.1" 200 209 "http://5.45.183.91/store/catalog/view/theme/default/stylesheet/stylesheet.css" "Mozilla/5.0 (X11; Linux x86_64; rv:21.0) Gecko/20100101 Firefox/21.0"
117.192.75.241 - - [26/Jan/2014:18:18:43 +0300] "GET /store/piwik/index.php?module=CoreAdminHome HTTP/1.1" 302 - "http://5.45.183.91/store/piwik/index.php?module=CoreHome&action=index&idSite=1&period=day&date=today" "Mozilla/5.0 (X11; Linux x86_64; rv:21.0) Gecko/20100101 Firefox/21.0"
117.192.75.241 - - [26/Jan/2014:18:18:52 +0300] "GET /store/catalog/view/javascript/jquery/colorbox/colorbox.css HTTP/1.1" 200 3265 "http://5.45.183.91/store/index.php?route=product/product&path=20&product_id=42" "Mozilla/5.0 (X11; Linux x86_64; rv:21.0) Gecko/20100101 Firefox/21.0"
117.192.75.241 - - [26/Jan/2014:18:18:53 +0300] "GET /store/catalog/view/javascript/jquery/tabs.js HTTP/1.1" 200 483 "http://5.45.183.91/store/index.php?route=product/product&path=20&product_id=42" "Mozilla/5.0 (X11; Linux x86_64; rv:21.0) Gecko/20100101 Firefox/21.0"
117.192.75.241 - - [26/Jan/2014:18:18:53 +0300] "GET /store/catalog/view/javascript/jquery/colorbox/jquery.colorbox-min.js HTTP/1.1" 200 9517 "http://5.45.183.91/store/index.php?route=product/product&path=20&product_id=42" "Mozilla/5.0 (X11; Linux x86_64; rv:21.0) Gecko/20100101 Firefox/21.0"
117.192.75.241 - - [26/Jan/2014:18:18:50 +0300] "GET /store/index.php?route=product/product&path=20&product_id=42 HTTP/1.1" 200 44642 "http://5.45.183.91/store/index.php?route=product/category&path=20" "Mozilla/5.0 (X11; Linux x86_64; rv:21.0) Gecko/20100101 Firefox/21.0"
117.192.75.241 - - [26/Jan/2014:18:18:43 +0300] "GET /store/piwik/index.php?module=UsersManager&action=userSettings&idSite=1&period=day&date=yesterday HTTP/1.1" 200 31649 "http://5.45.183.91/store/piwik/index.php?module=CoreHome&action=index&idSite=1&period=day&date=today" "Mozilla/5.0 (X11; Linux x86_64; rv:21.0) Gecko/20100101 Firefox/21.0"
117.192.75.241 - - [26/Jan/2014:18:19:05 +0300] "GET /store/image/cache/data/demo/canon_eos_5d_1-74x74.jpg HTTP/1.1" 200 2381 "http://5.45.183.91/store/index.php?route=product/product&path=20&product_id=42" "Mozilla/5.0 (X11; Linux x86_64; rv:21.0) Gecko/20100101 Firefox/21.0"
117.192.75.241 - - [26/Jan/2014:18:19:05 +0300] "GET /store/image/cache/data/demo/compaq_presario-74x74.jpg HTTP/1.1" 200 2018 "http://5.45.183.91/store/index.php?route=product/product&path=20&product_id=42" "Mozilla/5.0 (X11; Linux x86_64; rv:21.0) Gecko/20100101 Firefox/21.0"
117.192.75.241 - - [26/Jan/2014:18:19:05 +0300] "GET /store/image/cache/data/demo/apple_cinema_30-228x228.jpg HTTP/1.1" 200 8909 "http://5.45.183.91/store/index.php?route=product/product&path=20&product_id=42" "Mozilla/5.0 (X11; Linux x86_64; rv:21.0) Gecko/20100101 Firefox/21.0"
117.192.75.241 - - [26/Jan/2014:18:19:05 +0300] "GET /store/image/cache/data/demo/canon_logo-74x74.jpg HTTP/1.1" 200 1838 "http://5.45.183.91/store/index.php?route=product/product&path=20&product_id=42" "Mozilla/5.0 (X11; Linux x86_64; rv:21.0) Gecko/20100101 Firefox/21.0"
117.192.75.241 - - [26/Jan/2014:18:19:05 +0300] "GET /store/image/cache/data/demo/canon_eos_5d_2-74x74.jpg HTTP/1.1" 200 2893 "http://5.45.183.91/store/index.php?route=product/product&path=20&product_id=42" "Mozilla/5.0 (X11; Linux x86_64; rv:21.0) Gecko/20100101 Firefox/21.0"
::1 - - [26/Jan/2014:18:19:08 +0300] "OPTIONS * HTTP/1.0" 200 - "-" "Apache/2.2.15 (CentOS) (internal dummy connection)"
117.192.75.241 - - [26/Jan/2014:18:18:51 +0300] "GET /store/piwik/index.php?module=Proxy&action=getCoreJs&cb=bc2ddb16f5fbcce455763c9775862a21 HTTP/1.1" 200 316400 "http://5.45.183.91/store/piwik/index.php?module=UsersManager&action=userSettings&idSite=1&period=day&date=yesterday" "Mozilla/5.0 (X11; Linux x86_64; rv:21.0) Gecko/20100101 Firefox/21.0"
117.192.75.241 - - [26/Jan/2014:18:18:51 +0300] "GET /store/piwik/index.php?module=Proxy&action=getNonCoreJs&cb=bc2ddb16f5fbcce455763c9775862a21 HTTP/1.1" 200 63 "http://5.45.183.91/store/piwik/index.php?module=UsersManager&action=userSettings&idSite=1&period=day&date=yesterday" "Mozilla/5.0 (X11; Linux x86_64; rv:21.0) Gecko/20100101 Firefox/21.0"
::1 - - [26/Jan/2014:18:19:11 +0300] "OPTIONS * HTTP/1.0" 200 - "-" "Apache/2.2.15 (CentOS) (internal dummy connection)"
117.192.75.241 - - [26/Jan/2014:18:19:11 +0300] "GET /store/image/cache/data/demo/hp_1-74x74.jpg HTTP/1.1" 200 2087 "http://5.45.183.91/store/index.php?route=product/product&path=20&product_id=42" "Mozilla/5.0 (X11; Linux x86_64; rv:21.0) Gecko/20100101 Firefox/21.0"
117.192.75.241 - - [26/Jan/2014:18:19:11 +0300] "GET /store/catalog/view/theme/default/image/stars-0.png HTTP/1.1" 200 553 "http://5.45.183.91/store/index.php?route=product/product&path=20&product_id=42" "Mozilla/5.0 (X11; Linux x86_64; rv:21.0) Gecko/20100101 Firefox/21.0"
117.192.75.241 - - [26/Jan/2014:18:19:12 +0300] "GET /store/index.php?route=product/product/captcha HTTP/1.1" 200 2527 "http://5.45.183.91/store/index.php?route=product/product&path=20&product_id=42" "Mozilla/5.0 (X11; Linux x86_64; rv:21.0) Gecko/20100101 Firefox/21.0"
117.192.75.241 - - [26/Jan/2014:18:19:12 +0300] "GET /store/image/cache/data/demo/imac_1-80x80.jpg HTTP/1.1" 200 1870 "http://5.45.183.91/store/index.php?route=product/product&path=20&product_id=42" "Mozilla/5.0 (X11; Linux x86_64; rv:21.0) Gecko/20100101 Firefox/21.0"
::1 - - [26/Jan/2014:18:19:13 +0300] "OPTIONS * HTTP/1.0" 200 - "-" "Apache/2.2.15 (CentOS) (internal dummy connection)"
117.192.75.241 - - [26/Jan/2014:18:19:13 +0300] "GET /store/catalog/view/javascript/jquery/ui/jquery-ui-timepicker-addon.js HTTP/1.1" 200 38241 "http://5.45.183.91/store/index.php?route=product/product&path=20&product_id=42" "Mozilla/5.0 (X11; Linux x86_64; rv:21.0) Gecko/20100101 Firefox/21.0"
117.192.75.241 - - [26/Jan/2014:18:19:13 +0300] "GET /store/catalog/view/javascript/jquery/ajaxupload.js HTTP/1.1" 200 25944 "http://5.45.183.91/store/index.php?route=product/product&path=20&product_id=42" "Mozilla/5.0 (X11; Linux x86_64; rv:21.0) Gecko/20100101 Firefox/21.0"
117.192.75.241 - - [26/Jan/2014:18:18:44 +0300] "GET /store/piwik/index.php?module=Proxy&action=getCss&cb=bc2ddb16f5fbcce455763c9775862a21 HTTP/1.1" 200 33943 "http://5.45.183.91/store/piwik/index.php?module=UsersManager&action=userSettings&idSite=1&period=day&date=yesterday" "Mozilla/5.0 (X11; Linux x86_64; rv:21.0) Gecko/20100101 Firefox/21.0"
::1 - - [26/Jan/2014:18:19:18 +0300] "OPTIONS * HTTP/1.0" 200 - "-" "Apache/2.2.15 (CentOS) (internal dummy connection)"
117.192.75.241 - - [26/Jan/2014:18:19:18 +0300] "GET /store/piwik/plugins/Morpheus/images/forms-sprite.png HTTP/1.1" 200 1758 "http://5.45.183.91/store/piwik/index.php?module=Proxy&action=getCss&cb=bc2ddb16f5fbcce455763c9775862a21" "Mozilla/5.0 (X11; Linux x86_64; rv:21.0) Gecko/20100101 Firefox/21.0"
117.192.75.241 - - [26/Jan/2014:18:19:19 +0300] "GET /store/index.php?route=product/product/review&product_id=42 HTTP/1.1" 200 67 "http://5.45.183.91/store/index.php?route=product/product&path=20&product_id=42" "Mozilla/5.0 (X11; Linux x86_64; rv:21.0) Gecko/20100101 Firefox/21.0"
117.192.75.241 - - [26/Jan/2014:18:19:20 +0300] "GET /store/catalog/view/theme/default/image/tab.png HTTP/1.1" 200 196 "http://5.45.183.91/store/catalog/view/theme/default/stylesheet/stylesheet.css" "Mozilla/5.0 (X11; Linux x86_64; rv:21.0) Gecko/20100101 Firefox/21.0"
106.51.175.107 - - [26/Jan/2014:18:22:53 +0300] "GET /store/piwik/index.php?module=CoreHome&action=index&idSite=1&period=day&date=yesterday HTTP/1.1" 302 - "http://5.45.183.91/store/piwik/index.php?module=SitesManager&action=index&idSite=1&period=day&date=yesterday" "Mozilla/5.0 (Macintosh; Intel Mac OS X 10_7_5) AppleWebKit/537.36 (KHTML, like Gecko) Chrome/32.0.1700.77 Safari/537.36"
106.51.175.107 - - [26/Jan/2014:18:22:53 +0300] "GET /store/piwik/index.php?module=CoreHome&action=index&idSite=1&period=day&date=today HTTP/1.1" 200 63143 "http://5.45.183.91/store/piwik/index.php?module=SitesManager&action=index&idSite=1&period=day&date=yesterday" "Mozilla/5.0 (Macintosh; Intel Mac OS X 10_7_5) AppleWebKit/537.36 (KHTML, like Gecko) Chrome/32.0.1700.77 Safari/537.36"
106.51.175.107 - - [26/Jan/2014:18:22:55 +0300] "POST /store/piwik/index.php?date=today&module=Dashboard&action=embeddedIndex&idSite=1&period=day&idDashboard=1 HTTP/1.1" 200 17191 "http://5.45.183.91/store/piwik/index.php?module=CoreHome&action=index&idSite=1&period=day&date=today" "Mozilla/5.0 (Macintosh; Intel Mac OS X 10_7_5) AppleWebKit/537.36 (KHTML, like Gecko) Chrome/32.0.1700.77 Safari/537.36"
106.51.175.107 - - [26/Jan/2014:18:22:57 +0300] "POST /store/piwik/index.php?date=2014-01-26&module=Live&action=widget&widget=1&idSite=1&period=day HTTP/1.1" 200 2802 "http://5.45.183.91/store/piwik/index.php?module=CoreHome&action=index&idSite=1&period=day&date=today" "Mozilla/5.0 (Macintosh; Intel Mac OS X 10_7_5) AppleWebKit/537.36 (KHTML, like Gecko) Chrome/32.0.1700.77 Safari/537.36"
106.51.175.107 - - [26/Jan/2014:18:22:57 +0300] "POST /store/piwik/index.php?date=2014-01-26&module=CoreHome&action=getDonateForm&widget=1&idSite=1&period=day HTTP/1.1" 200 3004 "http://5.45.183.91/store/piwik/index.php?module=CoreHome&action=index&idSite=1&period=day&date=today" "Mozilla/5.0 (Macintosh; Intel Mac OS X 10_7_5) AppleWebKit/537.36 (KHTML, like Gecko) Chrome/32.0.1700.77 Safari/537.36"
106.51.175.107 - - [26/Jan/2014:18:22:57 +0300] "POST /store/piwik/index.php?date=2014-01-26&module=VisitorInterest&action=getNumberOfVisitsPerVisitDuration&widget=1&idSite=1&period=day HTTP/1.1" 200 6205 "http://5.45.183.91/store/piwik/index.php?module=CoreHome&action=index&idSite=1&period=day&date=today" "Mozilla/5.0 (Macintosh; Intel Mac OS X 10_7_5) AppleWebKit/537.36 (KHTML, like Gecko) Chrome/32.0.1700.77 Safari/537.36"
106.51.175.107 - - [26/Jan/2014:18:22:57 +0300] "POST /store/piwik/index.php?date=2014-01-26&module=VisitsSummary&action=getEvolutionGraph&columns=nb_visits&widget=1&idSite=1&period=day HTTP/1.1" 200 12378 "http://5.45.183.91/store/piwik/index.php?module=CoreHome&action=index&idSite=1&period=day&date=today" "Mozilla/5.0 (Macintosh; Intel Mac OS X 10_7_5) AppleWebKit/537.36 (KHTML, like Gecko) Chrome/32.0.1700.77 Safari/537.36"
106.51.175.107 - - [26/Jan/2014:18:22:57 +0300] "POST /store/piwik/index.php?date=2014-01-26&module=Referrers&action=getKeywords&widget=1&idSite=1&period=day HTTP/1.1" 200 7599 "http://5.45.183.91/store/piwik/index.php?module=CoreHome&action=index&idSite=1&period=day&date=today" "Mozilla/5.0 (Macintosh; Intel Mac OS X 10_7_5) AppleWebKit/537.36 (KHTML, like Gecko) Chrome/32.0.1700.77 Safari/537.36"
106.51.175.107 - - [26/Jan/2014:18:22:57 +0300] "POST /store/piwik/index.php?date=2014-01-26&module=Referrers&action=getWebsites&widget=1&idSite=1&period=day HTTP/1.1" 200 7539 "http://5.45.183.91/store/piwik/index.php?module=CoreHome&action=index&idSite=1&period=day&date=today" "Mozilla/5.0 (Macintosh; Intel Mac OS X 10_7_5) AppleWebKit/537.36 (KHTML, like Gecko) Chrome/32.0.1700.77 Safari/537.36"
106.51.175.107 - - [26/Jan/2014:18:23:00 +0300] "POST /store/piwik/index.php?date=2014-01-26&module=UserSettings&action=getBrowser&widget=1&idSite=1&period=day HTTP/1.1" 200 7428 "http://5.45.183.91/store/piwik/index.php?module=CoreHome&action=index&idSite=1&period=day&date=today" "Mozilla/5.0 (Macintosh; Intel Mac OS X 10_7_5) AppleWebKit/537.36 (KHTML, like Gecko) Chrome/32.0.1700.77 Safari/537.36"
106.51.175.107 - - [26/Jan/2014:18:23:00 +0300] "POST /store/piwik/index.php?date=2014-01-26&module=UserCountryMap&action=visitorMap&widget=1&idSite=1&period=day HTTP/1.1" 200 4249 "http://5.45.183.91/store/piwik/index.php?module=CoreHome&action=index&idSite=1&period=day&date=today" "Mozilla/5.0 (Macintosh; Intel Mac OS X 10_7_5) AppleWebKit/537.36 (KHTML, like Gecko) Chrome/32.0.1700.77 Safari/537.36"
106.51.175.107 - - [26/Jan/2014:18:23:00 +0300] "POST /store/piwik/index.php?date=2014-01-26&module=VisitTime&action=getVisitInformationPerServerTime&widget=1&idSite=1&period=day HTTP/1.1" 200 9049 "http://5.45.183.91/store/piwik/index.php?module=CoreHome&action=index&idSite=1&period=day&date=today" "Mozilla/5.0 (Macintosh; Intel Mac OS X 10_7_5) AppleWebKit/537.36 (KHTML, like Gecko) Chrome/32.0.1700.77 Safari/537.36"
106.51.175.107 - - [26/Jan/2014:18:23:00 +0300] "POST /store/piwik/index.php?date=2014-01-26&module=Dashboard&action=getAllDashboards&idSite=1&period=day HTTP/1.1" 200 2 "http://5.45.183.91/store/piwik/index.php?module=CoreHome&action=index&idSite=1&period=day&date=today" "Mozilla/5.0 (Macintosh; Intel Mac OS X 10_7_5) AppleWebKit/537.36 (KHTML, like Gecko) Chrome/32.0.1700.77 Safari/537.36"
106.51.175.107 - - [26/Jan/2014:18:23:00 +0300] "POST /store/piwik/index.php?date=2014-01-26&module=ExampleRssWidget&action=rssPiwik&widget=1&idSite=1&period=day HTTP/1.1" 200 2634 "http://5.45.183.91/store/piwik/index.php?module=CoreHome&action=index&idSite=1&period=day&date=today" "Mozilla/5.0 (Macintosh; Intel Mac OS X 10_7_5) AppleWebKit/537.36 (KHTML, like Gecko) Chrome/32.0.1700.77 Safari/537.36"
106.51.175.107 - - [26/Jan/2014:18:23:00 +0300] "POST /store/piwik/index.php?date=2014-01-26&module=Referrers&action=getSearchEngines&widget=1&idSite=1&period=day HTTP/1.1" 200 7398 "http://5.45.183.91/store/piwik/index.php?module=CoreHome&action=index&idSite=1&period=day&date=today" "Mozilla/5.0 (Macintosh; Intel Mac OS X 10_7_5) AppleWebKit/537.36 (KHTML, like Gecko) Chrome/32.0.1700.77 Safari/537.36"
::1 - - [26/Jan/2014:18:23:03 +0300] "OPTIONS * HTTP/1.0" 200 - "-" "Apache/2.2.15 (CentOS) (internal dummy connection)"
106.51.175.107 - - [26/Jan/2014:18:23:05 +0300] "POST /store/piwik/index.php?date=2014-01-26&module=Live&action=getLastVisitsStart&segment=&idSite=1&period=day HTTP/1.1" 200 297 "http://5.45.183.91/store/piwik/index.php?module=CoreHome&action=index&idSite=1&period=day&date=today" "Mozilla/5.0 (Macintosh; Intel Mac OS X 10_7_5) AppleWebKit/537.36 (KHTML, like Gecko) Chrome/32.0.1700.77 Safari/537.36"
106.51.175.107 - - [26/Jan/2014:18:23:05 +0300] "POST /store/piwik/index.php?date=2014-01-26&module=Annotations&action=getEvolutionIcons&idSite=1&period=day&lastN=30 HTTP/1.1" 200 7997 "http://5.45.183.91/store/piwik/index.php?module=CoreHome&action=index&idSite=1&period=day&date=today" "Mozilla/5.0 (Macintosh; Intel Mac OS X 10_7_5) AppleWebKit/537.36 (KHTML, like Gecko) Chrome/32.0.1700.77 Safari/537.36"
::1 - - [26/Jan/2014:18:23:06 +0300] "OPTIONS * HTTP/1.0" 200 - "-" "Apache/2.2.15 (CentOS) (internal dummy connection)"
106.51.175.107 - - [26/Jan/2014:18:23:07 +0300] "POST /store/piwik/index.php?date=today&module=VisitsSummary&action=index&idSite=1&period=day HTTP/1.1" 200 19478 "http://5.45.183.91/store/piwik/index.php?module=CoreHome&action=index&idSite=1&period=day&date=today" "Mozilla/5.0 (Macintosh; Intel Mac OS X 10_7_5) AppleWebKit/537.36 (KHTML, like Gecko) Chrome/32.0.1700.77 Safari/537.36"
106.51.175.107 - - [26/Jan/2014:18:23:08 +0300] "GET /store/piwik/index.php?date=2013-12-28,2014-01-26&module=VisitsSummary&action=getEvolutionGraph&idSite=1&period=day&viewDataTable=sparkline&columns=avg_time_on_site&colors=%7B%22backgroundColor%22%3A%22%23ffffff%22%2C%22lineColor%22%3A%22%23162c4a%22%2C%22minPointColor%22%3A%22%23ff7f7f%22%2C%22maxPointColor%22%3A%22%2375bf7c%22%2C%22lastPointColor%22%3A%22%2355aaff%22%7D HTTP/1.1" 200 224 "http://5.45.183.91/store/piwik/index.php?module=CoreHome&action=index&idSite=1&period=day&date=today" "Mozilla/5.0 (Macintosh; Intel Mac OS X 10_7_5) AppleWebKit/537.36 (KHTML, like Gecko) Chrome/32.0.1700.77 Safari/537.36"
106.51.175.107 - - [26/Jan/2014:18:23:08 +0300] "POST /store/piwik/index.php?date=today&module=Annotations&action=getEvolutionIcons&idSite=1&period=day&lastN=30 HTTP/1.1" 200 7997 "http://5.45.183.91/store/piwik/index.php?module=CoreHome&action=index&idSite=1&period=day&date=today" "Mozilla/5.0 (Macintosh; Intel Mac OS X 10_7_5) AppleWebKit/537.36 (KHTML, like Gecko) Chrome/32.0.1700.77 Safari/537.36"
106.51.175.107 - - [26/Jan/2014:18:23:08 +0300] "GET /store/piwik/index.php?date=2013-12-28,2014-01-26&module=VisitsSummary&action=getEvolutionGraph&idSite=1&period=day&viewDataTable=sparkline&columns=nb_visits%2Cnb_uniq_visitors&colors=%7B%22backgroundColor%22%3A%22%23ffffff%22%2C%22lineColor%22%3A%22%23162c4a%22%2C%22minPointColor%22%3A%22%23ff7f7f%22%2C%22maxPointColor%22%3A%22%2375bf7c%22%2C%22lastPointColor%22%3A%22%2355aaff%22%7D HTTP/1.1" 200 224 "http://5.45.183.91/store/piwik/index.php?module=CoreHome&action=index&idSite=1&period=day&date=today" "Mozilla/5.0 (Macintosh; Intel Mac OS X 10_7_5) AppleWebKit/537.36 (KHTML, like Gecko) Chrome/32.0.1700.77 Safari/537.36"
106.51.175.107 - - [26/Jan/2014:18:23:08 +0300] "GET /store/piwik/index.php?date=2013-12-28,2014-01-26&module=VisitsSummary&action=getEvolutionGraph&idSite=1&period=day&viewDataTable=sparkline&columns=bounce_rate&colors=%7B%22backgroundColor%22%3A%22%23ffffff%22%2C%22lineColor%22%3A%22%23162c4a%22%2C%22minPointColor%22%3A%22%23ff7f7f%22%2C%22maxPointColor%22%3A%22%2375bf7c%22%2C%22lastPointColor%22%3A%22%2355aaff%22%7D HTTP/1.1" 200 224 "http://5.45.183.91/store/piwik/index.php?module=CoreHome&action=index&idSite=1&period=day&date=today" "Mozilla/5.0 (Macintosh; Intel Mac OS X 10_7_5) AppleWebKit/537.36 (KHTML, like Gecko) Chrome/32.0.1700.77 Safari/537.36"
106.51.175.107 - - [26/Jan/2014:18:23:08 +0300] "GET /store/piwik/index.php?date=2013-12-28,2014-01-26&module=VisitsSummary&action=getEvolutionGraph&idSite=1&period=day&viewDataTable=sparkline&columns=nb_actions_per_visit&colors=%7B%22backgroundColor%22%3A%22%23ffffff%22%2C%22lineColor%22%3A%22%23162c4a%22%2C%22minPointColor%22%3A%22%23ff7f7f%22%2C%22maxPointColor%22%3A%22%2375bf7c%22%2C%22lastPointColor%22%3A%22%2355aaff%22%7D HTTP/1.1" 200 224 "http://5.45.183.91/store/piwik/index.php?module=CoreHome&action=index&idSite=1&period=day&date=today" "Mozilla/5.0 (Macintosh; Intel Mac OS X 10_7_5) AppleWebKit/537.36 (KHTML, like Gecko) Chrome/32.0.1700.77 Safari/537.36"
106.51.175.107 - - [26/Jan/2014:18:23:09 +0300] "GET /store/piwik/index.php?date=2013-12-28,2014-01-26&module=VisitsSummary&action=getEvolutionGraph&idSite=1&period=day&viewDataTable=sparkline&columns=avg_time_generation&colors=%7B%22backgroundColor%22%3A%22%23ffffff%22%2C%22lineColor%22%3A%22%23162c4a%22%2C%22minPointColor%22%3A%22%23ff7f7f%22%2C%22maxPointColor%22%3A%22%2375bf7c%22%2C%22lastPointColor%22%3A%22%2355aaff%22%7D HTTP/1.1" 200 224 "http://5.45.183.91/store/piwik/index.php?module=CoreHome&action=index&idSite=1&period=day&date=today" "Mozilla/5.0 (Macintosh; Intel Mac OS X 10_7_5) AppleWebKit/537.36 (KHTML, like Gecko) Chrome/32.0.1700.77 Safari/537.36"
106.51.175.107 - - [26/Jan/2014:18:23:11 +0300] "GET /store/piwik/plugins/Morpheus/images/help.png HTTP/1.1" 200 1297 "http://5.45.183.91/store/piwik/index.php?module=CoreHome&action=index&idSite=1&period=day&date=today" "Mozilla/5.0 (Macintosh; Intel Mac OS X 10_7_5) AppleWebKit/537.36 (KHTML, like Gecko) Chrome/32.0.1700.77 Safari/537.36"
106.51.175.107 - - [26/Jan/2014:18:23:11 +0300] "GET /store/piwik/index.php?date=2013-12-28,2014-01-26&module=VisitsSummary&action=getEvolutionGraph&idSite=1&period=day&viewDataTable=sparkline&columns=max_actions&colors=%7B%22backgroundColor%22%3A%22%23ffffff%22%2C%22lineColor%22%3A%22%23162c4a%22%2C%22minPointColor%22%3A%22%23ff7f7f%22%2C%22maxPointColor%22%3A%22%2375bf7c%22%2C%22lastPointColor%22%3A%22%2355aaff%22%7D HTTP/1.1" 200 224 "http://5.45.183.91/store/piwik/index.php?module=CoreHome&action=index&idSite=1&period=day&date=today" "Mozilla/5.0 (Macintosh; Intel Mac OS X 10_7_5) AppleWebKit/537.36 (KHTML, like Gecko) Chrome/32.0.1700.77 Safari/537.36"
106.51.175.107 - - [26/Jan/2014:18:23:11 +0300] "GET /store/piwik/index.php?date=2013-12-28,2014-01-26&module=VisitsSummary&action=getEvolutionGraph&idSite=1&period=day&viewDataTable=sparkline&columns=nb_downloads%2Cnb_uniq_downloads&colors=%7B%22backgroundColor%22%3A%22%23ffffff%22%2C%22lineColor%22%3A%22%23162c4a%22%2C%22minPointColor%22%3A%22%23ff7f7f%22%2C%22maxPointColor%22%3A%22%2375bf7c%22%2C%22lastPointColor%22%3A%22%2355aaff%22%7D HTTP/1.1" 200 224 "http://5.45.183.91/store/piwik/index.php?module=CoreHome&action=index&idSite=1&period=day&date=today" "Mozilla/5.0 (Macintosh; Intel Mac OS X 10_7_5) AppleWebKit/537.36 (KHTML, like Gecko) Chrome/32.0.1700.77 Safari/537.36"
106.51.175.107 - - [26/Jan/2014:18:23:11 +0300] "GET /store/piwik/index.php?date=2013-12-28,2014-01-26&module=VisitsSummary&action=getEvolutionGraph&idSite=1&period=day&viewDataTable=sparkline&columns=nb_outlinks%2Cnb_uniq_outlinks&colors=%7B%22backgroundColor%22%3A%22%23ffffff%22%2C%22lineColor%22%3A%22%23162c4a%22%2C%22minPointColor%22%3A%22%23ff7f7f%22%2C%22maxPointColor%22%3A%22%2375bf7c%22%2C%22lastPointColor%22%3A%22%2355aaff%22%7D HTTP/1.1" 200 224 "http://5.45.183.91/store/piwik/index.php?module=CoreHome&action=index&idSite=1&period=day&date=today" "Mozilla/5.0 (Macintosh; Intel Mac OS X 10_7_5) AppleWebKit/537.36 (KHTML, like Gecko) Chrome/32.0.1700.77 Safari/537.36"
106.51.175.107 - - [26/Jan/2014:18:23:11 +0300] "GET /store/piwik/index.php?date=2013-12-28,2014-01-26&module=VisitsSummary&action=getEvolutionGraph&idSite=1&period=day&viewDataTable=sparkline&columns=nb_searches%2Cnb_keywords&colors=%7B%22backgroundColor%22%3A%22%23ffffff%22%2C%22lineColor%22%3A%22%23162c4a%22%2C%22minPointColor%22%3A%22%23ff7f7f%22%2C%22maxPointColor%22%3A%22%2375bf7c%22%2C%22lastPointColor%22%3A%22%2355aaff%22%7D HTTP/1.1" 200 224 "http://5.45.183.91/store/piwik/index.php?module=CoreHome&action=index&idSite=1&period=day&date=today" "Mozilla/5.0 (Macintosh; Intel Mac OS X 10_7_5) AppleWebKit/537.36 (KHTML, like Gecko) Chrome/32.0.1700.77 Safari/537.36"
106.51.175.107 - - [26/Jan/2014:18:23:11 +0300] "GET /store/piwik/index.php?date=2013-12-28,2014-01-26&module=VisitsSummary&action=getEvolutionGraph&idSite=1&period=day&viewDataTable=sparkline&columns=nb_pageviews%2Cnb_uniq_pageviews&colors=%7B%22backgroundColor%22%3A%22%23ffffff%22%2C%22lineColor%22%3A%22%23162c4a%22%2C%22minPointColor%22%3A%22%23ff7f7f%22%2C%22maxPointColor%22%3A%22%2375bf7c%22%2C%22lastPointColor%22%3A%22%2355aaff%22%7D HTTP/1.1" 200 224 "http://5.45.183.91/store/piwik/index.php?module=CoreHome&action=index&idSite=1&period=day&date=today" "Mozilla/5.0 (Macintosh; Intel Mac OS X 10_7_5) AppleWebKit/537.36 (KHTML, like Gecko) Chrome/32.0.1700.77 Safari/537.36"
::1 - - [26/Jan/2014:18:23:13 +0300] "OPTIONS * HTTP/1.0" 200 - "-" "Apache/2.2.15 (CentOS) (internal dummy connection)"
::1 - - [26/Jan/2014:18:23:14 +0300] "OPTIONS * HTTP/1.0" 200 - "-" "Apache/2.2.15 (CentOS) (internal dummy connection)"
106.51.175.107 - - [26/Jan/2014:18:23:26 +0300] "GET /store/piwik/index.php?module=MultiSites&action=index&idSite=1&period=day&date=today HTTP/1.1" 200 30528 "http://5.45.183.91/store/piwik/index.php?module=CoreHome&action=index&idSite=1&period=day&date=today" "Mozilla/5.0 (Macintosh; Intel Mac OS X 10_7_5) AppleWebKit/537.36 (KHTML, like Gecko) Chrome/32.0.1700.77 Safari/537.36"
106.51.175.107 - - [26/Jan/2014:18:23:27 +0300] "GET /store/piwik/plugins/Morpheus/images/sortdesc.png HTTP/1.1" 200 980 "http://5.45.183.91/store/piwik/index.php?module=MultiSites&action=index&idSite=1&period=day&date=today" "Mozilla/5.0 (Macintosh; Intel Mac OS X 10_7_5) AppleWebKit/537.36 (KHTML, like Gecko) Chrome/32.0.1700.77 Safari/537.36"
106.51.175.107 - - [26/Jan/2014:18:23:27 +0300] "GET /store/piwik/plugins/MultiSites/images/stop.png HTTP/1.1" 200 307 "http://5.45.183.91/store/piwik/index.php?module=MultiSites&action=index&idSite=1&period=day&date=today" "Mozilla/5.0 (Macintosh; Intel Mac OS X 10_7_5) AppleWebKit/537.36 (KHTML, like Gecko) Chrome/32.0.1700.77 Safari/537.36"
106.51.175.107 - - [26/Jan/2014:18:23:27 +0300] "GET /store/piwik/plugins/MultiSites/images/link.gif HTTP/1.1" 200 75 "http://5.45.183.91/store/piwik/index.php?module=MultiSites&action=index&idSite=1&period=day&date=today" "Mozilla/5.0 (Macintosh; Intel Mac OS X 10_7_5) AppleWebKit/537.36 (KHTML, like Gecko) Chrome/32.0.1700.77 Safari/537.36"
106.51.175.107 - - [26/Jan/2014:18:23:27 +0300] "GET /store/piwik/index.php?module=MultiSites&action=getEvolutionGraph&period=day&date=2013-12-28,2014-01-26&evolutionBy=visits&columns=nb_visits&idSite=1&idsite=1&viewDataTable=sparkline&colors=%7B%22backgroundColor%22%3A%22%23ffffff%22%2C%22lineColor%22%3A%22%23162c4a%22%2C%22minPointColor%22%3A%22%23ff7f7f%22%2C%22maxPointColor%22%3A%22%2375bf7c%22%2C%22lastPointColor%22%3A%22%2355aaff%22%7D HTTP/1.1" 200 224 "http://5.45.183.91/store/piwik/index.php?module=MultiSites&action=index&idSite=1&period=day&date=today" "Mozilla/5.0 (Macintosh; Intel Mac OS X 10_7_5) AppleWebKit/537.36 (KHTML, like Gecko) Chrome/32.0.1700.77 Safari/537.36"
106.51.175.107 - - [26/Jan/2014:18:23:40 +0300] "GET /store/index.php?route=product/category&path=20_26 HTTP/1.1" 200 22351 "http://5.45.183.91/store/" "Mozilla/5.0 (Macintosh; Intel Mac OS X 10_7_5) AppleWebKit/537.36 (KHTML, like Gecko) Chrome/32.0.1700.77 Safari/537.36"
106.51.175.107 - - [26/Jan/2014:18:23:41 +0300] "GET /store/catalog/view/javascript/jquery/jquery.total-storage.min.js HTTP/1.1" 200 2564 "http://5.45.183.91/store/index.php?route=product/category&path=20_26" "Mozilla/5.0 (Macintosh; Intel Mac OS X 10_7_5) AppleWebKit/537.36 (KHTML, like Gecko) Chrome/32.0.1700.77 Safari/537.36"
106.51.175.107 - - [26/Jan/2014:18:23:41 +0300] "GET /store/catalog/view/javascript/jquery/jquery.cycle.js HTTP/1.1" 200 3880 "http://5.45.183.91/store/index.php?route=product/category&path=20_26" "Mozilla/5.0 (Macintosh; Intel Mac OS X 10_7_5) AppleWebKit/537.36 (KHTML, like Gecko) Chrome/32.0.1700.77 Safari/537.36"
106.51.175.107 - - [26/Jan/2014:18:23:41 +0300] "GET /store/image/cache/data/demo/hp_banner-182x182.jpg HTTP/1.1" 200 9268 "http://5.45.183.91/store/index.php?route=product/category&path=20_26" "Mozilla/5.0 (Macintosh; Intel Mac OS X 10_7_5) AppleWebKit/537.36 (KHTML, like Gecko) Chrome/32.0.1700.77 Safari/537.36"
106.51.175.107 - - [26/Jan/2014:18:23:43 +0300] "GET /store/index.php?route=product/category&path=20_27 HTTP/1.1" 200 26224 "http://5.45.183.91/store/index.php?route=product/category&path=20_26" "Mozilla/5.0 (Macintosh; Intel Mac OS X 10_7_5) AppleWebKit/537.36 (KHTML, like Gecko) Chrome/32.0.1700.77 Safari/537.36"
106.51.175.107 - - [26/Jan/2014:18:23:44 +0300] "GET /store/image/cache/data/demo/imac_1-80x80.jpg HTTP/1.1" 200 1870 "http://5.45.183.91/store/index.php?route=product/category&path=20_27" "Mozilla/5.0 (Macintosh; Intel Mac OS X 10_7_5) AppleWebKit/537.36 (KHTML, like Gecko) Chrome/32.0.1700.77 Safari/537.36"
106.51.175.107 - - [26/Jan/2014:18:23:44 +0300] "GET /store/catalog/view/theme/default/image/add.png HTTP/1.1" 200 209 "http://5.45.183.91/store/index.php?route=product/category&path=20_27" "Mozilla/5.0 (Macintosh; Intel Mac OS X 10_7_5) AppleWebKit/537.36 (KHTML, like Gecko) Chrome/32.0.1700.77 Safari/537.36"
106.51.175.107 - - [26/Jan/2014:18:23:46 +0300] "GET /store/index.php?route=product/compare HTTP/1.1" 200 12067 "http://5.45.183.91/store/index.php?route=product/category&path=20_27" "Mozilla/5.0 (Macintosh; Intel Mac OS X 10_7_5) AppleWebKit/537.36 (KHTML, like Gecko) Chrome/32.0.1700.77 Safari/537.36"
106.51.175.107 - - [26/Jan/2014:18:23:51 +0300] "GET /store/piwik/index.php?module=MultiSites&action=index&idSite=1&period=day&date=today HTTP/1.1" 200 30528 "http://5.45.183.91/store/piwik/index.php?module=CoreHome&action=index&idSite=1&period=day&date=today" "Mozilla/5.0 (Macintosh; Intel Mac OS X 10_7_5) AppleWebKit/537.36 (KHTML, like Gecko) Chrome/32.0.1700.77 Safari/537.36"
106.51.175.107 - - [26/Jan/2014:18:23:52 +0300] "GET /store/piwik/plugins/Morpheus/images/logo.svg HTTP/1.1" 304 - "http://5.45.183.91/store/piwik/index.php" "Mozilla/5.0 (Macintosh; Intel Mac OS X 10_7_5) AppleWebKit/537.36 (KHTML, like Gecko) Chrome/32.0.1700.77 Safari/537.36"
106.51.175.107 - - [26/Jan/2014:18:23:52 +0300] "GET /store/piwik/index.php?module=Proxy&action=getNonCoreJs&cb=4534793a074460ed89143249f239e2cc HTTP/1.1" 304 - "http://5.45.183.91/store/piwik/index.php?module=CoreHome&action=index&idSite=1&period=day&date=today" "Mozilla/5.0 (Macintosh; Intel Mac OS X 10_7_5) AppleWebKit/537.36 (KHTML, like Gecko) Chrome/32.0.1700.77 Safari/537.36"
106.51.175.107 - - [26/Jan/2014:18:23:52 +0300] "GET /store/piwik/index.php?module=Proxy&action=getCoreJs&cb=4534793a074460ed89143249f239e2cc HTTP/1.1" 304 - "http://5.45.183.91/store/piwik/index.php?module=MultiSites&action=index&idSite=1&period=day&date=today" "Mozilla/5.0 (Macintosh; Intel Mac OS X 10_7_5) AppleWebKit/537.36 (KHTML, like Gecko) Chrome/32.0.1700.77 Safari/537.36"
106.51.175.107 - - [26/Jan/2014:18:23:52 +0300] "GET /store/piwik/index.php?module=Proxy&action=getCss&cb=4534793a074460ed89143249f239e2cc HTTP/1.1" 304 - "http://5.45.183.91/store/piwik/index.php" "Mozilla/5.0 (Macintosh; Intel Mac OS X 10_7_5) AppleWebKit/537.36 (KHTML, like Gecko) Chrome/32.0.1700.77 Safari/537.36"
106.51.175.107 - - [26/Jan/2014:18:23:52 +0300] "GET /store/piwik/plugins/Morpheus/images/loading-blue.gif HTTP/1.1" 304 - "http://5.45.183.91/store/piwik/index.php" "Mozilla/5.0 (Macintosh; Intel Mac OS X 10_7_5) AppleWebKit/537.36 (KHTML, like Gecko) Chrome/32.0.1700.77 Safari/537.36"
106.51.175.107 - - [26/Jan/2014:18:23:53 +0300] "GET /store/piwik/plugins/Zeitgeist/images/reload.png HTTP/1.1" 304 - "http://5.45.183.91/store/piwik/index.php?module=CoreHome&action=index&idSite=1&period=day&date=today" "Mozilla/5.0 (Macintosh; Intel Mac OS X 10_7_5) AppleWebKit/537.36 (KHTML, like Gecko) Chrome/32.0.1700.77 Safari/537.36"
106.51.175.107 - - [26/Jan/2014:18:23:53 +0300] "GET /store/piwik/index.php?module=Proxy&action=getNonCoreJs&cb=4534793a074460ed89143249f239e2cc HTTP/1.1" 304 - "http://5.45.183.91/store/piwik/index.php?module=MultiSites&action=index&idSite=1&period=day&date=today" "Mozilla/5.0 (Macintosh; Intel Mac OS X 10_7_5) AppleWebKit/537.36 (KHTML, like Gecko) Chrome/32.0.1700.77 Safari/537.36"
106.51.175.107 - - [26/Jan/2014:18:23:54 +0300] "GET /store/piwik/plugins/MultiSites/images/link.gif HTTP/1.1" 304 - "http://5.45.183.91/store/piwik/index.php?module=MultiSites&action=index&idSite=1&period=day&date=today" "Mozilla/5.0 (Macintosh; Intel Mac OS X 10_7_5) AppleWebKit/537.36 (KHTML, like Gecko) Chrome/32.0.1700.77 Safari/537.36"
106.51.175.107 - - [26/Jan/2014:18:23:54 +0300] "GET /store/piwik/plugins/MultiSites/images/stop.png HTTP/1.1" 304 - "http://5.45.183.91/store/piwik/index.php?module=MultiSites&action=index&idSite=1&period=day&date=today" "Mozilla/5.0 (Macintosh; Intel Mac OS X 10_7_5) AppleWebKit/537.36 (KHTML, like Gecko) Chrome/32.0.1700.77 Safari/537.36"
106.51.175.107 - - [26/Jan/2014:18:23:54 +0300] "GET /store/piwik/plugins/Morpheus/images/add.png HTTP/1.1" 304 - "http://5.45.183.91/store/piwik/index.php?module=SitesManager&action=index&idSite=1&period=day&date=yesterday" "Mozilla/5.0 (Macintosh; Intel Mac OS X 10_7_5) AppleWebKit/537.36 (KHTML, like Gecko) Chrome/32.0.1700.77 Safari/537.36"
106.51.175.107 - - [26/Jan/2014:18:23:53 +0300] "GET /store/piwik/index.php?module=MultiSites&action=getEvolutionGraph&period=day&date=2013-12-28,2014-01-26&evolutionBy=visits&columns=nb_visits&idSite=1&idsite=1&viewDataTable=sparkline&colors=%7B%22backgroundColor%22%3A%22%23ffffff%22%2C%22lineColor%22%3A%22%23162c4a%22%2C%22minPointColor%22%3A%22%23ff7f7f%22%2C%22maxPointColor%22%3A%22%2375bf7c%22%2C%22lastPointColor%22%3A%22%2355aaff%22%7D HTTP/1.1" 200 224 "http://5.45.183.91/store/piwik/index.php?module=MultiSites&action=index&idSite=1&period=day&date=today" "Mozilla/5.0 (Macintosh; Intel Mac OS X 10_7_5) AppleWebKit/537.36 (KHTML, like Gecko) Chrome/32.0.1700.77 Safari/537.36"
106.51.175.107 - - [26/Jan/2014:18:23:57 +0300] "GET /store/piwik/index.php?module=MultiSites&action=getEvolutionGraph&period=day&date=2013-12-28,2014-01-26&evolutionBy=pageviews&columns=nb_pageviews&idSite=1&idsite=1&viewDataTable=sparkline&colors=%7B%22backgroundColor%22%3A%22%23ffffff%22%2C%22lineColor%22%3A%22%23162c4a%22%2C%22minPointColor%22%3A%22%23ff7f7f%22%2C%22maxPointColor%22%3A%22%2375bf7c%22%2C%22lastPointColor%22%3A%22%2355aaff%22%7D HTTP/1.1" 200 224 "http://5.45.183.91/store/piwik/index.php?module=MultiSites&action=index&idSite=1&period=day&date=today" "Mozilla/5.0 (Macintosh; Intel Mac OS X 10_7_5) AppleWebKit/537.36 (KHTML, like Gecko) Chrome/32.0.1700.77 Safari/537.36"
106.51.175.107 - - [26/Jan/2014:18:23:59 +0300] "GET /store/piwik/index.php?module=MultiSites&action=getEvolutionGraph&period=day&date=2013-12-28,2014-01-26&evolutionBy=revenue&columns=revenue&idSite=1&idsite=1&viewDataTable=sparkline&colors=%7B%22backgroundColor%22%3A%22%23ffffff%22%2C%22lineColor%22%3A%22%23162c4a%22%2C%22minPointColor%22%3A%22%23ff7f7f%22%2C%22maxPointColor%22%3A%22%2375bf7c%22%2C%22lastPointColor%22%3A%22%2355aaff%22%7D HTTP/1.1" 200 224 "http://5.45.183.91/store/piwik/index.php?module=MultiSites&action=index&idSite=1&period=day&date=today" "Mozilla/5.0 (Macintosh; Intel Mac OS X 10_7_5) AppleWebKit/537.36 (KHTML, like Gecko) Chrome/32.0.1700.77 Safari/537.36"
106.51.175.107 - - [26/Jan/2014:18:24:00 +0300] "GET /store/piwik/index.php?module=MultiSites&action=getEvolutionGraph&period=day&date=2013-12-28,2014-01-26&evolutionBy=visits&columns=nb_visits&idSite=1&idsite=1&viewDataTable=sparkline&colors=%7B%22backgroundColor%22%3A%22%23ffffff%22%2C%22lineColor%22%3A%22%23162c4a%22%2C%22minPointColor%22%3A%22%23ff7f7f%22%2C%22maxPointColor%22%3A%22%2375bf7c%22%2C%22lastPointColor%22%3A%22%2355aaff%22%7D HTTP/1.1" 200 224 "http://5.45.183.91/store/piwik/index.php?module=MultiSites&action=index&idSite=1&period=day&date=today" "Mozilla/5.0 (Macintosh; Intel Mac OS X 10_7_5) AppleWebKit/537.36 (KHTML, like Gecko) Chrome/32.0.1700.77 Safari/537.36"
106.51.175.107 - - [26/Jan/2014:18:24:33 +0300] "GET /store/admin/index.php?route=module/piwik&token=60c47e893ae67ddac42488899d9c0ed5 HTTP/1.1" 200 18972 "http://5.45.183.91/store/admin/index.php?route=extension/module&token=60c47e893ae67ddac42488899d9c0ed5" "Mozilla/5.0 (Macintosh; Intel Mac OS X 10_7_5) AppleWebKit/537.36 (KHTML, like Gecko) Chrome/32.0.1700.77 Safari/537.36"
106.51.175.107 - - [26/Jan/2014:18:28:54 +0300] "GET /store/piwik/index.php?module=MultiSites&action=index&idSite=1&period=day&date=today HTTP/1.1" 200 30528 "http://5.45.183.91/store/piwik/index.php?module=MultiSites&action=index&idSite=1&period=day&date=today" "Mozilla/5.0 (Macintosh; Intel Mac OS X 10_7_5) AppleWebKit/537.36 (KHTML, like Gecko) Chrome/32.0.1700.77 Safari/537.36"
106.51.175.107 - - [26/Jan/2014:18:28:55 +0300] "GET /store/piwik/plugins/Morpheus/images/logo.svg HTTP/1.1" 304 - "http://5.45.183.91/store/piwik/index.php" "Mozilla/5.0 (Macintosh; Intel Mac OS X 10_7_5) AppleWebKit/537.36 (KHTML, like Gecko) Chrome/32.0.1700.77 Safari/537.36"
106.51.175.107 - - [26/Jan/2014:18:28:55 +0300] "GET /store/piwik/index.php?module=Proxy&action=getCoreJs&cb=4534793a074460ed89143249f239e2cc HTTP/1.1" 304 - "http://5.45.183.91/store/piwik/index.php?module=MultiSites&action=index&idSite=1&period=day&date=today" "Mozilla/5.0 (Macintosh; Intel Mac OS X 10_7_5) AppleWebKit/537.36 (KHTML, like Gecko) Chrome/32.0.1700.77 Safari/537.36"
106.51.175.107 - - [26/Jan/2014:18:28:55 +0300] "GET /store/piwik/index.php?module=Proxy&action=getNonCoreJs&cb=4534793a074460ed89143249f239e2cc HTTP/1.1" 304 - "http://5.45.183.91/store/piwik/index.php?module=MultiSites&action=index&idSite=1&period=day&date=today" "Mozilla/5.0 (Macintosh; Intel Mac OS X 10_7_5) AppleWebKit/537.36 (KHTML, like Gecko) Chrome/32.0.1700.77 Safari/537.36"
106.51.175.107 - - [26/Jan/2014:18:28:55 +0300] "GET /store/piwik/index.php?module=Proxy&action=getCss&cb=4534793a074460ed89143249f239e2cc HTTP/1.1" 304 - "http://5.45.183.91/store/piwik/index.php" "Mozilla/5.0 (Macintosh; Intel Mac OS X 10_7_5) AppleWebKit/537.36 (KHTML, like Gecko) Chrome/32.0.1700.77 Safari/537.36"
106.51.175.107 - - [26/Jan/2014:18:28:56 +0300] "GET /store/piwik/plugins/Morpheus/images/loading-blue.gif HTTP/1.1" 304 - "http://5.45.183.91/store/piwik/index.php" "Mozilla/5.0 (Macintosh; Intel Mac OS X 10_7_5) AppleWebKit/537.36 (KHTML, like Gecko) Chrome/32.0.1700.77 Safari/537.36"
106.51.175.107 - - [26/Jan/2014:18:28:56 +0300] "GET /store/piwik/plugins/Zeitgeist/images/reload.png HTTP/1.1" 304 - "http://5.45.183.91/store/piwik/index.php?module=CoreHome&action=index&idSite=1&period=day&date=today" "Mozilla/5.0 (Macintosh; Intel Mac OS X 10_7_5) AppleWebKit/537.36 (KHTML, like Gecko) Chrome/32.0.1700.77 Safari/537.36"
